Component: ARM Compiler 5.06 update 5 (build 528) Tool: armlink [4d35e2]

==============================================================================

Section Cross References

    startup_stm32f103xb.o(RESET) refers to startup_stm32f103xb.o(STACK) for __initial_sp
    startup_stm32f103xb.o(RESET) refers to startup_stm32f103xb.o(.text) for Reset_Handler
    startup_stm32f103xb.o(RESET) refers to stm32f1xx_it.o(i.NMI_Handler) for NMI_Handler
    startup_stm32f103xb.o(RESET) refers to stm32f1xx_it.o(i.HardFault_Handler) for HardFault_Handler
    startup_stm32f103xb.o(RESET) refers to stm32f1xx_it.o(i.MemManage_Handler) for MemManage_Handler
    startup_stm32f103xb.o(RESET) refers to stm32f1xx_it.o(i.BusFault_Handler) for BusFault_Handler
    startup_stm32f103xb.o(RESET) refers to stm32f1xx_it.o(i.UsageFault_Handler) for UsageFault_Handler
    startup_stm32f103xb.o(RESET) refers to port_1.o(.emb_text) for SVC_Handler
    startup_stm32f103xb.o(RESET) refers to stm32f1xx_it.o(i.DebugMon_Handler) for DebugMon_Handler
    startup_stm32f103xb.o(RESET) refers to port_1.o(i.SysTick_Handler) for SysTick_Handler
    startup_stm32f103xb.o(RESET) refers to stm32f1xx_it.o(i.DMA1_Channel3_IRQHandler) for DMA1_Channel3_IRQHandler
    startup_stm32f103xb.o(RESET) refers to stm32f1xx_it.o(i.DMA1_Channel5_IRQHandler) for DMA1_Channel5_IRQHandler
    startup_stm32f103xb.o(RESET) refers to stm32f1xx_it.o(i.EXTI9_5_IRQHandler) for EXTI9_5_IRQHandler
    startup_stm32f103xb.o(RESET) refers to stm32f1xx_it.o(i.TIM1_UP_IRQHandler) for TIM1_UP_IRQHandler
    startup_stm32f103xb.o(RESET) refers to porttimer.o(i.TIM3_IRQHandler) for TIM3_IRQHandler
    startup_stm32f103xb.o(RESET) refers to stm32f1xx_it.o(i.TIM4_IRQHandler) for TIM4_IRQHandler
    startup_stm32f103xb.o(RESET) refers to stm32f1xx_it.o(i.USART1_IRQHandler) for USART1_IRQHandler
    startup_stm32f103xb.o(RESET) refers to portserial.o(i.USART2_IRQHandler) for USART2_IRQHandler
    startup_stm32f103xb.o(RESET) refers to stm32f1xx_it.o(i.USART3_IRQHandler) for USART3_IRQHandler
    startup_stm32f103xb.o(RESET) refers to stm32f1xx_it.o(i.EXTI15_10_IRQHandler) for EXTI15_10_IRQHandler
    startup_stm32f103xb.o(.text) refers to system_stm32f1xx.o(i.SystemInit) for SystemInit
    startup_stm32f103xb.o(.text) refers to entry.o(.ARM.Collect$$$$00000000) for __main
    aht20.o(i.AHT20_DeInit) refers to stm32f1xx_hal_i2c.o(i.HAL_I2C_Master_Transmit) for HAL_I2C_Master_Transmit
    aht20.o(i.AHT20_DeInit) refers to i2c.o(.bss) for hi2c1
    aht20.o(i.AHT20_Init) refers to stm32f1xx_hal.o(i.HAL_Delay) for HAL_Delay
    aht20.o(i.AHT20_Init) refers to stm32f1xx_hal_i2c.o(i.HAL_I2C_Master_Transmit) for HAL_I2C_Master_Transmit
    aht20.o(i.AHT20_Init) refers to aht20.o(i.AHT20_Read_Status) for AHT20_Read_Status
    aht20.o(i.AHT20_Init) refers to aht20.o(i.AHT20_DeInit) for AHT20_DeInit
    aht20.o(i.AHT20_Init) refers to i2c.o(.bss) for hi2c1
    aht20.o(i.AHT20_Read) refers to aht20.o(i.AHT20_ReadData) for AHT20_ReadData
    aht20.o(i.AHT20_Read) refers to fmul.o(.text) for __aeabi_fmul
    aht20.o(i.AHT20_Read) refers to ffixui.o(.text) for __aeabi_f2uiz
    aht20.o(i.AHT20_Read) refers to aht20.o(.data) for .data
    aht20.o(i.AHT20_Read) refers to port.o(.bss) for REG_HOLD_BUF
    aht20.o(i.AHT20_ReadData) refers to stm32f1xx_hal_i2c.o(i.HAL_I2C_Master_Transmit) for HAL_I2C_Master_Transmit
    aht20.o(i.AHT20_ReadData) refers to stm32f1xx_hal.o(i.HAL_Delay) for HAL_Delay
    aht20.o(i.AHT20_ReadData) refers to aht20.o(i.AHT20_Read_Status) for AHT20_Read_Status
    aht20.o(i.AHT20_ReadData) refers to stm32f1xx_hal_i2c.o(i.HAL_I2C_Master_Receive) for HAL_I2C_Master_Receive
    aht20.o(i.AHT20_ReadData) refers to dfltui.o(.text) for __aeabi_ui2d
    aht20.o(i.AHT20_ReadData) refers to dmul.o(.text) for __aeabi_dmul
    aht20.o(i.AHT20_ReadData) refers to dscalb.o(.text) for __ARM_scalbn
    aht20.o(i.AHT20_ReadData) refers to d2f.o(.text) for __aeabi_d2f
    aht20.o(i.AHT20_ReadData) refers to dadd.o(.text) for __aeabi_dsub
    aht20.o(i.AHT20_ReadData) refers to i2c.o(.bss) for hi2c1
    aht20.o(i.AHT20_ReadData) refers to aht20.o(.data) for .data
    aht20.o(i.AHT20_Read_Status) refers to stm32f1xx_hal_i2c.o(i.HAL_I2C_Master_Receive) for HAL_I2C_Master_Receive
    aht20.o(i.AHT20_Read_Status) refers to i2c.o(.bss) for hi2c1
    aht20.o(i.AHT20_Test) refers to aht20.o(i.AHT20_ReadData) for AHT20_ReadData
    aht20.o(i.AHT20_Test) refers to f2d.o(.text) for __aeabi_f2d
    aht20.o(i.AHT20_Test) refers to printfa.o(i.__0printf) for __2printf
    aht20.o(i.AHT20_Test) refers to printfa.o(i.__0sprintf) for __2sprintf
    aht20.o(i.AHT20_Test) refers to oled.o(i.OLED_ShowStr) for OLED_ShowStr
    aht20.o(i.AHT20_Test) refers to stm32f1xx_hal.o(i.HAL_Delay) for HAL_Delay
    aht20.o(i.AHT20_Test) refers to aht20.o(.data) for .data
    cjson.o(i.add_item_to_object) refers to cjson.o(i.cJSON_strdup) for cJSON_strdup
[...]
    SPI2_IRQHandler                          0x080001b3   Thumb Code     0  startup_stm32f103xb.o(.text)
    TAMPER_IRQHandler                        0x080001b3   Thumb Code     0  startup_stm32f103xb.o(.text)
    TIM1_BRK_IRQHandler                      0x080001b3   Thumb Code     0  startup_stm32f103xb.o(.text)
    TIM1_CC_IRQHandler                       0x080001b3   Thumb Code     0  startup_stm32f103xb.o(.text)
    TIM1_TRG_COM_IRQHandler                  0x080001b3   Thumb Code     0  startup_stm32f103xb.o(.text)
    TIM2_IRQHandler                          0x080001b3   Thumb Code     0  startup_stm32f103xb.o(.text)
    USBWakeUp_IRQHandler                     0x080001b3   Thumb Code     0  startup_stm32f103xb.o(.text)
    USB_HP_CAN1_TX_IRQHandler                0x080001b3   Thumb Code     0  startup_stm32f103xb.o(.text)
    USB_LP_CAN1_RX0_IRQHandler               0x080001b3   Thumb Code     0  startup_stm32f103xb.o(.text)
    WWDG_IRQHandler                          0x080001b3   Thumb Code     0  startup_stm32f103xb.o(.text)
    __aeabi_llsr                             0x080001bd   Thumb Code    32  llushr.o(.text)
    _ll_ushift_r                             0x080001bd   Thumb Code     0  llushr.o(.text)
    tolower                                  0x080001dd   Thumb Code    12  tolower.o(.text)
    mktime                                   0x080001e9   Thumb Code   150  mktime.o(.text)
    __aeabi_memcpy                           0x08000291   Thumb Code    36  memcpya.o(.text)
    __aeabi_memcpy4                          0x08000291   Thumb Code     0  memcpya.o(.text)
    __aeabi_memcpy8                          0x08000291   Thumb Code     0  memcpya.o(.text)
    __aeabi_memset                           0x080002b5   Thumb Code    14  memseta.o(.text)
    __aeabi_memset4                          0x080002b5   Thumb Code     0  memseta.o(.text)
    __aeabi_memset8                          0x080002b5   Thumb Code     0  memseta.o(.text)
    __aeabi_memclr                           0x080002c3   Thumb Code     4  memseta.o(.text)
    __aeabi_memclr4                          0x080002c3   Thumb Code     0  memseta.o(.text)
    __aeabi_memclr8                          0x080002c3   Thumb Code     0  memseta.o(.text)
    memset                                   0x080002c7   Thumb Code    18  memseta.o(.text)
    strstr                                   0x080002d9   Thumb Code    36  strstr.o(.text)
    strlen                                   0x080002fd   Thumb Code    14  strlen.o(.text)
    strcmp                                   0x0800030b   Thumb Code    28  strcmp.o(.text)
    memcmp                                   0x08000327   Thumb Code    26  memcmp.o(.text)
    strcpy                                   0x08000341   Thumb Code    18  strcpy.o(.text)
    strncmp                                  0x08000353   Thumb Code    30  strncmp.o(.text)
    _scanf_real                              0x08000499   Thumb Code     0  scanf_fp.o(.text)
    _scanf_really_real                       0x08000499   Thumb Code   556  scanf_fp.o(.text)
    __aeabi_fmul                             0x080006d1   Thumb Code   100  fmul.o(.text)
    __aeabi_fdiv                             0x08000735   Thumb Code   124  fdiv.o(.text)
    __aeabi_dadd                             0x080007b1   Thumb Code   322  dadd.o(.text)
    __aeabi_dsub                             0x080008f3   Thumb Code     6  dadd.o(.text)
    __aeabi_drsub                            0x080008f9   Thumb Code     6  dadd.o(.text)
    __aeabi_dmul                             0x080008ff   Thumb Code   228  dmul.o(.text)
    __aeabi_ddiv                             0x080009e3   Thumb Code   222  ddiv.o(.text)
    __ARM_scalbn                             0x08000ac1   Thumb Code    46  dscalb.o(.text)
    scalbn                                   0x08000ac1   Thumb Code     0  dscalb.o(.text)
    __aeabi_ui2f                             0x08000aef   Thumb Code    10  ffltui.o(.text)
    __aeabi_ui2d                             0x08000af9   Thumb Code    26  dfltui.o(.text)
    __aeabi_f2uiz                            0x08000b13   Thumb Code    40  ffixui.o(.text)
    __aeabi_d2iz                             0x08000b3b   Thumb Code    62  dfixi.o(.text)
    __aeabi_cdcmpeq                          0x08000b79   Thumb Code     0  cdcmple.o(.text)
    __aeabi_cdcmple                          0x08000b79   Thumb Code    48  cdcmple.o(.text)
    __aeabi_cdrcmple                         0x08000ba9   Thumb Code    48  cdrcmple.o(.text)
    __aeabi_d2f                              0x08000bd9   Thumb Code    56  d2f.o(.text)
    __aeabi_uidiv                            0x08000c11   Thumb Code     0  uidiv.o(.text)
    __aeabi_uidivmod                         0x08000c11   Thumb Code    44  uidiv.o(.text)
    __aeabi_uldivmod                         0x08000c3d   Thumb Code    98  uldiv.o(.text)
    __aeabi_llsl                             0x08000c9f   Thumb Code    30  llshl.o(.text)
    _ll_shift_l                              0x08000c9f   Thumb Code     0  llshl.o(.text)
    __aeabi_lasr                             0x08000cbd   Thumb Code    36  llsshr.o(.text)
    _ll_sshift_r                             0x08000cbd   Thumb Code     0  llsshr.o(.text)
    _localtime                               0x08000ce1   Thumb Code   134  localtime_i.o(.text)
    _sgetc                                   0x08000d6d   Thumb Code    30  _sgetc.o(.text)
    _sbackspace                              0x08000d8b   Thumb Code    34  _sgetc.o(.text)
    __strtod_int                             0x08000de3   Thumb Code    90  strtod.o(.text)
    __I$use$fp                               0x08000e49   Thumb Code     0  iusefp.o(.text)
    _float_round                             0x08000e49   Thumb Code    18  fepilogue.o(.text)
    _float_epilogue                          0x08000e5b   Thumb Code    92  fepilogue.o(.text)
    _double_round                            0x08000eb7   Thumb Code    30  depilogue.o(.text)
    _double_epilogue                         0x08000ed5   Thumb Code   156  depilogue.o(.text)
    __aeabi_ul2d                             0x08000f71   Thumb Code    24  dfltul.o(.text)
    __aeabi_d2ulz                            0x08000f89   Thumb Code    48  dfixul.o(.text)
    __scatterload                            0x08000fb9   Thumb Code    28  init.o(.text)
    __scatterload_rt2                        0x08000fb9   Thumb Code     0  init.o(.text)
    isspace                                  0x08000fdd   Thumb Code    10  isspace_c.o(.text)
    __ctype_lookup                           0x08000fe9   Thumb Code    34  ctype_c.o(.text)
    __decompress                             0x08001011   Thumb Code     0  __dczerorl2.o(.text)
    __decompress1                            0x08001011   Thumb Code    86  __dczerorl2.o(.text)
    ADC_ConversionStop_Disable               0x08001069   Thumb Code    86  stm32f1xx_hal_adc.o(i.ADC_ConversionStop_Disable)
    ADC_Enable                               0x080010c1   Thumb Code   114  stm32f1xx_hal_adc.o(i.ADC_Enable)
    ADC_VR_CPU_Read                          0x0800113d   Thumb Code   254  adc.o(i.ADC_VR_CPU_Read)
    AHT20_DeInit                             0x08001265   Thumb Code    40  aht20.o(i.AHT20_DeInit)
    AHT20_Init                               0x08001291   Thumb Code    58  aht20.o(i.AHT20_Init)
    AHT20_Read                               0x080012d1   Thumb Code    42  aht20.o(i.AHT20_Read)
    AHT20_ReadData                           0x08001309   Thumb Code   232  aht20.o(i.AHT20_ReadData)
    AHT20_Read_Status                        0x08001405   Thumb Code    26  aht20.o(i.AHT20_Read_Status)
    BEEP_Control                             0x08001425   Thumb Code    28  gpio.o(i.BEEP_Control)
    BusFault_Handler                         0x08001445   Thumb Code     2  stm32f1xx_it.o(i.BusFault_Handler)
    DMA1_Channel3_IRQHandler                 0x08001449   Thumb Code     6  stm32f1xx_it.o(i.DMA1_Channel3_IRQHandler)
    DMA1_Channel5_IRQHandler                 0x08001455   Thumb Code     6  stm32f1xx_it.o(i.DMA1_Channel5_IRQHandler)
    DebugMon_Handler                         0x0800148b   Thumb Code     2  stm32f1xx_it.o(i.DebugMon_Handler)
    Dequeue                                  0x0800148d   Thumb Code    48  fifo.o(i.Dequeue)
    EXTI15_10_IRQHandler                     0x080014bd   Thumb Code    38  stm32f1xx_it.o(i.EXTI15_10_IRQHandler)
    EXTI9_5_IRQHandler                       0x080014e3   Thumb Code    20  stm32f1xx_it.o(i.EXTI9_5_IRQHandler)
    Enqueue                                  0x080014f9   Thumb Code    52  fifo.o(i.Enqueue)
    Enqueue_Bytes                            0x0800153d   Thumb Code    48  fifo.o(i.Enqueue_Bytes)
    Error_Handler                            0x0800156d   Thumb Code     4  main.o(i.Error_Handler)
    Get_CPUID                                0x08001571   Thumb Code    28  mqtt.o(i.Get_CPUID)
    HAL_ADCEx_Calibration_Start              0x080015a5   Thumb Code   210  stm32f1xx_hal_adc_ex.o(i.HAL_ADCEx_Calibration_Start)
    HAL_ADC_ConfigChannel                    0x0800167d   Thumb Code   240  stm32f1xx_hal_adc.o(i.HAL_ADC_ConfigChannel)
    HAL_ADC_GetValue                         0x08001779   Thumb Code     6  stm32f1xx_hal_adc.o(i.HAL_ADC_GetValue)
    HAL_ADC_Init                             0x08001781   Thumb Code   272  stm32f1xx_hal_adc.o(i.HAL_ADC_Init)
    HAL_ADC_MspInit                          0x0800189d   Thumb Code    76  adc.o(i.HAL_ADC_MspInit)
    HAL_ADC_PollForConversion                0x080018f5   Thumb Code   304  stm32f1xx_hal_adc.o(i.HAL_ADC_PollForConversion)
    HAL_ADC_Start                            0x08001a31   Thumb Code   184  stm32f1xx_hal_adc.o(i.HAL_ADC_Start)
    HAL_DMA_Abort                            0x08001af1   Thumb Code    70  stm32f1xx_hal_dma.o(i.HAL_DMA_Abort)
    HAL_DMA_Abort_IT                         0x08001b39   Thumb Code   148  stm32f1xx_hal_dma.o(i.HAL_DMA_Abort_IT)
    HAL_DMA_IRQHandler                       0x08001bd1   Thumb Code   316  stm32f1xx_hal_dma.o(i.HAL_DMA_IRQHandler)
    HAL_DMA_Init                             0x08001d25   Thumb Code    84  stm32f1xx_hal_dma.o(i.HAL_DMA_Init)
    HAL_DMA_Start_IT                         0x08001d81   Thumb Code   112  stm32f1xx_hal_dma.o(i.HAL_DMA_Start_IT)
    HAL_Delay                                0x08001df1   Thumb Code    32  stm32f1xx_hal.o(i.HAL_Delay)
    HAL_GPIO_EXTI_Callback                   0x08001e15   Thumb Code   156  stm32f1xx_it.o(i.HAL_GPIO_EXTI_Callback)
    HAL_GPIO_EXTI_IRQHandler                 0x08001f35   Thumb Code    18  stm32f1xx_hal_gpio.o(i.HAL_GPIO_EXTI_IRQHandler)
    HAL_GPIO_Init                            0x08001f4d   Thumb Code   446  stm32f1xx_hal_gpio.o(i.HAL_GPIO_Init)
    HAL_GPIO_WritePin                        0x0800212d   Thumb Code    10  stm32f1xx_hal_gpio.o(i.HAL_GPIO_WritePin)
    HAL_GetTick                              0x08002139   Thumb Code     6  stm32f1xx_hal.o(i.HAL_GetTick)
    HAL_I2C_Init                             0x08002145   Thumb Code   376  stm32f1xx_hal_i2c.o(i.HAL_I2C_Init)
    HAL_I2C_Master_Receive                   0x080022cd   Thumb Code   576  stm32f1xx_hal_i2c.o(i.HAL_I2C_Master_Receive)
    HAL_I2C_Master_Transmit                  0x0800251d   Thumb Code   290  stm32f1xx_hal_i2c.o(i.HAL_I2C_Master_Transmit)
    HAL_I2C_Mem_Read                         0x08002649   Thumb Code   586  stm32f1xx_hal_i2c.o(i.HAL_I2C_Mem_Read)
    HAL_I2C_Mem_Write                        0x080028a5   Thumb Code   294  stm32f1xx_hal_i2c.o(i.HAL_I2C_Mem_Write)
    HAL_I2C_MspInit                          0x080029d5   Thumb Code    80  i2c.o(i.HAL_I2C_MspInit)
    HAL_IncTick                              0x08002a31   Thumb Code    12  stm32f1xx_hal.o(i.HAL_IncTick)
    HAL_Init                                 0x08002a41   Thumb Code    32  stm32f1xx_hal.o(i.HAL_Init)
    HAL_InitTick                             0x08002a65   Thumb Code   118  stm32f1xx_hal_timebase_tim.o(i.HAL_InitTick)
    HAL_MspInit                              0x08002af1   Thumb Code    62  stm32f1xx_hal_msp.o(i.HAL_MspInit)
    HAL_NVIC_EnableIRQ                       0x08002b39   Thumb Code    26  stm32f1xx_hal_cortex.o(i.HAL_NVIC_EnableIRQ)
    HAL_NVIC_SetPriority                     0x08002b55   Thumb Code    60  stm32f1xx_hal_cortex.o(i.HAL_NVIC_SetPriority)
    HAL_NVIC_SetPriorityGrouping             0x08002b95   Thumb Code    26  stm32f1xx_hal_cortex.o(i.HAL_NVIC_SetPriorityGrouping)
    HAL_PWR_EnableBkUpAccess                 0x08002bb9   Thumb Code     8  stm32f1xx_hal_pwr.o(i.HAL_PWR_EnableBkUpAccess)
    HAL_RCCEx_GetPeriphCLKFreq               0x08002bc5   Thumb Code   148  stm32f1xx_hal_rcc_ex.o(i.HAL_RCCEx_GetPeriphCLKFreq)
    HAL_RCCEx_PeriphCLKConfig                0x08002c69   Thumb Code   224  stm32f1xx_hal_rcc_ex.o(i.HAL_RCCEx_PeriphCLKConfig)
    HAL_RCC_ClockConfig                      0x08002d55   Thumb Code   280  stm32f1xx_hal_rcc.o(i.HAL_RCC_ClockConfig)
    HAL_RCC_GetClockConfig                   0x08002e81   Thumb Code    54  stm32f1xx_hal_rcc.o(i.HAL_RCC_GetClockConfig)
    HAL_RCC_GetPCLK1Freq                     0x08002ec1   Thumb Code    20  stm32f1xx_hal_rcc.o(i.HAL_RCC_GetPCLK1Freq)
    HAL_RCC_GetPCLK2Freq                     0x08002ee1   Thumb Code    20  stm32f1xx_hal_rcc.o(i.HAL_RCC_GetPCLK2Freq)
    HAL_RCC_GetSysClockFreq                  0x08002f01   Thumb Code    58  stm32f1xx_hal_rcc.o(i.HAL_RCC_GetSysClockFreq)
    HAL_RCC_OscConfig                        0x08002f4d   Thumb Code   778  stm32f1xx_hal_rcc.o(i.HAL_RCC_OscConfig)
    HAL_RTCEx_BKUPRead                       0x0800326d   Thumb Code    10  stm32f1xx_hal_rtc_ex.o(i.HAL_RTCEx_BKUPRead)
    HAL_RTCEx_BKUPWrite                      0x0800327d   Thumb Code    12  stm32f1xx_hal_rtc_ex.o(i.HAL_RTCEx_BKUPWrite)
    HAL_RTC_Init                             0x0800328d   Thumb Code   144  stm32f1xx_hal_rtc.o(i.HAL_RTC_Init)
    HAL_RTC_MspInit                          0x08003321   Thumb Code    40  rtc.o(i.HAL_RTC_MspInit)
    HAL_RTC_SetDate                          0x08003355   Thumb Code   192  stm32f1xx_hal_rtc.o(i.HAL_RTC_SetDate)
    HAL_RTC_SetTime                          0x08003419   Thumb Code   168  stm32f1xx_hal_rtc.o(i.HAL_RTC_SetTime)
    HAL_RTC_WaitForSynchro                   0x080034c5   Thumb Code    58  stm32f1xx_hal_rtc.o(i.HAL_RTC_WaitForSynchro)
    HAL_TIMEx_BreakCallback                  0x080034ff   Thumb Code     2  stm32f1xx_hal_tim_ex.o(i.HAL_TIMEx_BreakCallback)
    HAL_TIMEx_CommutCallback                 0x08003501   Thumb Code     2  stm32f1xx_hal_tim_ex.o(i.HAL_TIMEx_CommutCallback)
    HAL_TIMEx_MasterConfigSynchronization    0x08003505   Thumb Code    92  stm32f1xx_hal_tim_ex.o(i.HAL_TIMEx_MasterConfigSynchronization)
    HAL_TIM_Base_Init                        0x0800356d   Thumb Code    90  stm32f1xx_hal_tim.o(i.HAL_TIM_Base_Init)
    HAL_TIM_Base_MspInit                     0x080035c9   Thumb Code    86  tim.o(i.HAL_TIM_Base_MspInit)
    HAL_TIM_Base_Start_IT                    0x0800362d   Thumb Code    76  stm32f1xx_hal_tim.o(i.HAL_TIM_Base_Start_IT)
    HAL_TIM_Base_Stop                        0x08003685   Thumb Code    38  stm32f1xx_hal_tim.o(i.HAL_TIM_Base_Stop)
    HAL_TIM_ConfigClockSource                0x080036ab   Thumb Code   220  stm32f1xx_hal_tim.o(i.HAL_TIM_ConfigClockSource)
    HAL_TIM_IC_CaptureCallback               0x08003787   Thumb Code     2  stm32f1xx_hal_tim.o(i.HAL_TIM_IC_CaptureCallback)
    HAL_TIM_IRQHandler                       0x08003789   Thumb Code   304  stm32f1xx_hal_tim.o(i.HAL_TIM_IRQHandler)
    HAL_TIM_OC_DelayElapsedCallback          0x080038b9   Thumb Code     2  stm32f1xx_hal_tim.o(i.HAL_TIM_OC_DelayElapsedCallback)
    HAL_TIM_PWM_PulseFinishedCallback        0x080038bb   Thumb Code     2  stm32f1xx_hal_tim.o(i.HAL_TIM_PWM_PulseFinishedCallback)
    HAL_TIM_PeriodElapsedCallback            0x080038bd   Thumb Code    70  main.o(i.HAL_TIM_PeriodElapsedCallback)
    HAL_TIM_TriggerCallback                  0x08003921   Thumb Code     2  stm32f1xx_hal_tim.o(i.HAL_TIM_TriggerCallback)
    HAL_UARTEx_RxEventCallback               0x08003923   Thumb Code     2  stm32f1xx_hal_uart.o(i.HAL_UARTEx_RxEventCallback)
    HAL_UART_DMAStop                         0x08003925   Thumb Code   112  stm32f1xx_hal_uart.o(i.HAL_UART_DMAStop)
    HAL_UART_ErrorCallback                   0x08003995   Thumb Code     2  stm32f1xx_hal_uart.o(i.HAL_UART_ErrorCallback)
    HAL_UART_IRQHandler                      0x08003999   Thumb Code   616  stm32f1xx_hal_uart.o(i.HAL_UART_IRQHandler)
    HAL_UART_Init                            0x08003c05   Thumb Code   100  stm32f1xx_hal_uart.o(i.HAL_UART_Init)
    HAL_UART_MspInit                         0x08003c69   Thumb Code   386  usart.o(i.HAL_UART_MspInit)
    HAL_UART_Receive_DMA                     0x08003e0d   Thumb Code    28  stm32f1xx_hal_uart.o(i.HAL_UART_Receive_DMA)
    HAL_UART_RxCpltCallback                  0x08003e29   Thumb Code    72  stm32f1xx_it.o(i.HAL_UART_RxCpltCallback)
    HAL_UART_RxHalfCpltCallback              0x08003e9d   Thumb Code    90  stm32f1xx_it.o(i.HAL_UART_RxHalfCpltCallback)
    HAL_UART_Transmit                        0x08003f25   Thumb Code   160  stm32f1xx_hal_uart.o(i.HAL_UART_Transmit)
    HAL_UART_TxCpltCallback                  0x08003fc5   Thumb Code     2  stm32f1xx_hal_uart.o(i.HAL_UART_TxCpltCallback)
    HardFault_Handler                        0x08003fc7   Thumb Code     2  stm32f1xx_it.o(i.HardFault_Handler)
    INA226_Init                              0x08004591   Thumb Code    72  ina226.o(i.INA226_Init)
    INA226_Read                              0x080045dd   Thumb Code   102  ina226.o(i.INA226_Read)
    INA226_Read_Bus_Voltage                  0x0800465d   Thumb Code    46  ina226.o(i.INA226_Read_Bus_Voltage)
    INA226_Read_Current                      0x08004695   Thumb Code    46  ina226.o(i.INA226_Read_Current)
    INA226_Read_Pow                          0x080046cd   Thumb Code    46  ina226.o(i.INA226_Read_Pow)
    LED_Control                              0x08004705   Thumb Code    42  gpio.o(i.LED_Control)
    ML307_Connect_MQTTServer                 0x08004735   Thumb Code   436  mqtt.o(i.ML307_Connect_MQTTServer)
    MQTTTask                                 0x08004a39   Thumb Code    20  freertos.o(i.MQTTTask)
    MQTT_Connect_Server                      0x08004a4d   Thumb Code    24  mqtt.o(i.MQTT_Connect_Server)
    MQTT_Parse_JsonData                      0x08004a89   Thumb Code   162  mqtt.o(i.MQTT_Parse_JsonData)
    MQTT_SendData                            0x08004b61   Thumb Code    90  mqtt.o(i.MQTT_SendData)
    MX_ADC1_Init                             0x08004c09   Thumb Code    74  adc.o(i.MX_ADC1_Init)
    MX_DMA_Init                              0x08004c5d   Thumb Code    56  dma.o(i.MX_DMA_Init)
    MX_FREERTOS_Init                         0x08004c99   Thumb Code    52  freertos.o(i.MX_FREERTOS_Init)
    MX_GPIO_Init                             0x08004cd5   Thumb Code   252  gpio.o(i.MX_GPIO_Init)
    MX_I2C1_Init                             0x08004de5   Thumb Code    50  i2c.o(i.MX_I2C1_Init)
    MX_RTC_Init                              0x08004e25   Thumb Code   170  rtc.o(i.MX_RTC_Init)
    MX_TIM3_Init                             0x08004ed9   Thumb Code    94  tim.o(i.MX_TIM3_Init)
    MX_TIM4_Init                             0x08004f41   Thumb Code    94  tim.o(i.MX_TIM4_Init)
    MX_USART1_UART_Init                      0x08004fa9   Thumb Code    48  usart.o(i.MX_USART1_UART_Init)
    MX_USART2_UART_Init                      0x08004fe1   Thumb Code    48  usart.o(i.MX_USART2_UART_Init)
    MX_USART3_UART_Init                      0x08005019   Thumb Code    48  usart.o(i.MX_USART3_UART_Init)
    MemManage_Handler                        0x08005051   Thumb Code     2  stm32f1xx_it.o(i.MemManage_Handler)
    ModbusTask                               0x08005053   Thumb Code    20  freertos.o(i.ModbusTask)
    Modbus_Init                              0x08005069   Thumb Code    46  modbus.o(i.Modbus_Init)
    Modbus_Parse                             0x080050b1   Thumb Code   132  modbus.o(i.Modbus_Parse)
    NMI_Handler                              0x0800513d   Thumb Code     2  stm32f1xx_it.o(i.NMI_Handler)
    OLED_CLS                                 0x0800513f   Thumb Code     6  oled.o(i.OLED_CLS)
    OLED_Fill                                0x08005145   Thumb Code    56  oled.o(i.OLED_Fill)
    OLED_Init                                0x0800517d   Thumb Code   180  oled.o(i.OLED_Init)
    OLED_SetPos                              0x08005231   Thumb Code    38  oled.o(i.OLED_SetPos)
    OLED_ShowStr                             0x08005259   Thumb Code   208  oled.o(i.OLED_ShowStr)
    Queue_IsEmpty                            0x08005331   Thumb Code    16  fifo.o(i.Queue_IsEmpty)
    Queue_IsFull                             0x08005341   Thumb Code    34  fifo.o(i.Queue_IsFull)
    RELAY_Control                            0x08005365   Thumb Code    26  gpio.o(i.RELAY_Control)
    Read_SlaveAddress                        0x08005549   Thumb Code    42  modbus.o(i.Read_SlaveAddress)
    SysTick_Handler                          0x08005579   Thumb Code    38  port_1.o(i.SysTick_Handler)
    SystemClock_Config                       0x080055a5   Thumb Code   134  main.o(i.SystemClock_Config)
    SystemInit                               0x0800562b   Thumb Code     2  system_stm32f1xx.o(i.SystemInit)
    TIM1_UP_IRQHandler                       0x0800562d   Thumb Code     6  stm32f1xx_it.o(i.TIM1_UP_IRQHandler)
    TIM3_IRQHandler                          0x08005639   Thumb Code    24  porttimer.o(i.TIM3_IRQHandler)
    TIM4_IRQHandler                          0x08005659   Thumb Code     6  stm32f1xx_it.o(i.TIM4_IRQHandler)
    TIM_Base_SetConfig                       0x08005665   Thumb Code   108  stm32f1xx_hal_tim.o(i.TIM_Base_SetConfig)
    TIM_ETR_SetConfig                        0x080056dd   Thumb Code    20  stm32f1xx_hal_tim.o(i.TIM_ETR_SetConfig)
    Test_WIFI4G_CMD_Status                   0x08005749   Thumb Code    30  wifi4g.o(i.Test_WIFI4G_CMD_Status)
    UART_Start_Receive_DMA                   0x08005a51   Thumb Code   130  stm32f1xx_hal_uart.o(i.UART_Start_Receive_DMA)
    USART1_IRQHandler                        0x08005b55   Thumb Code    18  stm32f1xx_it.o(i.USART1_IRQHandler)
    USART2_IRQHandler                        0x08005b6d   Thumb Code    56  portserial.o(i.USART2_IRQHandler)
    USART3_IRQHandler                        0x08005bb1   Thumb Code    18  stm32f1xx_it.o(i.USART3_IRQHandler)
    USER_UART_IRQHandler                     0x08005bc9   Thumb Code   248  stm32f1xx_it.o(i.USER_UART_IRQHandler)
    UsageFault_Handler                       0x08005cf9   Thumb Code     2  stm32f1xx_it.o(i.UsageFault_Handler)
    WIFI4G_Parse_Queue                       0x08005cfd   Thumb Code   122  wifi4g.o(i.WIFI4G_Parse_Queue)
    WriteCmd                                 0x08005d9d   Thumb Code    32  oled.o(i.WriteCmd)
    WriteDat                                 0x08005dc1   Thumb Code    32  oled.o(i.WriteDat)
    Write_SlaveAddress                       0x08005de5   Thumb Code    34  modbus.o(i.Write_SlaveAddress)
    __0printf                                0x08005e0d   Thumb Code    22  printfa.o(i.__0printf)
    __1printf                                0x08005e0d   Thumb Code     0  printfa.o(i.__0printf)
    __2printf                                0x08005e0d   Thumb Code     0  printfa.o(i.__0printf)
    __c89printf                              0x08005e0d   Thumb Code     0  printfa.o(i.__0printf)
    printf                                   0x08005e0d   Thumb Code     0  printfa.o(i.__0printf)
    __0sprintf                               0x08005e2d   Thumb Code    34  printfa.o(i.__0sprintf)
    __1sprintf                               0x08005e2d   Thumb Code     0  printfa.o(i.__0sprintf)
    __2sprintf                               0x08005e2d   Thumb Code     0  printfa.o(i.__0sprintf)
    __c89sprintf                             0x08005e2d   Thumb Code     0  printfa.o(i.__0sprintf)
    sprintf                                  0x08005e2d   Thumb Code     0  printfa.o(i.__0sprintf)
    free                                     0x08005e75   Thumb Code    88  mallocr.o(i.__free$realloc)
    malloc                                   0x08005ed1   Thumb Code    64  mallocr.o(i.__malloc$realloc)
    __scatterload_copy                       0x08005f21   Thumb Code    14  handlers.o(i.__scatterload_copy)
    __scatterload_null                       0x08005f2f   Thumb Code     2  handlers.o(i.__scatterload_null)
    __scatterload_zeroinit                   0x08005f31   Thumb Code    14  handlers.o(i.__scatterload_zeroinit)
    _is_digit                                0x080060c5   Thumb Code    14  scanf_fp.o(i._is_digit)
    cJSON_Delete                             0x0800683d   Thumb Code    76  cjson.o(i.cJSON_Delete)
    cJSON_GetObjectItem                      0x0800688d   Thumb Code     6  cjson.o(i.cJSON_GetObjectItem)
    cJSON_Parse                              0x080068a9   Thumb Code     8  cjson.o(i.cJSON_Parse)
    cJSON_ParseWithLengthOpts                0x080068b1   Thumb Code   210  cjson.o(i.cJSON_ParseWithLengthOpts)
    cJSON_ParseWithOpts                      0x0800698d   Thumb Code    34  cjson.o(i.cJSON_ParseWithOpts)
    eMBASCIIInit                             0x080069b1   Thumb Code    44  mbascii.o(i.eMBASCIIInit)
    eMBASCIIReceive                          0x080069e1   Thumb Code    68  mbascii.o(i.eMBASCIIReceive)
    eMBASCIISend                             0x08006a29   Thumb Code    68  mbascii.o(i.eMBASCIISend)
    eMBASCIIStart                            0x08006a71   Thumb Code    24  mbascii.o(i.eMBASCIIStart)
    eMBASCIIStop                             0x08006a8d   Thumb Code    18  mbascii.o(i.eMBASCIIStop)
    eMBClose                                 0x08006aa1   Thumb Code    28  mb.o(i.eMBClose)
    eMBDisable                               0x08006ac1   Thumb Code    28  mb.o(i.eMBDisable)
    eMBEnable                                0x08006ae1   Thumb Code    28  mb.o(i.eMBEnable)
    eMBFuncReadCoils                         0x08006b01   Thumb Code   114  mbfunccoils.o(i.eMBFuncReadCoils)
    eMBFuncReadDiscreteInputs                0x08006b73   Thumb Code   114  mbfuncdisc.o(i.eMBFuncReadDiscreteInputs)
    eMBFuncReadHoldingRegister               0x08006be5   Thumb Code    94  mbfuncholding.o(i.eMBFuncReadHoldingRegister)
    eMBFuncReadInputRegister                 0x08006c43   Thumb Code    98  mbfuncinput.o(i.eMBFuncReadInputRegister)
    eMBFuncReadWriteMultipleHoldingRegister  0x08006ca5   Thumb Code   156  mbfuncholding.o(i.eMBFuncReadWriteMultipleHoldingRegister)
    eMBFuncReportSlaveID                     0x08006d41   Thumb Code    26  mbfuncother.o(i.eMBFuncReportSlaveID)
    eMBFuncWriteCoil                         0x08006d65   Thumb Code    86  mbfunccoils.o(i.eMBFuncWriteCoil)
    eMBFuncWriteHoldingRegister              0x08006dbb   Thumb Code    50  mbfuncholding.o(i.eMBFuncWriteHoldingRegister)
    eMBFuncWriteMultipleCoils                0x08006ded   Thumb Code   100  mbfunccoils.o(i.eMBFuncWriteMultipleCoils)
    eMBFuncWriteMultipleHoldingRegister      0x08006e51   Thumb Code    78  mbfuncholding.o(i.eMBFuncWriteMultipleHoldingRegister)
    eMBInit                                  0x08006ea1   Thumb Code   144  mb.o(i.eMBInit)
    eMBPoll                                  0x08006f6d   Thumb Code   178  mb.o(i.eMBPoll)
    eMBRTUInit                               0x08007025   Thumb Code    54  mbrtu.o(i.eMBRTUInit)
    eMBRTUReceive                            0x08007061   Thumb Code    70  mbrtu.o(i.eMBRTUReceive)
    eMBRTUSend                               0x080070b1   Thumb Code    80  mbrtu.o(i.eMBRTUSend)
    eMBRTUStart                              0x08007109   Thumb Code    24  mbrtu.o(i.eMBRTUStart)
    eMBRTUStop                               0x08007125   Thumb Code    18  mbrtu.o(i.eMBRTUStop)
    eMBRegCoilsCB                            0x08007139   Thumb Code   152  port.o(i.eMBRegCoilsCB)
    eMBRegDiscreteCB                         0x080071d5   Thumb Code   122  port.o(i.eMBRegDiscreteCB)
    eMBRegHoldingCB                          0x08007255   Thumb Code    94  port.o(i.eMBRegHoldingCB)
    eMBRegInputCB                            0x080072bd   Thumb Code    74  port.o(i.eMBRegInputCB)
    fputc                                    0x0800730d   Thumb Code    20  usart.o(i.fputc)
    main                                     0x080073f1   Thumb Code   154  main.o(i.main)
    osDelay                                  0x080074d9   Thumb Code    14  cmsis_os.o(i.osDelay)
    osKernelStart                            0x080074e7   Thumb Code    10  cmsis_os.o(i.osKernelStart)
    osThreadCreate                           0x080074f1   Thumb Code    84  cmsis_os.o(i.osThreadCreate)
    prveMBError2Exception                    0x08007de5   Thumb Code    24  mbutils.o(i.prveMBError2Exception)
    pvPortMalloc                             0x08007e31   Thumb Code   216  heap_4.o(i.pvPortMalloc)
    pxPortInitialiseStack                    0x08007f0d   Thumb Code    32  port_1.o(i.pxPortInitialiseStack)
    realloc                                  0x08007f31   Thumb Code   102  mallocr.o(i.realloc)
    strtod                                   0x08007f9d   Thumb Code    28  strtod.o(i.strtod)
    usMBCRC16                                0x08007fb9   Thumb Code    40  mbcrc.o(i.usMBCRC16)
    uxListRemove                             0x080080b7   Thumb Code    38  list.o(i.uxListRemove)
    vApplicationGetIdleTaskMemory            0x080080dd   Thumb Code    16  freertos.o(i.vApplicationGetIdleTaskMemory)
    vListInitialise                          0x080080f1   Thumb Code    22  list.o(i.vListInitialise)
    vListInitialiseItem                      0x08008107   Thumb Code     6  list.o(i.vListInitialiseItem)
    vListInsert                              0x0800810d   Thumb Code    48  list.o(i.vListInsert)
    vListInsertEnd                           0x0800813d   Thumb Code    24  list.o(i.vListInsertEnd)
    vMBPortSerialEnable                      0x08008155   Thumb Code    76  portserial.o(i.vMBPortSerialEnable)
    vMBPortTimersDisable                     0x080081a9   Thumb Code    32  porttimer.o(i.vMBPortTimersDisable)
    vMBPortTimersEnable                      0x080081cd   Thumb Code    20  porttimer.o(i.vMBPortTimersEnable)
    vPortEnterCritical                       0x080081e5   Thumb Code    54  port_1.o(i.vPortEnterCritical)
    vPortExitCritical                        0x08008225   Thumb Code    34  port_1.o(i.vPortExitCritical)
    vPortFree                                0x0800824d   Thumb Code    94  heap_4.o(i.vPortFree)
    vPortSetupTimerInterrupt                 0x080082b1   Thumb Code    32  port_1.o(i.vPortSetupTimerInterrupt)
    vTaskDelay                               0x080082d5   Thumb Code    66  tasks.o(i.vTaskDelay)
    vTaskStartScheduler                      0x08008321   Thumb Code    90  tasks.o(i.vTaskStartScheduler)
    vTaskSuspendAll                          0x0800838d   Thumb Code    10  tasks.o(i.vTaskSuspendAll)
    vTaskSwitchContext                       0x0800839d   Thumb Code    82  tasks.o(i.vTaskSwitchContext)
    xMBASCIIReceiveFSM                       0x080083f9   Thumb Code   222  mbascii.o(i.xMBASCIIReceiveFSM)
    xMBASCIITimerT1SExpired                  0x080084dd   Thumb Code    42  mbascii.o(i.xMBASCIITimerT1SExpired)
    xMBASCIITransmitFSM                      0x0800850d   Thumb Code   168  mbascii.o(i.xMBASCIITransmitFSM)
    xMBPortEventGet                          0x080085b9   Thumb Code    24  portevent.o(i.xMBPortEventGet)
    xMBPortEventInit                         0x080085d5   Thumb Code    10  portevent.o(i.xMBPortEventInit)
    xMBPortEventPost                         0x080085e5   Thumb Code    12  portevent.o(i.xMBPortEventPost)
    xMBPortSerialGetByte                     0x080085f5   Thumb Code    10  portserial.o(i.xMBPortSerialGetByte)
    xMBPortSerialInit                        0x08008605   Thumb Code    70  portserial.o(i.xMBPortSerialInit)
    xMBPortSerialPutByte                     0x08008655   Thumb Code     8  portserial.o(i.xMBPortSerialPutByte)
    xMBPortTimersInit                        0x08008661   Thumb Code   106  porttimer.o(i.xMBPortTimersInit)
    xMBRTUReceiveFSM                         0x080086d5   Thumb Code    96  mbrtu.o(i.xMBRTUReceiveFSM)
    xMBRTUTimerT35Expired                    0x0800873d   Thumb Code    58  mbrtu.o(i.xMBRTUTimerT35Expired)
    xMBRTUTransmitFSM                        0x0800877d   Thumb Code    86  mbrtu.o(i.xMBRTUTransmitFSM)
    xPortStartScheduler                      0x080087d9   Thumb Code   154  port_1.o(i.xPortStartScheduler)
    xTaskCreate                              0x08008881   Thumb Code    90  tasks.o(i.xTaskCreate)
    xTaskCreateStatic                        0x080088db   Thumb Code    86  tasks.o(i.xTaskCreateStatic)
    xTaskIncrementTick                       0x08008931   Thumb Code   194  tasks.o(i.xTaskIncrementTick)
    xTaskResumeAll                           0x080089fd   Thumb Code   182  tasks.o(i.xTaskResumeAll)
    F6x8                                     0x08008ac0   Data         552  oled.o(.constdata)
    F8X16                                    0x08008ce8   Data        1520  oled.o(.constdata)
    AHBPrescTable                            0x08009534   Data          16  system_stm32f1xx.o(.constdata)
    APBPrescTable                            0x08009544   Data           8  system_stm32f1xx.o(.constdata)
    __ctype_categories                       0x08009564   Data          64  ctype_c.o(.constdata)
    Region$$Table$$Base                      0x080095b4   Number         0  anon$$obj.o(Region$$Table)
    Region$$Table$$Limit                     0x080095d4   Number         0  anon$$obj.o(Region$$Table)
    RH                                       0x20000000   Data           4  aht20.o(.data)
    Temp                                     0x20000004   Data           4  aht20.o(.data)
    TIM1_Timeout_Flag                        0x2000001c   Data           1  modbus.o(.data)
    SlaveAddress                             0x2000001d   Data           1  modbus.o(.data)
    Modify_SlaveAdress_Flag                  0x2000001e   Data           1  modbus.o(.data)
    MQTT_Download_Flag                       0x2000001f   Data           1  mqtt.o(.data)
    WIFI4G_CMD_Status                        0x20000020   Data           1  wifi4g.o(.data)
    WIFI4G_TouChuan_Flag                     0x20000021   Data           1  wifi4g.o(.data)
    Key_Value                                0x20000028   Data           1  gpio.o(.data)
    ModbusHandle                             0x2000002c   Data           4  freertos.o(.data)
    MQTTHandle                               0x20000030   Data           4  freertos.o(.data)
    RX1_Offset                               0x20000034   Data           1  usart.o(.data)
    RX3_Offset                               0x20000035   Data           1  usart.o(.data)
    pxMBFrameCBByteReceived                  0x2000005c   Data           4  mb.o(.data)
    pxMBFrameCBTransmitterEmpty              0x20000060   Data           4  mb.o(.data)
    pxMBPortCBTimerExpired                   0x20000064   Data           4  mb.o(.data)
    REG_COILS_BUF                            0x20000108   Data          10  port.o(.data)
    REG_DISC_BUF                             0x20000112   Data          10  port.o(.data)
    uwTickFreq                               0x20000120   Data           1  stm32f1xx_hal.o(.data)
    uwTickPrio                               0x20000124   Data           4  stm32f1xx_hal.o(.data)
    uwTick                                   0x20000128   Data           4  stm32f1xx_hal.o(.data)
    SystemCoreClock                          0x2000012c   Data           4  system_stm32f1xx.o(.data)
    pxCurrentTCB                             0x20000130   Data           4  tasks.o(.data)
    __stdout                                 0x20000198   Data           4  stdout.o(.data)
    __microlib_freelist                      0x2000019c   Data           4  mvars.o(.data)
    __microlib_freelist_initialised          0x200001a0   Data           4  mvars.o(.data)
    QUART3                                   0x200001a4   Data         264  fifo.o(.bss)
    Parse_Substr                             0x2000044c   Data          32  wifi4g.o(.bss)
    RecvBuf                                  0x2000046c   Data         256  wifi4g.o(.bss)
    hadc1                                    0x200007c0   Data          48  adc.o(.bss)
    hi2c1                                    0x200007f0   Data          84  i2c.o(.bss)
    hrtc                                     0x20000844   Data          20  rtc.o(.bss)
    htim3                                    0x20000858   Data          72  tim.o(.bss)
    htim4                                    0x200008a0   Data          72  tim.o(.bss)
    RX1_Buf                                  0x200008e8   Data         256  usart.o(.bss)
    RX3_Buf                                  0x200009e8   Data         256  usart.o(.bss)
    huart1                                   0x20000ae8   Data          72  usart.o(.bss)
    huart2                                   0x20000b30   Data          72  usart.o(.bss)
    huart3                                   0x20000b78   Data          72  usart.o(.bss)
    hdma_usart1_rx                           0x20000bc0   Data          68  usart.o(.bss)
    hdma_usart3_rx                           0x20000c04   Data          68  usart.o(.bss)
    htim1                                    0x20000c48   Data          72  stm32f1xx_hal_timebase_tim.o(.bss)
    ucRTUBuf                                 0x20000cb0   Data         256  mbrtu.o(.bss)
    REG_HOLD_BUF                             0x20000db0   Data          20  port.o(.bss)
    REG_INPUT_BUF                            0x20000dc4   Data          20  port.o(.bss)
    __heap_base                              0x20001ac8   Data           0  startup_stm32f103xb.o(HEAP)
    __heap_limit                             0x20001cc8   Data           0  startup_stm32f103xb.o(HEAP)
    __initial_sp                             0x200020c8   Data           0  startup_stm32f103xb.o(STACK)



==============================================================================

Memory Map of the image

  Image Entry point : 0x080000ed

  Load Region LR_IROM1 (Base: 0x08000000, Size: 0x00009778, Max: 0x00010000, ABSOLUTE, COMPRESSED[0x0000963c])

    Execution Region ER_IROM1 (Exec base: 0x08000000, Load base: 0x08000000, Size: 0x000095d4, Max: 0x00010000, ABSOLUTE)

    Exec Addr    Load Addr    Size         Type   Attr      Idx    E Section Name        Object

    0x08000000   0x08000000   0x000000ec   Data   RO            3    RESET               startup_stm32f103xb.o
    0x080000ec   0x080000ec   0x00000000   Code   RO         7200  * .ARM.Collect$$$$00000000  mc_w.l(entry.o)
    0x080000ec   0x080000ec   0x00000004   Code   RO         7561    .ARM.Collect$$$$00000001  mc_w.l(entry2.o)
    0x080000f0   0x080000f0   0x00000004   Code   RO         7564    .ARM.Collect$$$$00000004  mc_w.l(entry5.o)
    0x080000f4   0x080000f4   0x00000000   Code   RO         7566    .ARM.Collect$$$$00000008  mc_w.l(entry7b.o)
    0x080000f4   0x080000f4   0x00000000   Code   RO         7568    .ARM.Collect$$$$0000000A  mc_w.l(entry8b.o)
    0x080000f4   0x080000f4   0x00000008   Code   RO         7569    .ARM.Collect$$$$0000000B  mc_w.l(entry9a.o)
    0x080000fc   0x080000fc   0x00000000   Code   RO         7571    .ARM.Collect$$$$0000000D  mc_w.l(entry10a.o)
    0x080000fc   0x080000fc   0x00000000   Code   RO         7573    .ARM.Collect$$$$0000000F  mc_w.l(entry11a.o)
    0x080000fc   0x080000fc   0x00000004   Code   RO         7562    .ARM.Collect$$$$00002712  mc_w.l(entry2.o)
    0x08000100   0x08000100   0x00000096   Code   RO         7119    .emb_text           port_1.o
    0x08000196   0x08000196   0x00000002   PAD
    0x08000198   0x08000198   0x00000024   Code   RO            4    .text               startup_stm32f103xb.o
    0x080001bc   0x080001bc   0x00000020   Code   RO         7203    .text               mc_w.l(llushr.o)
    0x080001dc   0x080001dc   0x0000000c   Code   RO         7205    .text               mc_w.l(tolower.o)
    0x080001e8   0x080001e8   0x000000a8   Code   RO         7213    .text               mc_w.l(mktime.o)
    0x08000290   0x08000290   0x00000024   Code   RO         7216    .text               mc_w.l(memcpya.o)
    0x080002b4   0x080002b4   0x00000024   Code   RO         7220    .text               mc_w.l(memseta.o)
    0x080002d8   0x080002d8   0x00000024   Code   RO         7222    .text               mc_w.l(strstr.o)
    0x080002fc   0x080002fc   0x0000000e   Code   RO         7224    .text               mc_w.l(strlen.o)
    0x0800030a   0x0800030a   0x0000001c   Code   RO         7226    .text               mc_w.l(strcmp.o)
    0x08000326   0x08000326   0x0000001a   Code   RO         7228    .text               mc_w.l(memcmp.o)
    0x08000340   0x08000340   0x00000012   Code   RO         7230    .text               mc_w.l(strcpy.o)
    0x08000352   0x08000352   0x0000001e   Code   RO         7232    .text               mc_w.l(strncmp.o)
    0x08000370   0x08000370   0x00000360   Code   RO         7527    .text               mc_w.l(scanf_fp.o)
    0x080006d0   0x080006d0   0x00000064   Code   RO         7531    .text               mf_w.l(fmul.o)
    0x08000734   0x08000734   0x0000007c   Code   RO         7533    .text               mf_w.l(fdiv.o)
    0x080007b0   0x080007b0   0x0000014e   Code   RO         7535    .text               mf_w.l(dadd.o)
    0x080008fe   0x080008fe   0x000000e4   Code   RO         7537    .text               mf_w.l(dmul.o)
    0x080009e2   0x080009e2   0x000000de   Code   RO         7539    .text               mf_w.l(ddiv.o)
    0x08000ac0   0x08000ac0   0x0000002e   Code   RO         7541    .text               mf_w.l(dscalb.o)
    0x08000aee   0x08000aee   0x0000000a   Code   RO         7543    .text               mf_w.l(ffltui.o)
    0x08000af8   0x08000af8   0x0000001a   Code   RO         7547    .text               mf_w.l(dfltui.o)
    0x08000b12   0x08000b12   0x00000028   Code   RO         7549    .text               mf_w.l(ffixui.o)
    0x08000b3a   0x08000b3a   0x0000003e   Code   RO         7551    .text               mf_w.l(dfixi.o)
    0x08000b78   0x08000b78   0x00000030   Code   RO         7555    .text               mf_w.l(cdcmple.o)
    0x08000ba8   0x08000ba8   0x00000030   Code   RO         7557    .text               mf_w.l(cdrcmple.o)
    0x08000bd8   0x08000bd8   0x00000038   Code   RO         7559    .text               mf_w.l(d2f.o)
    0x08000c10   0x08000c10   0x0000002c   Code   RO         7576    .text               mc_w.l(uidiv.o)
    0x08000c3c   0x08000c3c   0x00000062   Code   RO         7578    .text               mc_w.l(uldiv.o)
    0x08000c9e   0x08000c9e   0x0000001e   Code   RO         7580    .text               mc_w.l(llshl.o)
    0x08000cbc   0x08000cbc   0x00000024   Code   RO         7582    .text               mc_w.l(llsshr.o)
    0x08000ce0   0x08000ce0   0x0000008c   Code   RO         7587    .text               mc_w.l(localtime_i.o)
    0x08000d6c   0x08000d6c   0x00000040   Code   RO         7594    .text               mc_w.l(_sgetc.o)
    0x08000dac   0x08000dac   0x0000009c   Code   RO         7596    .text               mc_w.l(strtod.o)
    0x08000e48   0x08000e48   0x00000000   Code   RO         7598    .text               mc_w.l(iusefp.o)
    0x08000e48   0x08000e48   0x0000006e   Code   RO         7599    .text               mf_w.l(fepilogue.o)
    0x08000eb6   0x08000eb6   0x000000ba   Code   RO         7601    .text               mf_w.l(depilogue.o)
    0x08000f70   0x08000f70   0x00000018   Code   RO         7603    .text               mf_w.l(dfltul.o)
    0x08000f88   0x08000f88   0x00000030   Code   RO         7605    .text               mf_w.l(dfixul.o)
    0x08000fb8   0x08000fb8   0x00000024   Code   RO         7607    .text               mc_w.l(init.o)
    0x08000fdc   0x08000fdc   0x0000000a   Code   RO         7609    .text               mc_w.l(isspace_c.o)
    0x08000fe6   0x08000fe6   0x00000002   PAD
    0x08000fe8   0x08000fe8   0x00000028   Code   RO         7613    .text               mc_w.l(ctype_c.o)
    0x08001010   0x08001010   0x00000056   Code   RO         7624    .text               mc_w.l(__dczerorl2.o)
    0x08001066   0x08001066   0x00000002   PAD
    0x08001068   0x08001068   0x00000056   Code   RO         3548    i.ADC_ConversionStop_Disable  stm32f1xx_hal_adc.o
    0x080010be   0x080010be   0x00000002   PAD
    0x080010c0   0x080010c0   0x0000007c   Code   RO         3552    i.ADC_Enable        stm32f1xx_hal_adc.o
    0x0800113c   0x0800113c   0x00000128   Code   RO         1501    i.ADC_VR_CPU_Read   adc.o
    0x08001264   0x08001264   0x0000002c   Code   RO           13    i.AHT20_DeInit      aht20.o
    0x08001290   0x08001290   0x00000040   Code   RO           14    i.AHT20_Init        aht20.o
    0x080012d0   0x080012d0   0x00000038   Code   RO           15    i.AHT20_Read        aht20.o
    0x08001308   0x08001308   0x000000fc   Code   RO           16    i.AHT20_ReadData    aht20.o
    0x08001404   0x08001404   0x00000020   Code   RO           17    i.AHT20_Read_Status  aht20.o
    0x08001424   0x08001424   0x00000020   Code   RO         1367    i.BEEP_Control      gpio.o
    0x08001444   0x08001444   0x00000002   Code   RO         1809    i.BusFault_Handler  stm32f1xx_it.o
    0x08001446   0x08001446   0x00000002   PAD
    0x08001448   0x08001448   0x0000000c   Code   RO         1810    i.DMA1_Channel3_IRQHandler  stm32f1xx_it.o
    0x08001454   0x08001454   0x0000000c   Code   RO         1811    i.DMA1_Channel5_IRQHandler  stm32f1xx_it.o
    0x08001460   0x08001460   0x0000002a   Code   RO         4204    i.DMA_SetConfig     stm32f1xx_hal_dma.o
    0x0800148a   0x0800148a   0x00000002   Code   RO         1812    i.DebugMon_Handler  stm32f1xx_it.o
    0x0800148c   0x0800148c   0x00000030   Code   RO          816    i.Dequeue           fifo.o
    0x080014bc   0x080014bc   0x00000026   Code   RO         1813    i.EXTI15_10_IRQHandler  stm32f1xx_it.o
    0x080014e2   0x080014e2   0x00000014   Code   RO         1814    i.EXTI9_5_IRQHandler  stm32f1xx_it.o
    0x080014f6   0x080014f6   0x00000002   PAD
    0x080014f8   0x080014f8   0x00000044   Code   RO          817    i.Enqueue           fifo.o
    0x0800153c   0x0800153c   0x00000030   Code   RO          818    i.Enqueue_Bytes     fifo.o
    0x0800156c   0x0800156c   0x00000004   Code   RO         1271    i.Error_Handler     main.o
    0x08001570   0x08001570   0x00000034   Code   RO         1019    i.Get_CPUID         mqtt.o
    0x080015a4   0x080015a4   0x000000d8   Code   RO         3728    i.HAL_ADCEx_Calibration_Start  stm32f1xx_hal_adc_ex.o
    0x0800167c   0x0800167c   0x000000fc   Code   RO         3554    i.HAL_ADC_ConfigChannel  stm32f1xx_hal_adc.o
    0x08001778   0x08001778   0x00000006   Code   RO         3561    i.HAL_ADC_GetValue  stm32f1xx_hal_adc.o
    0x0800177e   0x0800177e   0x00000002   PAD
    0x08001780   0x08001780   0x0000011c   Code   RO         3563    i.HAL_ADC_Init      stm32f1xx_hal_adc.o
    0x0800189c   0x0800189c   0x00000058   Code   RO         1505    i.HAL_ADC_MspInit   adc.o
    0x080018f4   0x080018f4   0x0000013c   Code   RO         3567    i.HAL_ADC_PollForConversion  stm32f1xx_hal_adc.o
    0x08001a30   0x08001a30   0x000000c0   Code   RO         3569    i.HAL_ADC_Start     stm32f1xx_hal_adc.o
    0x08001af0   0x08001af0   0x00000046   Code   RO         4205    i.HAL_DMA_Abort     stm32f1xx_hal_dma.o
    0x08001b36   0x08001b36   0x00000002   PAD
    0x08001b38   0x08001b38   0x00000098   Code   RO         4206    i.HAL_DMA_Abort_IT  stm32f1xx_hal_dma.o
    0x08001bd0   0x08001bd0   0x00000154   Code   RO         4210    i.HAL_DMA_IRQHandler  stm32f1xx_hal_dma.o
    0x08001d24   0x08001d24   0x0000005c   Code   RO         4211    i.HAL_DMA_Init      stm32f1xx_hal_dma.o
    0x08001d80   0x08001d80   0x00000070   Code   RO         4215    i.HAL_DMA_Start_IT  stm32f1xx_hal_dma.o
    0x08001df0   0x08001df0   0x00000024   Code   RO         3831    i.HAL_Delay         stm32f1xx_hal.o
    0x08001e14   0x08001e14   0x00000120   Code   RO         1815    i.HAL_GPIO_EXTI_Callback  stm32f1xx_it.o
    0x08001f34   0x08001f34   0x00000018   Code   RO         4140    i.HAL_GPIO_EXTI_IRQHandler  stm32f1xx_hal_gpio.o
    0x08001f4c   0x08001f4c   0x000001e0   Code   RO         4141    i.HAL_GPIO_Init     stm32f1xx_hal_gpio.o
    0x0800212c   0x0800212c   0x0000000a   Code   RO         4145    i.HAL_GPIO_WritePin  stm32f1xx_hal_gpio.o
    0x08002136   0x08002136   0x00000002   PAD
    0x08002138   0x08002138   0x0000000c   Code   RO         3835    i.HAL_GetTick       stm32f1xx_hal.o
    0x08002144   0x08002144   0x00000188   Code   RO         4812    i.HAL_I2C_Init      stm32f1xx_hal_i2c.o
    0x080022cc   0x080022cc   0x00000250   Code   RO         4818    i.HAL_I2C_Master_Receive  stm32f1xx_hal_i2c.o
    0x0800251c   0x0800251c   0x0000012c   Code   RO         4825    i.HAL_I2C_Master_Transmit  stm32f1xx_hal_i2c.o
    0x08002648   0x08002648   0x0000025c   Code   RO         4830    i.HAL_I2C_Mem_Read  stm32f1xx_hal_i2c.o
    0x080028a4   0x080028a4   0x00000130   Code   RO         4833    i.HAL_I2C_Mem_Write  stm32f1xx_hal_i2c.o
    0x080029d4   0x080029d4   0x0000005c   Code   RO         1592    i.HAL_I2C_MspInit   i2c.o
    0x08002a30   0x08002a30   0x00000010   Code   RO         3841    i.HAL_IncTick       stm32f1xx_hal.o
    0x08002a40   0x08002a40   0x00000024   Code   RO         3842    i.HAL_Init          stm32f1xx_hal.o
    0x08002a64   0x08002a64   0x0000008c   Code   RO         1961    i.HAL_InitTick      stm32f1xx_hal_timebase_tim.o
    0x08002af0   0x08002af0   0x00000048   Code   RO         1937    i.HAL_MspInit       stm32f1xx_hal_msp.o
    0x08002b38   0x08002b38   0x0000001a   Code   RO         4301    i.HAL_NVIC_EnableIRQ  stm32f1xx_hal_cortex.o
    0x08002b52   0x08002b52   0x00000002   PAD
    0x08002b54   0x08002b54   0x00000040   Code   RO         4307    i.HAL_NVIC_SetPriority  stm32f1xx_hal_cortex.o
    0x08002b94   0x08002b94   0x00000024   Code   RO         4308    i.HAL_NVIC_SetPriorityGrouping  stm32f1xx_hal_cortex.o
    0x08002bb8   0x08002bb8   0x0000000c   Code   RO         4423    i.HAL_PWR_EnableBkUpAccess  stm32f1xx_hal_pwr.o
    0x08002bc4   0x08002bc4   0x000000a4   Code   RO         4102    i.HAL_RCCEx_GetPeriphCLKFreq  stm32f1xx_hal_rcc_ex.o
    0x08002c68   0x08002c68   0x000000ec   Code   RO         4103    i.HAL_RCCEx_PeriphCLKConfig  stm32f1xx_hal_rcc_ex.o
    0x08002d54   0x08002d54   0x0000012c   Code   RO         3999    i.HAL_RCC_ClockConfig  stm32f1xx_hal_rcc.o
    0x08002e80   0x08002e80   0x00000040   Code   RO         4003    i.HAL_RCC_GetClockConfig  stm32f1xx_hal_rcc.o
    0x08002ec0   0x08002ec0   0x00000020   Code   RO         4006    i.HAL_RCC_GetPCLK1Freq  stm32f1xx_hal_rcc.o
    0x08002ee0   0x08002ee0   0x00000020   Code   RO         4007    i.HAL_RCC_GetPCLK2Freq  stm32f1xx_hal_rcc.o
    0x08002f00   0x08002f00   0x0000004c   Code   RO         4008    i.HAL_RCC_GetSysClockFreq  stm32f1xx_hal_rcc.o
    0x08002f4c   0x08002f4c   0x00000320   Code   RO         4011    i.HAL_RCC_OscConfig  stm32f1xx_hal_rcc.o
    0x0800326c   0x0800326c   0x00000010   Code   RO         5408    i.HAL_RTCEx_BKUPRead  stm32f1xx_hal_rtc_ex.o
    0x0800327c   0x0800327c   0x00000010   Code   RO         5409    i.HAL_RTCEx_BKUPWrite  stm32f1xx_hal_rtc_ex.o
    0x0800328c   0x0800328c   0x00000094   Code   RO         5246    i.HAL_RTC_Init      stm32f1xx_hal_rtc.o
    0x08003320   0x08003320   0x00000034   Code   RO         1639    i.HAL_RTC_MspInit   rtc.o
    0x08003354   0x08003354   0x000000c4   Code   RO         5252    i.HAL_RTC_SetDate   stm32f1xx_hal_rtc.o
    0x08003418   0x08003418   0x000000ac   Code   RO         5253    i.HAL_RTC_SetTime   stm32f1xx_hal_rtc.o
    0x080034c4   0x080034c4   0x0000003a   Code   RO         5254    i.HAL_RTC_WaitForSynchro  stm32f1xx_hal_rtc.o
    0x080034fe   0x080034fe   0x00000002   Code   RO         3281    i.HAL_TIMEx_BreakCallback  stm32f1xx_hal_tim_ex.o
    0x08003500   0x08003500   0x00000002   Code   RO         3282    i.HAL_TIMEx_CommutCallback  stm32f1xx_hal_tim_ex.o
    0x08003502   0x08003502   0x00000002   PAD
    0x08003504   0x08003504   0x00000068   Code   RO         3300    i.HAL_TIMEx_MasterConfigSynchronization  stm32f1xx_hal_tim_ex.o
    0x0800356c   0x0800356c   0x0000005a   Code   RO         2577    i.HAL_TIM_Base_Init  stm32f1xx_hal_tim.o
    0x080035c6   0x080035c6   0x00000002   PAD
    0x080035c8   0x080035c8   0x00000064   Code   RO         1695    i.HAL_TIM_Base_MspInit  tim.o
    0x0800362c   0x0800362c   0x00000058   Code   RO         2582    i.HAL_TIM_Base_Start_IT  stm32f1xx_hal_tim.o
    0x08003684   0x08003684   0x00000026   Code   RO         2583    i.HAL_TIM_Base_Stop  stm32f1xx_hal_tim.o
    0x080036aa   0x080036aa   0x000000dc   Code   RO         2586    i.HAL_TIM_ConfigClockSource  stm32f1xx_hal_tim.o
    0x08003786   0x08003786   0x00000002   Code   RO         2611    i.HAL_TIM_IC_CaptureCallback  stm32f1xx_hal_tim.o
    0x08003788   0x08003788   0x00000130   Code   RO         2625    i.HAL_TIM_IRQHandler  stm32f1xx_hal_tim.o
    0x080038b8   0x080038b8   0x00000002   Code   RO         2628    i.HAL_TIM_OC_DelayElapsedCallback  stm32f1xx_hal_tim.o
    0x080038ba   0x080038ba   0x00000002   Code   RO         2655    i.HAL_TIM_PWM_PulseFinishedCallback  stm32f1xx_hal_tim.o
    0x080038bc   0x080038bc   0x00000064   Code   RO         1272    i.HAL_TIM_PeriodElapsedCallback  main.o
    0x08003920   0x08003920   0x00000002   Code   RO         2668    i.HAL_TIM_TriggerCallback  stm32f1xx_hal_tim.o
    0x08003922   0x08003922   0x00000002   Code   RO         5522    i.HAL_UARTEx_RxEventCallback  stm32f1xx_hal_uart.o
    0x08003924   0x08003924   0x00000070   Code   RO         5534    i.HAL_UART_DMAStop  stm32f1xx_hal_uart.o
    0x08003994   0x08003994   0x00000002   Code   RO         5536    i.HAL_UART_ErrorCallback  stm32f1xx_hal_uart.o
    0x08003996   0x08003996   0x00000002   PAD
    0x08003998   0x08003998   0x0000026c   Code   RO         5539    i.HAL_UART_IRQHandler  stm32f1xx_hal_uart.o
    0x08003c04   0x08003c04   0x00000064   Code   RO         5540    i.HAL_UART_Init     stm32f1xx_hal_uart.o
    0x08003c68   0x08003c68   0x000001a4   Code   RO         1743    i.HAL_UART_MspInit  usart.o
    0x08003e0c   0x08003e0c   0x0000001c   Code   RO         5544    i.HAL_UART_Receive_DMA  stm32f1xx_hal_uart.o
    0x08003e28   0x08003e28   0x00000074   Code   RO         1816    i.HAL_UART_RxCpltCallback  stm32f1xx_it.o
    0x08003e9c   0x08003e9c   0x00000088   Code   RO         1817    i.HAL_UART_RxHalfCpltCallback  stm32f1xx_it.o
    0x08003f24   0x08003f24   0x000000a0   Code   RO         5548    i.HAL_UART_Transmit  stm32f1xx_hal_uart.o
    0x08003fc4   0x08003fc4   0x00000002   Code   RO         5551    i.HAL_UART_TxCpltCallback  stm32f1xx_hal_uart.o
    0x08003fc6   0x08003fc6   0x00000002   Code   RO         1818    i.HardFault_Handler  stm32f1xx_it.o
    0x08003fc8   0x08003fc8   0x0000002e   Code   RO         4855    i.I2C_IsAcknowledgeFailed  stm32f1xx_hal_i2c.o
    0x08003ff6   0x08003ff6   0x00000002   PAD
    0x08003ff8   0x08003ff8   0x000000ec   Code   RO         4858    i.I2C_MasterRequestRead  stm32f1xx_hal_i2c.o
    0x080040e4   0x080040e4   0x0000009c   Code   RO         4859    i.I2C_MasterRequestWrite  stm32f1xx_hal_i2c.o
    0x08004180   0x08004180   0x000000fc   Code   RO         4865    i.I2C_RequestMemoryRead  stm32f1xx_hal_i2c.o
    0x0800427c   0x0800427c   0x000000a8   Code   RO         4866    i.I2C_RequestMemoryWrite  stm32f1xx_hal_i2c.o
    0x08004324   0x08004324   0x00000056   Code   RO         4870    i.I2C_WaitOnBTFFlagUntilTimeout  stm32f1xx_hal_i2c.o
    0x0800437a   0x0800437a   0x00000002   PAD
    0x0800437c   0x0800437c   0x00000090   Code   RO         4871    i.I2C_WaitOnFlagUntilTimeout  stm32f1xx_hal_i2c.o
    0x0800440c   0x0800440c   0x000000bc   Code   RO         4872    i.I2C_WaitOnMasterAddressFlagUntilTimeout  stm32f1xx_hal_i2c.o
    0x080044c8   0x080044c8   0x00000070   Code   RO         4873    i.I2C_WaitOnRXNEFlagUntilTimeout  stm32f1xx_hal_i2c.o
    0x08004538   0x08004538   0x00000056   Code   RO         4874    i.I2C_WaitOnTXEFlagUntilTimeout  stm32f1xx_hal_i2c.o
    0x0800458e   0x0800458e   0x00000002   PAD
    0x08004590   0x08004590   0x0000004c   Code   RO          878    i.INA226_Init       ina226.o
    0x080045dc   0x080045dc   0x00000080   Code   RO          879    i.INA226_Read       ina226.o
    0x0800465c   0x0800465c   0x00000038   Code   RO          880    i.INA226_Read_Bus_Voltage  ina226.o
    0x08004694   0x08004694   0x00000038   Code   RO          881    i.INA226_Read_Current  ina226.o
    0x080046cc   0x080046cc   0x00000038   Code   RO          882    i.INA226_Read_Pow   ina226.o
    0x08004704   0x08004704   0x00000030   Code   RO         1371    i.LED_Control       gpio.o
    0x08004734   0x08004734   0x00000304   Code   RO         1020    i.ML307_Connect_MQTTServer  mqtt.o
    0x08004a38   0x08004a38   0x00000014   Code   RO         1444    i.MQTTTask          freertos.o
    0x08004a4c   0x08004a4c   0x0000003c   Code   RO         1021    i.MQTT_Connect_Server  mqtt.o
    0x08004a88   0x08004a88   0x000000d8   Code   RO         1022    i.MQTT_Parse_JsonData  mqtt.o
    0x08004b60   0x08004b60   0x000000a8   Code   RO         1023    i.MQTT_SendData     mqtt.o
    0x08004c08   0x08004c08   0x00000054   Code   RO         1506    i.MX_ADC1_Init      adc.o
    0x08004c5c   0x08004c5c   0x0000003c   Code   RO         1566    i.MX_DMA_Init       dma.o
    0x08004c98   0x08004c98   0x0000003c   Code   RO         1445    i.MX_FREERTOS_Init  freertos.o
    0x08004cd4   0x08004cd4   0x00000110   Code   RO         1373    i.MX_GPIO_Init      gpio.o
    0x08004de4   0x08004de4   0x00000040   Code   RO         1593    i.MX_I2C1_Init      i2c.o
    0x08004e24   0x08004e24   0x000000b4   Code   RO         1640    i.MX_RTC_Init       rtc.o
    0x08004ed8   0x08004ed8   0x00000068   Code   RO         1696    i.MX_TIM3_Init      tim.o
    0x08004f40   0x08004f40   0x00000068   Code   RO         1697    i.MX_TIM4_Init      tim.o
    0x08004fa8   0x08004fa8   0x00000038   Code   RO         1744    i.MX_USART1_UART_Init  usart.o
    0x08004fe0   0x08004fe0   0x00000038   Code   RO         1745    i.MX_USART2_UART_Init  usart.o
    0x08005018   0x08005018   0x00000038   Code   RO         1746    i.MX_USART3_UART_Init  usart.o
    0x08005050   0x08005050   0x00000002   Code   RO         1819    i.MemManage_Handler  stm32f1xx_it.o
    0x08005052   0x08005052   0x00000014   Code   RO         1446    i.ModbusTask        freertos.o
    0x08005066   0x08005066   0x00000002   PAD
    0x08005068   0x08005068   0x00000048   Code   RO          942    i.Modbus_Init       modbus.o
    0x080050b0   0x080050b0   0x0000008c   Code   RO          943    i.Modbus_Parse      modbus.o
    0x0800513c   0x0800513c   0x00000002   Code   RO         1820    i.NMI_Handler       stm32f1xx_it.o
    0x0800513e   0x0800513e   0x00000006   Code   RO         1101    i.OLED_CLS          oled.o
    0x08005144   0x08005144   0x00000038   Code   RO         1103    i.OLED_Fill         oled.o
    0x0800517c   0x0800517c   0x000000b4   Code   RO         1104    i.OLED_Init         oled.o
    0x08005230   0x08005230   0x00000026   Code   RO         1107    i.OLED_SetPos       oled.o
    0x08005256   0x08005256   0x00000002   PAD
    0x08005258   0x08005258   0x000000d8   Code   RO         1109    i.OLED_ShowStr      oled.o
    0x08005330   0x08005330   0x00000010   Code   RO          820    i.Queue_IsEmpty     fifo.o
    0x08005340   0x08005340   0x00000022   Code   RO          821    i.Queue_IsFull      fifo.o
    0x08005362   0x08005362   0x00000002   PAD
    0x08005364   0x08005364   0x00000020   Code   RO         1374    i.RELAY_Control     gpio.o
    0x08005384   0x08005384   0x00000012   Code   RO         5255    i.RTC_Bcd2ToByte    stm32f1xx_hal_rtc.o
    0x08005396   0x08005396   0x00000034   Code   RO         5258    i.RTC_EnterInitMode  stm32f1xx_hal_rtc.o
    0x080053ca   0x080053ca   0x00000002   PAD
    0x080053cc   0x080053cc   0x00000036   Code   RO         5259    i.RTC_ExitInitMode  stm32f1xx_hal_rtc.o
    0x08005402   0x08005402   0x0000000e   Code   RO         5260    i.RTC_ReadAlarmCounter  stm32f1xx_hal_rtc.o
    0x08005410   0x08005410   0x00000020   Code   RO         5261    i.RTC_ReadTimeCounter  stm32f1xx_hal_rtc.o
    0x08005430   0x08005430   0x00000056   Code   RO         5262    i.RTC_WeekDayNum    stm32f1xx_hal_rtc.o
    0x08005486   0x08005486   0x00000028   Code   RO         5263    i.RTC_WriteAlarmCounter  stm32f1xx_hal_rtc.o
    0x080054ae   0x080054ae   0x00000002   PAD
    0x080054b0   0x080054b0   0x00000070   Code   RO         1642    i.RTC_WriteTimeCounter  rtc.o
    0x08005520   0x08005520   0x00000028   Code   RO         5264    i.RTC_WriteTimeCounter  stm32f1xx_hal_rtc.o
    0x08005548   0x08005548   0x00000030   Code   RO          944    i.Read_SlaveAddress  modbus.o
    0x08005578   0x08005578   0x0000002c   Code   RO         7120    i.SysTick_Handler   port_1.o
    0x080055a4   0x080055a4   0x00000086   Code   RO         1273    i.SystemClock_Config  main.o
    0x0800562a   0x0800562a   0x00000002   Code   RO         5874    i.SystemInit        system_stm32f1xx.o
    0x0800562c   0x0800562c   0x0000000c   Code   RO         1821    i.TIM1_UP_IRQHandler  stm32f1xx_it.o
    0x08005638   0x08005638   0x00000020   Code   RO         2497    i.TIM3_IRQHandler   porttimer.o
    0x08005658   0x08005658   0x0000000c   Code   RO         1822    i.TIM4_IRQHandler   stm32f1xx_it.o
    0x08005664   0x08005664   0x00000078   Code   RO         2670    i.TIM_Base_SetConfig  stm32f1xx_hal_tim.o
    0x080056dc   0x080056dc   0x00000014   Code   RO         2681    i.TIM_ETR_SetConfig  stm32f1xx_hal_tim.o
    0x080056f0   0x080056f0   0x00000010   Code   RO         2682    i.TIM_ITRx_SetConfig  stm32f1xx_hal_tim.o
    0x08005700   0x08005700   0x00000022   Code   RO         2688    i.TIM_TI1_ConfigInputStage  stm32f1xx_hal_tim.o
    0x08005722   0x08005722   0x00000024   Code   RO         2690    i.TIM_TI2_ConfigInputStage  stm32f1xx_hal_tim.o
    0x08005746   0x08005746   0x00000002   PAD
    0x08005748   0x08005748   0x00000024   Code   RO         1198    i.Test_WIFI4G_CMD_Status  wifi4g.o
    0x0800576c   0x0800576c   0x00000010   Code   RO         5553    i.UART_DMAAbortOnError  stm32f1xx_hal_uart.o
    0x0800577c   0x0800577c   0x0000004a   Code   RO         5554    i.UART_DMAError     stm32f1xx_hal_uart.o
    0x080057c6   0x080057c6   0x00000086   Code   RO         5555    i.UART_DMAReceiveCplt  stm32f1xx_hal_uart.o
    0x0800584c   0x0800584c   0x0000001e   Code   RO         5557    i.UART_DMARxHalfCplt  stm32f1xx_hal_uart.o
    0x0800586a   0x0800586a   0x0000004e   Code   RO         5563    i.UART_EndRxTransfer  stm32f1xx_hal_uart.o
    0x080058b8   0x080058b8   0x0000001c   Code   RO         5564    i.UART_EndTxTransfer  stm32f1xx_hal_uart.o
    0x080058d4   0x080058d4   0x000000c2   Code   RO         5565    i.UART_Receive_IT   stm32f1xx_hal_uart.o
    0x08005996   0x08005996   0x00000002   PAD
    0x08005998   0x08005998   0x000000b8   Code   RO         5566    i.UART_SetConfig    stm32f1xx_hal_uart.o
    0x08005a50   0x08005a50   0x00000090   Code   RO         5567    i.UART_Start_Receive_DMA  stm32f1xx_hal_uart.o
    0x08005ae0   0x08005ae0   0x00000072   Code   RO         5569    i.UART_WaitOnFlagUntilTimeout  stm32f1xx_hal_uart.o
    0x08005b52   0x08005b52   0x00000002   PAD
    0x08005b54   0x08005b54   0x00000018   Code   RO         1823    i.USART1_IRQHandler  stm32f1xx_it.o
    0x08005b6c   0x08005b6c   0x00000044   Code   RO         2446    i.USART2_IRQHandler  portserial.o
    0x08005bb0   0x08005bb0   0x00000018   Code   RO         1824    i.USART3_IRQHandler  stm32f1xx_it.o
    0x08005bc8   0x08005bc8   0x00000130   Code   RO         1825    i.USER_UART_IRQHandler  stm32f1xx_it.o
    0x08005cf8   0x08005cf8   0x00000002   Code   RO         1826    i.UsageFault_Handler  stm32f1xx_it.o
    0x08005cfa   0x08005cfa   0x00000002   PAD
    0x08005cfc   0x08005cfc   0x000000a0   Code   RO         1199    i.WIFI4G_Parse_Queue  wifi4g.o
    0x08005d9c   0x08005d9c   0x00000024   Code   RO         1111    i.WriteCmd          oled.o
    0x08005dc0   0x08005dc0   0x00000024   Code   RO         1112    i.WriteDat          oled.o
    0x08005de4   0x08005de4   0x00000028   Code   RO          945    i.Write_SlaveAddress  modbus.o
    0x08005e0c   0x08005e0c   0x00000020   Code   RO         7469    i.__0printf         mc_w.l(printfa.o)
    0x08005e2c   0x08005e2c   0x00000028   Code   RO         7471    i.__0sprintf        mc_w.l(printfa.o)
    0x08005e54   0x08005e54   0x00000020   Code   RO         4314    i.__NVIC_SetPriority  stm32f1xx_hal_cortex.o
    0x08005e74   0x08005e74   0x0000005c   Code   RO         7501    i.__free$realloc    mc_w.l(mallocr.o)
    0x08005ed0   0x08005ed0   0x00000050   Code   RO         7502    i.__malloc$realloc  mc_w.l(mallocr.o)
    0x08005f20   0x08005f20   0x0000000e   Code   RO         7618    i.__scatterload_copy  mc_w.l(handlers.o)
    0x08005f2e   0x08005f2e   0x00000002   Code   RO         7619    i.__scatterload_null  mc_w.l(handlers.o)
    0x08005f30   0x08005f30   0x0000000e   Code   RO         7620    i.__scatterload_zeroinit  mc_w.l(handlers.o)
    0x08005f3e   0x08005f3e   0x00000002   PAD
    0x08005f40   0x08005f40   0x00000184   Code   RO         7476    i._fp_digits        mc_w.l(printfa.o)
    0x080060c4   0x080060c4   0x0000000e   Code   RO         7529    i._is_digit         mc_w.l(scanf_fp.o)
    0x080060d2   0x080060d2   0x00000002   PAD
    0x080060d4   0x080060d4   0x000006dc   Code   RO         7477    i._printf_core      mc_w.l(printfa.o)
    0x080067b0   0x080067b0   0x00000024   Code   RO         7478    i._printf_post_padding  mc_w.l(printfa.o)
    0x080067d4   0x080067d4   0x0000002e   Code   RO         7479    i._printf_pre_padding  mc_w.l(printfa.o)
    0x08006802   0x08006802   0x0000000a   Code   RO         7481    i._sputc            mc_w.l(printfa.o)
    0x0800680c   0x0800680c   0x00000030   Code   RO          190    i.buffer_skip_whitespace  cjson.o
    0x0800683c   0x0800683c   0x00000050   Code   RO          222    i.cJSON_Delete      cjson.o
    0x0800688c   0x0800688c   0x00000006   Code   RO          236    i.cJSON_GetObjectItem  cjson.o
    0x08006892   0x08006892   0x00000016   Code   RO          253    i.cJSON_New_Item    cjson.o
    0x080068a8   0x080068a8   0x00000008   Code   RO          254    i.cJSON_Parse       cjson.o
    0x080068b0   0x080068b0   0x000000dc   Code   RO          256    i.cJSON_ParseWithLengthOpts  cjson.o
    0x0800698c   0x0800698c   0x00000022   Code   RO          257    i.cJSON_ParseWithOpts  cjson.o
    0x080069ae   0x080069ae   0x00000002   PAD
    0x080069b0   0x080069b0   0x00000030   Code   RO         2080    i.eMBASCIIInit      mbascii.o
    0x080069e0   0x080069e0   0x00000048   Code   RO         2081    i.eMBASCIIReceive   mbascii.o
    0x08006a28   0x08006a28   0x00000048   Code   RO         2082    i.eMBASCIISend      mbascii.o
    0x08006a70   0x08006a70   0x0000001c   Code   RO         2083    i.eMBASCIIStart     mbascii.o
    0x08006a8c   0x08006a8c   0x00000012   Code   RO         2084    i.eMBASCIIStop      mbascii.o
    0x08006a9e   0x08006a9e   0x00000002   PAD
    0x08006aa0   0x08006aa0   0x00000020   Code   RO         1997    i.eMBClose          mb.o
    0x08006ac0   0x08006ac0   0x00000020   Code   RO         1998    i.eMBDisable        mb.o
    0x08006ae0   0x08006ae0   0x00000020   Code   RO         1999    i.eMBEnable         mb.o
    0x08006b00   0x08006b00   0x00000072   Code   RO         2171    i.eMBFuncReadCoils  mbfunccoils.o
    0x08006b72   0x08006b72   0x00000072   Code   RO         2198    i.eMBFuncReadDiscreteInputs  mbfuncdisc.o
    0x08006be4   0x08006be4   0x0000005e   Code   RO         2210    i.eMBFuncReadHoldingRegister  mbfuncholding.o
    0x08006c42   0x08006c42   0x00000062   Code   RO         2240    i.eMBFuncReadInputRegister  mbfuncinput.o
    0x08006ca4   0x08006ca4   0x0000009c   Code   RO         2211    i.eMBFuncReadWriteMultipleHoldingRegister  mbfuncholding.o
    0x08006d40   0x08006d40   0x00000024   Code   RO         2252    i.eMBFuncReportSlaveID  mbfuncother.o
    0x08006d64   0x08006d64   0x00000056   Code   RO         2172    i.eMBFuncWriteCoil  mbfunccoils.o
    0x08006dba   0x08006dba   0x00000032   Code   RO         2212    i.eMBFuncWriteHoldingRegister  mbfuncholding.o
    0x08006dec   0x08006dec   0x00000064   Code   RO         2173    i.eMBFuncWriteMultipleCoils  mbfunccoils.o
    0x08006e50   0x08006e50   0x0000004e   Code   RO         2213    i.eMBFuncWriteMultipleHoldingRegister  mbfuncholding.o
    0x08006e9e   0x08006e9e   0x00000002   PAD
    0x08006ea0   0x08006ea0   0x000000cc   Code   RO         2000    i.eMBInit           mb.o
    0x08006f6c   0x08006f6c   0x000000b8   Code   RO         2001    i.eMBPoll           mb.o
    0x08007024   0x08007024   0x0000003c   Code   RO         2273    i.eMBRTUInit        mbrtu.o
    0x08007060   0x08007060   0x00000050   Code   RO         2274    i.eMBRTUReceive     mbrtu.o
    0x080070b0   0x080070b0   0x00000058   Code   RO         2275    i.eMBRTUSend        mbrtu.o
    0x08007108   0x08007108   0x0000001c   Code   RO         2276    i.eMBRTUStart       mbrtu.o
    0x08007124   0x08007124   0x00000012   Code   RO         2277    i.eMBRTUStop        mbrtu.o
    0x08007136   0x08007136   0x00000002   PAD
    0x08007138   0x08007138   0x0000009c   Code   RO         2367    i.eMBRegCoilsCB     port.o
    0x080071d4   0x080071d4   0x00000080   Code   RO         2368    i.eMBRegDiscreteCB  port.o
    0x08007254   0x08007254   0x00000068   Code   RO         2369    i.eMBRegHoldingCB   port.o
    0x080072bc   0x080072bc   0x00000050   Code   RO         2370    i.eMBRegInputCB     port.o
    0x0800730c   0x0800730c   0x00000018   Code   RO         1747    i.fputc             usart.o
    0x08007324   0x08007324   0x0000007a   Code   RO          276    i.get_object_item   cjson.o
    0x0800739e   0x0800739e   0x00000002   PAD
    0x080073a0   0x080073a0   0x00000050   Code   RO         7503    i.internal_alloc    mc_w.l(mallocr.o)
    0x080073f0   0x080073f0   0x000000dc   Code   RO         1274    i.main              main.o
    0x080074cc   0x080074cc   0x0000000c   Code   RO         6685    i.makeFreeRtosPriority  cmsis_os.o
    0x080074d8   0x080074d8   0x0000000e   Code   RO         6687    i.osDelay           cmsis_os.o
    0x080074e6   0x080074e6   0x0000000a   Code   RO         6690    i.osKernelStart     cmsis_os.o
    0x080074f0   0x080074f0   0x00000054   Code   RO         6724    i.osThreadCreate    cmsis_os.o
    0x08007544   0x08007544   0x000000d0   Code   RO          278    i.parse_array       cjson.o
    0x08007614   0x08007614   0x00000040   Code   RO          279    i.parse_hex4        cjson.o
    0x08007654   0x08007654   0x0000012c   Code   RO          280    i.parse_number      cjson.o
    0x08007780   0x08007780   0x00000110   Code   RO          281    i.parse_object      cjson.o
    0x08007890   0x08007890   0x0000010c   Code   RO          282    i.parse_string      cjson.o
    0x0800799c   0x0800799c   0x000000fc   Code   RO          283    i.parse_value       cjson.o
    0x08007a98   0x08007a98   0x00000070   Code   RO         6367    i.prvAddCurrentTaskToDelayedList  tasks.o
    0x08007b08   0x08007b08   0x000000d0   Code   RO         6368    i.prvAddNewTaskToReadyList  tasks.o
    0x08007bd8   0x08007bd8   0x00000034   Code   RO         6369    i.prvDeleteTCB      tasks.o
    0x08007c0c   0x08007c0c   0x0000004c   Code   RO         7052    i.prvHeapInit       heap_4.o
    0x08007c58   0x08007c58   0x00000060   Code   RO         6370    i.prvIdleTask       tasks.o
    0x08007cb8   0x08007cb8   0x00000098   Code   RO         6371    i.prvInitialiseNewTask  tasks.o
    0x08007d50   0x08007d50   0x0000004c   Code   RO         7053    i.prvInsertBlockIntoFreeList  heap_4.o
    0x08007d9c   0x08007d9c   0x00000020   Code   RO         6372    i.prvResetNextTaskUnblockTime  tasks.o
    0x08007dbc   0x08007dbc   0x00000028   Code   RO         7121    i.prvTaskExitError  port_1.o
    0x08007de4   0x08007de4   0x00000018   Code   RO         2340    i.prveMBError2Exception  mbutils.o
    0x08007dfc   0x08007dfc   0x0000001c   Code   RO         2085    i.prvucMBBIN2CHAR   mbascii.o
    0x08007e18   0x08007e18   0x00000018   Code   RO         2086    i.prvucMBLRC        mbascii.o
    0x08007e30   0x08007e30   0x000000dc   Code   RO         7054    i.pvPortMalloc      heap_4.o
    0x08007f0c   0x08007f0c   0x00000024   Code   RO         7122    i.pxPortInitialiseStack  port_1.o
    0x08007f30   0x08007f30   0x0000006c   Code   RO         7504    i.realloc           mc_w.l(mallocr.o)
    0x08007f9c   0x08007f9c   0x0000001c   Code   RO         7197    i.strtod            m_ws.l(strtod.o)
    0x08007fb8   0x08007fb8   0x0000002c   Code   RO         2154    i.usMBCRC16         mbcrc.o
    0x08007fe4   0x08007fe4   0x000000d2   Code   RO          292    i.utf16_literal_to_utf8  cjson.o
    0x080080b6   0x080080b6   0x00000026   Code   RO         6009    i.uxListRemove      list.o
    0x080080dc   0x080080dc   0x00000014   Code   RO         1447    i.vApplicationGetIdleTaskMemory  freertos.o
    0x080080f0   0x080080f0   0x00000016   Code   RO         6010    i.vListInitialise   list.o
    0x08008106   0x08008106   0x00000006   Code   RO         6011    i.vListInitialiseItem  list.o
    0x0800810c   0x0800810c   0x00000030   Code   RO         6012    i.vListInsert       list.o
    0x0800813c   0x0800813c   0x00000018   Code   RO         6013    i.vListInsertEnd    list.o
    0x08008154   0x08008154   0x00000054   Code   RO         2447    i.vMBPortSerialEnable  portserial.o
    0x080081a8   0x080081a8   0x00000024   Code   RO         2527    i.vMBPortTimersDisable  porttimer.o
    0x080081cc   0x080081cc   0x00000018   Code   RO         2521    i.vMBPortTimersEnable  porttimer.o
    0x080081e4   0x080081e4   0x00000040   Code   RO         7124    i.vPortEnterCritical  port_1.o
    0x08008224   0x08008224   0x00000028   Code   RO         7125    i.vPortExitCritical  port_1.o
    0x0800824c   0x0800824c   0x00000064   Code   RO         7055    i.vPortFree         heap_4.o
    0x080082b0   0x080082b0   0x00000024   Code   RO         7126    i.vPortSetupTimerInterrupt  port_1.o
    0x080082d4   0x080082d4   0x0000004c   Code   RO         6381    i.vTaskDelay        tasks.o
    0x08008320   0x08008320   0x0000006c   Code   RO         6394    i.vTaskStartScheduler  tasks.o
    0x0800838c   0x0800838c   0x00000010   Code   RO         6396    i.vTaskSuspendAll   tasks.o
    0x0800839c   0x0800839c   0x0000005c   Code   RO         6397    i.vTaskSwitchContext  tasks.o
    0x080083f8   0x080083f8   0x000000e4   Code   RO         2087    i.xMBASCIIReceiveFSM  mbascii.o
    0x080084dc   0x080084dc   0x00000030   Code   RO         2088    i.xMBASCIITimerT1SExpired  mbascii.o
    0x0800850c   0x0800850c   0x000000ac   Code   RO         2089    i.xMBASCIITransmitFSM  mbascii.o
    0x080085b8   0x080085b8   0x0000001c   Code   RO         2417    i.xMBPortEventGet   portevent.o
    0x080085d4   0x080085d4   0x00000010   Code   RO         2418    i.xMBPortEventInit  portevent.o
    0x080085e4   0x080085e4   0x00000010   Code   RO         2419    i.xMBPortEventPost  portevent.o
    0x080085f4   0x080085f4   0x00000010   Code   RO         2448    i.xMBPortSerialGetByte  portserial.o
    0x08008604   0x08008604   0x00000050   Code   RO         2449    i.xMBPortSerialInit  portserial.o
    0x08008654   0x08008654   0x0000000c   Code   RO         2450    i.xMBPortSerialPutByte  portserial.o
    0x08008660   0x08008660   0x00000074   Code   RO         2498    i.xMBPortTimersInit  porttimer.o
    0x080086d4   0x080086d4   0x00000068   Code   RO         2278    i.xMBRTUReceiveFSM  mbrtu.o
    0x0800873c   0x0800873c   0x00000040   Code   RO         2279    i.xMBRTUTimerT35Expired  mbrtu.o
    0x0800877c   0x0800877c   0x0000005c   Code   RO         2280    i.xMBRTUTransmitFSM  mbrtu.o
    0x080087d8   0x080087d8   0x000000a8   Code   RO         7128    i.xPortStartScheduler  port_1.o
    0x08008880   0x08008880   0x0000005a   Code   RO         6400    i.xTaskCreate       tasks.o
    0x080088da   0x080088da   0x00000056   Code   RO         6401    i.xTaskCreateStatic  tasks.o
    0x08008930   0x08008930   0x000000cc   Code   RO         6408    i.xTaskIncrementTick  tasks.o
    0x080089fc   0x080089fc   0x000000c4   Code   RO         6414    i.xTaskResumeAll    tasks.o
    0x08008ac0   0x08008ac0   0x00000818   Data   RO         1113    .constdata          oled.o
    0x080092d8   0x080092d8   0x00000038   Data   RO         1449    .constdata          freertos.o
    0x08009310   0x08009310   0x00000200   Data   RO         2155    .constdata          mbcrc.o
    0x08009510   0x08009510   0x00000012   Data   RO         4012    .constdata          stm32f1xx_hal_rcc.o
    0x08009522   0x08009522   0x00000012   Data   RO         4104    .constdata          stm32f1xx_hal_rcc_ex.o
    0x08009534   0x08009534   0x00000010   Data   RO         5875    .constdata          system_stm32f1xx.o
    0x08009544   0x08009544   0x00000008   Data   RO         5876    .constdata          system_stm32f1xx.o
    0x0800954c   0x0800954c   0x0000000c   Data   RO         7214    .constdata          mc_w.l(mktime.o)
    0x08009558   0x08009558   0x0000000c   Data   RO         7588    .constdata          mc_w.l(localtime_i.o)
    0x08009564   0x08009564   0x00000040   Data   RO         7614    .constdata          mc_w.l(ctype_c.o)
    0x080095a4   0x080095a4   0x0000000f   Data   RO         1450    .conststring        freertos.o
    0x080095b3   0x080095b3   0x00000001   PAD
    0x080095b4   0x080095b4   0x00000020   Data   RO         7616    Region$$Table       anon$$obj.o


    Execution Region RW_IRAM1 (Exec base: 0x20000000, Load base: 0x080095d4, Size: 0x000020c8, Max: 0x00005000, ABSOLUTE, COMPRESSED[0x00000068])

    Exec Addr    Load Addr    Size         Type   Attr      Idx    E Section Name        Object

    0x20000000   COMPRESSED   0x00000008   Data   RW           19    .data               aht20.o
    0x20000008   COMPRESSED   0x00000014   Data   RW          294    .data               cjson.o
    0x2000001c   COMPRESSED   0x00000003   Data   RW          946    .data               modbus.o
    0x2000001f   COMPRESSED   0x00000001   Data   RW         1026    .data               mqtt.o
    0x20000020   COMPRESSED   0x00000002   Data   RW         1202    .data               wifi4g.o
    0x20000022   COMPRESSED   0x00000002   PAD
    0x20000024   COMPRESSED   0x00000004   Data   RW         1275    .data               main.o
    0x20000028   COMPRESSED   0x00000001   Data   RW         1376    .data               gpio.o
    0x20000029   COMPRESSED   0x00000003   PAD
    0x2000002c   COMPRESSED   0x00000008   Data   RW         1451    .data               freertos.o
    0x20000034   COMPRESSED   0x00000001   Data   RW         1751    .data               usart.o
    0x20000035   COMPRESSED   0x00000001   Data   RW         1752    .data               usart.o
    0x20000036   COMPRESSED   0x00000002   PAD
    0x20000038   COMPRESSED   0x00000004   Data   RW         1827    .data               stm32f1xx_it.o
    0x2000003c   COMPRESSED   0x000000ac   Data   RW         2003    .data               mb.o
    0x200000e8   COMPRESSED   0x00000010   Data   RW         2090    .data               mbascii.o
    0x200000f8   COMPRESSED   0x00000002   Data   RW         2255    .data               mbfuncother.o
    0x200000fa   COMPRESSED   0x00000002   PAD
    0x200000fc   COMPRESSED   0x0000000c   Data   RW         2282    .data               mbrtu.o
    0x20000108   COMPRESSED   0x00000014   Data   RW         2372    .data               port.o
    0x2000011c   COMPRESSED   0x00000002   Data   RW         2420    .data               portevent.o
    0x2000011e   COMPRESSED   0x00000002   PAD
    0x20000120   COMPRESSED   0x0000000c   Data   RW         3849    .data               stm32f1xx_hal.o
    0x2000012c   COMPRESSED   0x00000004   Data   RW         5877    .data               system_stm32f1xx.o
    0x20000130   COMPRESSED   0x0000003c   Data   RW         6417    .data               tasks.o
    0x2000016c   COMPRESSED   0x00000020   Data   RW         7061    .data               heap_4.o
    0x2000018c   COMPRESSED   0x0000000c   Data   RW         7129    .data               port_1.o
    0x20000198   COMPRESSED   0x00000004   Data   RW         7575    .data               mc_w.l(stdout.o)
    0x2000019c   COMPRESSED   0x00000004   Data   RW         7590    .data               mc_w.l(mvars.o)
    0x200001a0   COMPRESSED   0x00000004   Data   RW         7591    .data               mc_w.l(mvars.o)
    0x200001a4        -       0x00000108   Zero   RW          823    .bss                fifo.o
    0x200002ac        -       0x000001a0   Zero   RW         1024    .bss                mqtt.o
    0x2000044c        -       0x00000120   Zero   RW         1200    .bss                wifi4g.o
    0x2000056c        -       0x00000254   Zero   RW         1448    .bss                freertos.o
    0x200007c0        -       0x00000030   Zero   RW         1507    .bss                adc.o
    0x200007f0        -       0x00000054   Zero   RW         1594    .bss                i2c.o
    0x20000844        -       0x00000014   Zero   RW         1643    .bss                rtc.o
    0x20000858        -       0x00000090   Zero   RW         1698    .bss                tim.o
    0x200008e8        -       0x00000100   Zero   RW         1748    .bss                usart.o
    0x200009e8        -       0x00000100   Zero   RW         1749    .bss                usart.o
    0x20000ae8        -       0x00000160   Zero   RW         1750    .bss                usart.o
    0x20000c48        -       0x00000048   Zero   RW         1964    .bss                stm32f1xx_hal_timebase_tim.o
    0x20000c90        -       0x00000020   Zero   RW         2254    .bss                mbfuncother.o
    0x20000cb0        -       0x00000100   Zero   RW         2281    .bss                mbrtu.o
    0x20000db0        -       0x00000028   Zero   RW         2371    .bss                port.o
    0x20000dd8        -       0x000000f0   Zero   RW         6416    .bss                tasks.o
    0x20000ec8        -       0x00000c00   Zero   RW         7060    .bss                heap_4.o
    0x20001ac8        -       0x00000200   Zero   RW            2    HEAP                startup_stm32f103xb.o
    0x20001cc8        -       0x00000400   Zero   RW            1    STACK               startup_stm32f103xb.o


==============================================================================

Image component sizes


      Code (inc. data)   RO Data    RW Data    ZI Data      Debug   Object Name

       468         64          0          0         48       2695   adc.o
       448         50          0          8          0     467414   aht20.o
      2114         62          0         20          0      19304   cjson.o
       120          0          0          0          0      23613   cmsis_os.o
        60          4          0          0          0        850   dma.o
         0          0          0          0          0      15644   event_groups.o
       214         16          0          0        264       4358   fifo.o
       120         12         71          8        596       3233   freertos.o
       384         36          0          1          0       3038   gpio.o
       472         24          0         32       3072       7623   heap_4.o
       156         26          0          0         84       1873   i2c.o
       372         60          0          0          0       4834   ina226.o
       138          0          0          0          0       3650   list.o
       458         96          0          4          0      35300   main.o
       484         78          0        172          0      10160   mb.o
       738         38          0         16          0       8972   mbascii.o
        44          4        512          0          0       1320   mbcrc.o
       300          0          0          0          0       3738   mbfunccoils.o
       114          0          0          0          0       1556   mbfuncdisc.o
       378          0          0          0          0       5163   mbfuncholding.o
        98          0          0          0          0       1551   mbfuncinput.o
        36         10          0          2         32       1411   mbfuncother.o
       534         48          0         12        256       6467   mbrtu.o
        24          0          0          0          0        640   mbutils.o
       300         46          0          3          0       3263   modbus.o
      1268        528          0          1        416       6550   mqtt.o
       568         16       2072          0          0       5406   oled.o
       468         26          0         20         40       4497   port.o
       578         60          0         12          0      10720   port_1.o
        60         14          0          2          0       2284   portevent.o
       260         40          0          0          0       3592   portserial.o
       208         26          0          0          0       2759   porttimer.o
       344         22          0          0         20       3935   rtc.o
        36          8        236          0       1536        844   startup_stm32f103xb.o
       100         18          0         12          0       5542   stm32f1xx_hal.o
      1260         54          0          0          0       6872   stm32f1xx_hal_adc.o
       216          6          0          0          0       1518   stm32f1xx_hal_adc_ex.o
       158         14          0          0          0      28398   stm32f1xx_hal_cortex.o
       808         36          0          0          0       5286   stm32f1xx_hal_dma.o
       514         40          0          0          0       3651   stm32f1xx_hal_gpio.o
      3666         94          0          0          0      18345   stm32f1xx_hal_i2c.o
        72         10          0          0          0        954   stm32f1xx_hal_msp.o
        12          4          0          0          0        555   stm32f1xx_hal_pwr.o
      1304         94         18          0          0       6045   stm32f1xx_hal_rcc.o
       400         28         18          0          0       2597   stm32f1xx_hal_rcc_ex.o
       910         12          0          0          0       9932   stm32f1xx_hal_rtc.o
        32         10          0          0          0       1767   stm32f1xx_hal_rtc_ex.o
       974         24          0          0          0      11077   stm32f1xx_hal_tim.o
       108         12          0          0          0       2577   stm32f1xx_hal_tim_ex.o
       140         22          0          0         72       1555   stm32f1xx_hal_timebase_tim.o
      2022         24          0          0          0      15113   stm32f1xx_hal_uart.o
      1010        314          0          4          0      10634   stm32f1xx_it.o
         2          0         24          4          0       1247   system_stm32f1xx.o
      1520        112          0         60        240      19786   tasks.o
       308         34          0          0        144       2563   tim.o
       612         62          0          2        864       4232   usart.o
       196         44          0          2        288       2408   wifi4g.o

    ----------------------------------------------------------------------
     28764       2482       2984        408       7972     840911   Object Totals
         0          0         32          0          0          0   (incl. Generated)
        56          0          1         11          0          0   (incl. Padding)

    ----------------------------------------------------------------------

      Code (inc. data)   RO Data    RW Data    ZI Data      Debug   Library Member Name

        28          0          0          0          0         80   strtod.o
        86          0          0          0          0          0   __dczerorl2.o
        64          0          0          0          0         84   _sgetc.o
        40          6         64          0          0         68   ctype_c.o
         0          0          0          0          0          0   entry.o
         0          0          0          0          0          0   entry10a.o
         0          0          0          0          0          0   entry11a.o
         8          4          0          0          0          0   entry2.o
         4          0          0          0          0          0   entry5.o
         0          0          0          0          0          0   entry7b.o
         0          0          0          0          0          0   entry8b.o
         8          4          0          0          0          0   entry9a.o
        30          0          0          0          0          0   handlers.o
        36          8          0          0          0         68   init.o
        10          0          0          0          0         68   isspace_c.o
         0          0          0          0          0          0   iusefp.o
        30          0          0          0          0         68   llshl.o
        36          0          0          0          0         68   llsshr.o
        32          0          0          0          0         68   llushr.o
       140          6         12          0          0         76   localtime_i.o
       360         30          0          0          0        356   mallocr.o
        26          0          0          0          0         80   memcmp.o
        36          0          0          0          0         68   memcpya.o
        36          0          0          0          0        108   memseta.o
       168         18         12          0          0         80   mktime.o
         0          0          0          8          0          0   mvars.o
      2308         96          0          0          0        604   printfa.o
       878         12          0          0          0        216   scanf_fp.o
         0          0          0          4          0          0   stdout.o
        28          0          0          0          0         76   strcmp.o
        18          0          0          0          0         68   strcpy.o
        14          0          0          0          0         68   strlen.o
        30          0          0          0          0         80   strncmp.o
        36          0          0          0          0         80   strstr.o
       156         12          0          0          0        120   strtod.o
        12          0          0          0          0         68   tolower.o
        44          0          0          0          0         80   uidiv.o
        98          0          0          0          0         92   uldiv.o
        48          0          0          0          0         68   cdcmple.o
        48          0          0          0          0         68   cdrcmple.o
        56          0          0          0          0         88   d2f.o
       334          0          0          0          0        148   dadd.o
       222          0          0          0          0        100   ddiv.o
       186          0          0          0          0        176   depilogue.o
        62          0          0          0          0         80   dfixi.o
        48          0          0          0          0         68   dfixul.o
        26          0          0          0          0         76   dfltui.o
        24          0          0          0          0         76   dfltul.o
       228          0          0          0          0         96   dmul.o
        46          0          0          0          0         80   dscalb.o
       124          0          0          0          0         88   fdiv.o
       110          0          0          0          0        168   fepilogue.o
        40          0          0          0          0         68   ffixui.o
        10          0          0          0          0         68   ffltui.o
       100          0          0          0          0         76   fmul.o

    ----------------------------------------------------------------------
      6520        196         88         12          0       4484   Library Totals
         8          0          0          0          0          0   (incl. Padding)

    ----------------------------------------------------------------------

      Code (inc. data)   RO Data    RW Data    ZI Data      Debug   Library Name

        28          0          0          0          0         80   m_ws.l
      4772        196         88         12          0       2812   mc_w.l
      1712          0          0          0          0       1592   mf_w.l

    ----------------------------------------------------------------------
      6520        196         88         12          0       4484   Library Totals

    ----------------------------------------------------------------------

==============================================================================


      Code (inc. data)   RO Data    RW Data    ZI Data      Debug   

     35284       2678       3072        420       7972     828519   Grand Totals
     35284       2678       3072        104       7972     828519   ELF Image Totals (compressed)
     35284       2678       3072        104          0          0   ROM Totals

==============================================================================

    Total RO  Size (Code + RO Data)                38356 (  37.46kB)
    Total RW  Size (RW Data + ZI Data)              8392 (   8.20kB)
    Total ROM Size (Code + RO Data + RW Data)      38460 (  37.56kB)

==============================================================================

