<html>
<body>
<pre>
<h1>µVision Build Log</h1>
<h2>Tool Versions:</h2>
IDE-Version: ¦ÌVision V5.24.2.0
Copyright (C) 2017 ARM Ltd and ARM Germany GmbH. All rights reserved.
License Information: 1 xf, 1, LIC=CZLZX-HRD0Q-UH48H-WHGMK-KSD4X-A0YUE
 
Tool Versions:
Toolchain:       MDK-ARM Plus  Version: 5.24.1
Toolchain Path:  E:\Keil\ARM\ARMCC\Bin
C Compiler:      Armcc.exe V5.06 update 5 (build 528)
Assembler:       Armasm.exe V5.06 update 5 (build 528)
Linker/Locator:  ArmLink.exe V5.06 update 5 (build 528)
Library Manager: ArmAr.exe V5.06 update 5 (build 528)
Hex Converter:   FromElf.exe V5.06 update 5 (build 528)
CPU DLL:         SARMCM3.DLL V5.24.1
Dialog DLL:      DCM.DLL V1.16.0.0
Target DLL:      STLink\ST-LINKIII-KEIL_SWO.dll V3.0.1.0
Dialog DLL:      TCM.DLL V1.32.0.0
 
<h2>Project:</h2>
E:\Embedded Series\OTA-Smart-Control-Terminal\OTA-Smart-Control-Terminal\code\08-boot-ota\app1.1\MDK-ARM\app1.1.uvprojx
Project File Date:  08/06/2026

<h2>Output:</h2>
*** Using Compiler 'V5.06 update 5 (build 528)', folder: 'E:\Keil\ARM\ARMCC\Bin'
Build target 'app1.1'
compiling fifo.c...
assembling startup_stm32f103xb.s...
compiling crc32.c...
compiling cJSON.c...
compiling main.c...
compiling modbus.c...
compiling dma.c...
compiling i2c.c...
compiling tim.c...
compiling ina226.c...
compiling adc.c...
compiling boot.c...
compiling usart.c...
compiling wifi4g.c...
compiling mqtt.c...
compiling gpio.c...
compiling aht20.c...
compiling oled.c...
compiling stm32f1xx_hal_msp.c...
compiling stm32f1xx_it.c...
compiling stm32f1xx_hal_timebase_tim.c...
compiling stm32f1xx_hal_gpio_ex.c...
compiling stm32f1xx_hal_adc.c...
compiling stm32f1xx_hal_tim_ex.c...
compiling stm32f1xx_hal_adc_ex.c...
compiling stm32f1xx_hal_tim.c...
compiling stm32f1xx_hal.c...
compiling stm32f1xx_hal_rcc_ex.c...
compiling stm32f1xx_hal_rcc.c...
compiling stm32f1xx_hal_gpio.c...
compiling stm32f1xx_hal_dma.c...
compiling stm32f1xx_hal_cortex.c...
compiling stm32f1xx_hal_pwr.c...
compiling stm32f1xx_hal_flash.c...
compiling stm32f1xx_hal_flash_ex.c...
compiling stm32f1xx_hal_exti.c...
compiling system_stm32f1xx.c...
compiling stm32f1xx_hal_uart.c...
compiling stm32f1xx_hal_i2c.c...
linking...
Program Size: Code=26496 RO-data=2048 RW-data=88 ZI-data=5568  
FromELF: creating hex file...
After Build - User command #2: fromelf --bin -o "app1.1\app1_1.bin" "app1.1\app1_1.axf
"app1.1\app1_1.axf" - 0 Error(s), 0 Warning(s).

<h2>Software Packages used:</h2>

Package Vendor: ARM
                http://www.keil.com/pack/ARM.CMSIS.5.0.1.pack
                ARM.CMSIS.5.0.1
                CMSIS (Cortex Microcontroller Software Interface Standard)
   * Component: CORE Version: 5.0.1

Package Vendor: Keil
                http://www.keil.com/pack/Keil.STM32F1xx_DFP.2.3.0.pack
                Keil.STM32F1xx_DFP.2.3.0
                STMicroelectronics STM32F1 Series Device Support, Drivers and Examples

<h2>Collection of Component include folders:</h2>
  .\RTE\_app1.1
  E:\Keil\ARM\PACK\ARM\CMSIS\5.0.1\CMSIS\Include
  E:\Keil\ARM\PACK\Keil\STM32F1xx_DFP\2.3.0\Device\Include

<h2>Collection of Component Files used:</h2>

   * Component: ARM::CMSIS:CORE:5.0.1
Build Time Elapsed:  00:01:28
</pre>
</body>
</html>
