Component: ARM Compiler 5.06 update 5 (build 528) Tool: armlink [4d35e2]

==============================================================================

Section Cross References

    startup_stm32f103xb.o(RESET) refers to startup_stm32f103xb.o(STACK) for __initial_sp
    startup_stm32f103xb.o(RESET) refers to startup_stm32f103xb.o(.text) for Reset_Handler
    startup_stm32f103xb.o(RESET) refers to stm32f1xx_it.o(i.NMI_Handler) for NMI_Handler
    startup_stm32f103xb.o(RESET) refers to stm32f1xx_it.o(i.HardFault_Handler) for HardFault_Handler
    startup_stm32f103xb.o(RESET) refers to stm32f1xx_it.o(i.MemManage_Handler) for MemManage_Handler
    startup_stm32f103xb.o(RESET) refers to stm32f1xx_it.o(i.BusFault_Handler) for BusFault_Handler
    startup_stm32f103xb.o(RESET) refers to stm32f1xx_it.o(i.UsageFault_Handler) for UsageFault_Handler
    startup_stm32f103xb.o(RESET) refers to port_1.o(.emb_text) for SVC_Handler
    startup_stm32f103xb.o(RESET) refers to stm32f1xx_it.o(i.DebugMon_Handler) for DebugMon_Handler
    startup_stm32f103xb.o(RESET) refers to port_1.o(i.SysTick_Handler) for SysTick_Handler
    startup_stm32f103xb.o(RESET) refers to stm32f1xx_it.o(i.DMA1_Channel3_IRQHandler) for DMA1_Channel3_IRQHandler
    startup_stm32f103xb.o(RESET) refers to stm32f1xx_it.o(i.DMA1_Channel5_IRQHandler) for DMA1_Channel5_IRQHandler
    startup_stm32f103xb.o(RESET) refers to stm32f1xx_it.o(i.USB_LP_CAN1_RX0_IRQHandler) for USB_LP_CAN1_RX0_IRQHandler
    startup_stm32f103xb.o(RESET) refers to stm32f1xx_it.o(i.EXTI9_5_IRQHandler) for EXTI9_5_IRQHandler
    startup_stm32f103xb.o(RESET) refers to stm32f1xx_it.o(i.TIM1_UP_IRQHandler) for TIM1_UP_IRQHandler
    startup_stm32f103xb.o(RESET) refers to stm32f1xx_it.o(i.TIM2_IRQHandler) for TIM2_IRQHandler
    startup_stm32f103xb.o(RESET) refers to porttimer.o(i.TIM3_IRQHandler) for TIM3_IRQHandler
    startup_stm32f103xb.o(RESET) refers to stm32f1xx_it.o(i.TIM4_IRQHandler) for TIM4_IRQHandler
    startup_stm32f103xb.o(RESET) refers to stm32f1xx_it.o(i.USART1_IRQHandler) for USART1_IRQHandler
    startup_stm32f103xb.o(RESET) refers to portserial.o(i.USART2_IRQHandler) for USART2_IRQHandler
    startup_stm32f103xb.o(RESET) refers to stm32f1xx_it.o(i.USART3_IRQHandler) for USART3_IRQHandler
    startup_stm32f103xb.o(RESET) refers to stm32f1xx_it.o(i.EXTI15_10_IRQHandler) for EXTI15_10_IRQHandler
    startup_stm32f103xb.o(.text) refers to system_stm32f1xx.o(i.SystemInit) for SystemInit
    startup_stm32f103xb.o(.text) refers to entry.o(.ARM.Collect$$$$00000000) for __main
    aht20.o(i.AHT20_DeInit) refers to stm32f1xx_hal_i2c.o(i.HAL_I2C_Master_Transmit) for HAL_I2C_Master_Transmit
    aht20.o(i.AHT20_DeInit) refers to i2c.o(.bss) for hi2c1
    aht20.o(i.AHT20_Init) refers to stm32f1xx_hal.o(i.HAL_Delay) for HAL_Delay
    aht20.o(i.AHT20_Init) refers to stm32f1xx_hal_i2c.o(i.HAL_I2C_Master_Transmit) for HAL_I2C_Master_Transmit
    aht20.o(i.AHT20_Init) refers to aht20.o(i.AHT20_Read_Status) for AHT20_Read_Status
    aht20.o(i.AHT20_Init) refers to aht20.o(i.AHT20_DeInit) for AHT20_DeInit
    aht20.o(i.AHT20_Init) refers to i2c.o(.bss) for hi2c1
    aht20.o(i.AHT20_Read) refers to aht20.o(i.AHT20_ReadData) for AHT20_ReadData
    aht20.o(i.AHT20_Read) refers to fmul.o(.text) for __aeabi_fmul
    aht20.o(i.AHT20_Read) refers to ffixui.o(.text) for __aeabi_f2uiz
    aht20.o(i.AHT20_Read) refers to aht20.o(.data) for .data
    aht20.o(i.AHT20_Read) refers to port.o(.bss) for REG_HOLD_BUF
    aht20.o(i.AHT20_ReadData) refers to stm32f1xx_hal_i2c.o(i.HAL_I2C_Master_Transmit) for HAL_I2C_Master_Transmit
    aht20.o(i.AHT20_ReadData) refers to stm32f1xx_hal.o(i.HAL_Delay) for HAL_Delay
    aht20.o(i.AHT20_ReadData) refers to aht20.o(i.AHT20_Read_Status) for AHT20_Read_Status
    aht20.o(i.AHT20_ReadData) refers to stm32f1xx_hal_i2c.o(i.HAL_I2C_Master_Receive) for HAL_I2C_Master_Receive
    aht20.o(i.AHT20_ReadData) refers to dfltui.o(.text) for __aeabi_ui2d
    aht20.o(i.AHT20_ReadData) refers to dmul.o(.text) for __aeabi_dmul
    aht20.o(i.AHT20_ReadData) refers to dscalb.o(.text) for __ARM_scalbn
    aht20.o(i.AHT20_ReadData) refers to d2f.o(.text) for __aeabi_d2f
    aht20.o(i.AHT20_ReadData) refers to dadd.o(.text) for __aeabi_dsub
    aht20.o(i.AHT20_ReadData) refers to i2c.o(.bss) for hi2c1
    aht20.o(i.AHT20_ReadData) refers to aht20.o(.data) for .data
    aht20.o(i.AHT20_Read_Status) refers to stm32f1xx_hal_i2c.o(i.HAL_I2C_Master_Receive) for HAL_I2C_Master_Receive
    aht20.o(i.AHT20_Read_Status) refers to i2c.o(.bss) for hi2c1
    cjson.o(i.add_item_to_object) refers to cjson.o(i.cJSON_strdup) for cJSON_strdup
    cjson.o(i.add_item_to_object) refers to cjson.o(i.add_item_to_array) for add_item_to_array
    cjson.o(i.cJSON_AddArrayToObject) refers to cjson.o(i.cJSON_CreateArray) for cJSON_CreateArray
    cjson.o(i.cJSON_AddArrayToObject) refers to cjson.o(i.add_item_to_object) for add_item_to_object
[...]
    TestSlave_highestSubIndex_obj1200        0x200001b4   Data           1  testslave.o(.data)
    TestSlave_obj1200_COB_ID_Client_to_Server_Receive_SDO 0x200001b8   Data           4  testslave.o(.data)
    TestSlave_obj1200_COB_ID_Server_to_Client_Transmit_SDO 0x200001bc   Data           4  testslave.o(.data)
    TestSlave_Index1200                      0x200001c0   Data          36  testslave.o(.data)
    TestSlave_highestSubIndex_obj1400        0x200001e4   Data           1  testslave.o(.data)
    TestSlave_obj1400_COB_ID_used_by_PDO     0x200001e8   Data           4  testslave.o(.data)
    TestSlave_obj1400_Transmission_Type      0x200001ec   Data           1  testslave.o(.data)
    TestSlave_obj1400_Inhibit_Time           0x200001ee   Data           2  testslave.o(.data)
    TestSlave_obj1400_Compatibility_Entry    0x200001f0   Data           1  testslave.o(.data)
    TestSlave_obj1400_Event_Timer            0x200001f2   Data           2  testslave.o(.data)
    TestSlave_obj1400_SYNC_start_value       0x200001f4   Data           1  testslave.o(.data)
    TestSlave_Index1400                      0x200001f8   Data          84  testslave.o(.data)
    TestSlave_highestSubIndex_obj1401        0x2000024c   Data           1  testslave.o(.data)
    TestSlave_obj1401_COB_ID_used_by_PDO     0x20000250   Data           4  testslave.o(.data)
    TestSlave_obj1401_Transmission_Type      0x20000254   Data           1  testslave.o(.data)
    TestSlave_obj1401_Inhibit_Time           0x20000256   Data           2  testslave.o(.data)
    TestSlave_obj1401_Compatibility_Entry    0x20000258   Data           1  testslave.o(.data)
    TestSlave_obj1401_Event_Timer            0x2000025a   Data           2  testslave.o(.data)
    TestSlave_obj1401_SYNC_start_value       0x2000025c   Data           1  testslave.o(.data)
    TestSlave_Index1401                      0x20000260   Data          84  testslave.o(.data)
    TestSlave_highestSubIndex_obj1402        0x200002b4   Data           1  testslave.o(.data)
    TestSlave_obj1402_COB_ID_used_by_PDO     0x200002b8   Data           4  testslave.o(.data)
    TestSlave_obj1402_Transmission_Type      0x200002bc   Data           1  testslave.o(.data)
    TestSlave_obj1402_Inhibit_Time           0x200002be   Data           2  testslave.o(.data)
    TestSlave_obj1402_Compatibility_Entry    0x200002c0   Data           1  testslave.o(.data)
    TestSlave_obj1402_Event_Timer            0x200002c2   Data           2  testslave.o(.data)
    TestSlave_obj1402_SYNC_start_value       0x200002c4   Data           1  testslave.o(.data)
    TestSlave_Index1402                      0x200002c8   Data          84  testslave.o(.data)
    TestSlave_highestSubIndex_obj1403        0x2000031c   Data           1  testslave.o(.data)
    TestSlave_obj1403_COB_ID_used_by_PDO     0x20000320   Data           4  testslave.o(.data)
    TestSlave_obj1403_Transmission_Type      0x20000324   Data           1  testslave.o(.data)
    TestSlave_obj1403_Inhibit_Time           0x20000326   Data           2  testslave.o(.data)
    TestSlave_obj1403_Compatibility_Entry    0x20000328   Data           1  testslave.o(.data)
    TestSlave_obj1403_Event_Timer            0x2000032a   Data           2  testslave.o(.data)
    TestSlave_obj1403_SYNC_start_value       0x2000032c   Data           1  testslave.o(.data)
    TestSlave_Index1403                      0x20000330   Data          84  testslave.o(.data)
    TestSlave_highestSubIndex_obj1600        0x20000384   Data           1  testslave.o(.data)
    TestSlave_Index1600                      0x20000388   Data         108  testslave.o(.data)
    TestSlave_highestSubIndex_obj1601        0x200003f4   Data           1  testslave.o(.data)
    TestSlave_Index1601                      0x200003f8   Data         108  testslave.o(.data)
    TestSlave_highestSubIndex_obj1602        0x20000464   Data           1  testslave.o(.data)
    TestSlave_Index1602                      0x20000468   Data         108  testslave.o(.data)
    TestSlave_highestSubIndex_obj1603        0x200004d4   Data           1  testslave.o(.data)
    TestSlave_Index1603                      0x200004d8   Data         108  testslave.o(.data)
    TestSlave_highestSubIndex_obj1800        0x20000544   Data           1  testslave.o(.data)
    TestSlave_obj1800_COB_ID_used_by_PDO     0x20000548   Data           4  testslave.o(.data)
    TestSlave_obj1800_Transmission_Type      0x2000054c   Data           1  testslave.o(.data)
    TestSlave_obj1800_Inhibit_Time           0x2000054e   Data           2  testslave.o(.data)
    TestSlave_obj1800_Compatibility_Entry    0x20000550   Data           1  testslave.o(.data)
    TestSlave_obj1800_Event_Timer            0x20000552   Data           2  testslave.o(.data)
    TestSlave_obj1800_SYNC_start_value       0x20000554   Data           1  testslave.o(.data)
    TestSlave_Index1800                      0x20000558   Data          84  testslave.o(.data)
    TestSlave_highestSubIndex_obj1801        0x200005ac   Data           1  testslave.o(.data)
    TestSlave_obj1801_COB_ID_used_by_PDO     0x200005b0   Data           4  testslave.o(.data)
    TestSlave_obj1801_Transmission_Type      0x200005b4   Data           1  testslave.o(.data)
    TestSlave_obj1801_Inhibit_Time           0x200005b6   Data           2  testslave.o(.data)
    TestSlave_obj1801_Compatibility_Entry    0x200005b8   Data           1  testslave.o(.data)
    TestSlave_obj1801_Event_Timer            0x200005ba   Data           2  testslave.o(.data)
    TestSlave_obj1801_SYNC_start_value       0x200005bc   Data           1  testslave.o(.data)
    TestSlave_Index1801                      0x200005c0   Data          84  testslave.o(.data)
    TestSlave_highestSubIndex_obj1802        0x20000614   Data           1  testslave.o(.data)
    TestSlave_obj1802_COB_ID_used_by_PDO     0x20000618   Data           4  testslave.o(.data)
    TestSlave_obj1802_Transmission_Type      0x2000061c   Data           1  testslave.o(.data)
    TestSlave_obj1802_Inhibit_Time           0x2000061e   Data           2  testslave.o(.data)
    TestSlave_obj1802_Compatibility_Entry    0x20000620   Data           1  testslave.o(.data)
    TestSlave_obj1802_Event_Timer            0x20000622   Data           2  testslave.o(.data)
    TestSlave_obj1802_SYNC_start_value       0x20000624   Data           1  testslave.o(.data)
    TestSlave_Index1802                      0x20000628   Data          84  testslave.o(.data)
    TestSlave_highestSubIndex_obj1803        0x2000067c   Data           1  testslave.o(.data)
    TestSlave_obj1803_COB_ID_used_by_PDO     0x20000680   Data           4  testslave.o(.data)
    TestSlave_obj1803_Transmission_Type      0x20000684   Data           1  testslave.o(.data)
    TestSlave_obj1803_Inhibit_Time           0x20000686   Data           2  testslave.o(.data)
    TestSlave_obj1803_Compatibility_Entry    0x20000688   Data           1  testslave.o(.data)
    TestSlave_obj1803_Event_Timer            0x2000068a   Data           2  testslave.o(.data)
    TestSlave_obj1803_SYNC_start_value       0x2000068c   Data           1  testslave.o(.data)
    TestSlave_Index1803                      0x20000690   Data          84  testslave.o(.data)
    TestSlave_highestSubIndex_obj1A00        0x200006e4   Data           1  testslave.o(.data)
    TestSlave_Index1A00                      0x200006e8   Data         108  testslave.o(.data)
    TestSlave_highestSubIndex_obj1A01        0x20000754   Data           1  testslave.o(.data)
    TestSlave_Index1A01                      0x20000758   Data         108  testslave.o(.data)
    TestSlave_highestSubIndex_obj1A02        0x200007c4   Data           1  testslave.o(.data)
    TestSlave_Index1A02                      0x200007c8   Data         108  testslave.o(.data)
    TestSlave_highestSubIndex_obj1A03        0x20000834   Data           1  testslave.o(.data)
    TestSlave_Index1A03                      0x20000838   Data         108  testslave.o(.data)
    TestSlave_highestSubIndex_obj2000        0x200008a4   Data           1  testslave.o(.data)
    DeviceInfo_callbacks                     0x200008a8   Data          44  testslave.o(.data)
    TestSlave_Index2000                      0x200008d4   Data         132  testslave.o(.data)
    TestSlave_PDO_status                     0x20000958   Data          72  testslave.o(.data)
    TestSlave_Data                           0x200009a0   Data         572  testslave.o(.data)
    TestSlave_heartBeatTimers                0x20000bdc   Data           2  testslave.o(.data)
    last_timer_raw                           0x20000be0   Data           2  timer.o(.data)
    total_sleep_time                         0x20000be4   Data           4  timer.o(.data)
    uwTickFreq                               0x20000be8   Data           1  stm32f1xx_hal.o(.data)
    uwTickPrio                               0x20000bec   Data           4  stm32f1xx_hal.o(.data)
    uwTick                                   0x20000bf0   Data           4  stm32f1xx_hal.o(.data)
    SystemCoreClock                          0x20000bf4   Data           4  system_stm32f1xx.o(.data)
    pxCurrentTCB                             0x20000bf8   Data           4  tasks.o(.data)
    __stdout                                 0x20000c60   Data           4  stdout.o(.data)
    __microlib_freelist                      0x20000c64   Data           4  mvars.o(.data)
    __microlib_freelist_initialised          0x20000c68   Data           4  mvars.o(.data)
    hcan                                     0x20000c6c   Data          40  f1can.o(.bss)
    QUART3                                   0x20000c94   Data         264  fifo.o(.bss)
    Parse_Substr                             0x20000f3c   Data          32  wifi4g.o(.bss)
    RecvBuf                                  0x20000f5c   Data         256  wifi4g.o(.bss)
    hadc1                                    0x200012b0   Data          48  adc.o(.bss)
    hi2c1                                    0x200012e0   Data          84  i2c.o(.bss)
    htim2                                    0x20001334   Data          72  tim.o(.bss)
    htim3                                    0x2000137c   Data          72  tim.o(.bss)
    htim4                                    0x200013c4   Data          72  tim.o(.bss)
    RX1_Buf                                  0x2000140c   Data         256  usart.o(.bss)
    RX3_Buf                                  0x2000150c   Data         256  usart.o(.bss)
    huart1                                   0x2000160c   Data          72  usart.o(.bss)
    huart2                                   0x20001654   Data          72  usart.o(.bss)
    huart3                                   0x2000169c   Data          72  usart.o(.bss)
    hdma_usart1_rx                           0x200016e4   Data          68  usart.o(.bss)
    hdma_usart3_rx                           0x20001728   Data          68  usart.o(.bss)
    htim1                                    0x2000176c   Data          72  stm32f1xx_hal_timebase_tim.o(.bss)
    ucRTUBuf                                 0x200017d4   Data         256  mbrtu.o(.bss)
    REG_HOLD_BUF                             0x200018d4   Data          20  port.o(.bss)
    REG_INPUT_BUF                            0x200018e8   Data          20  port.o(.bss)
    TxHeader                                 0x200018fc   Data          24  canfestival.o(.bss)
    RxHeader                                 0x20001914   Data          28  canfestival.o(.bss)
    TestSlave_obj1600                        0x20001930   Data          32  testslave.o(.bss)
    TestSlave_obj1601                        0x20001950   Data          32  testslave.o(.bss)
    TestSlave_obj1602                        0x20001970   Data          32  testslave.o(.bss)
    TestSlave_obj1603                        0x20001990   Data          32  testslave.o(.bss)
    TestSlave_Index1800_callbacks            0x200019b0   Data          28  testslave.o(.bss)
    TestSlave_Index1801_callbacks            0x200019cc   Data          28  testslave.o(.bss)
    TestSlave_Index1802_callbacks            0x200019e8   Data          28  testslave.o(.bss)
    TestSlave_Index1803_callbacks            0x20001a04   Data          28  testslave.o(.bss)
    TestSlave_obj1A00                        0x20001a20   Data          32  testslave.o(.bss)
    TestSlave_obj1A01                        0x20001a40   Data          32  testslave.o(.bss)
    TestSlave_obj1A02                        0x20001a60   Data          32  testslave.o(.bss)
    TestSlave_obj1A03                        0x20001a80   Data          32  testslave.o(.bss)
    timers                                   0x20001aa0   Data         192  timer.o(.bss)
    __heap_base                              0x20002850   Data           0  startup_stm32f103xb.o(HEAP)
    __heap_limit                             0x20002a50   Data           0  startup_stm32f103xb.o(HEAP)
    __initial_sp                             0x20002e50   Data           0  startup_stm32f103xb.o(STACK)



==============================================================================

Memory Map of the image

  Image Entry point : 0x080000ed

  Load Region LR_IROM1 (Base: 0x08000000, Size: 0x0000d1d8, Max: 0x00010000, ABSOLUTE, COMPRESSED[0x0000c8c4])

    Execution Region ER_IROM1 (Exec base: 0x08000000, Load base: 0x08000000, Size: 0x0000c56c, Max: 0x00010000, ABSOLUTE)

    Exec Addr    Load Addr    Size         Type   Attr      Idx    E Section Name        Object

    0x08000000   0x08000000   0x000000ec   Data   RO            3    RESET               startup_stm32f103xb.o
    0x080000ec   0x080000ec   0x00000000   Code   RO         8402  * .ARM.Collect$$$$00000000  mc_w.l(entry.o)
    0x080000ec   0x080000ec   0x00000004   Code   RO         8756    .ARM.Collect$$$$00000001  mc_w.l(entry2.o)
    0x080000f0   0x080000f0   0x00000004   Code   RO         8759    .ARM.Collect$$$$00000004  mc_w.l(entry5.o)
    0x080000f4   0x080000f4   0x00000000   Code   RO         8761    .ARM.Collect$$$$00000008  mc_w.l(entry7b.o)
    0x080000f4   0x080000f4   0x00000000   Code   RO         8763    .ARM.Collect$$$$0000000A  mc_w.l(entry8b.o)
    0x080000f4   0x080000f4   0x00000008   Code   RO         8764    .ARM.Collect$$$$0000000B  mc_w.l(entry9a.o)
    0x080000fc   0x080000fc   0x00000000   Code   RO         8766    .ARM.Collect$$$$0000000D  mc_w.l(entry10a.o)
    0x080000fc   0x080000fc   0x00000000   Code   RO         8768    .ARM.Collect$$$$0000000F  mc_w.l(entry11a.o)
    0x080000fc   0x080000fc   0x00000004   Code   RO         8757    .ARM.Collect$$$$00002712  mc_w.l(entry2.o)
    0x08000100   0x08000100   0x00000096   Code   RO         8321    .emb_text           port_1.o
    0x08000196   0x08000196   0x00000002   PAD
    0x08000198   0x08000198   0x00000024   Code   RO            4    .text               startup_stm32f103xb.o
    0x080001bc   0x080001bc   0x00000020   Code   RO         8405    .text               mc_w.l(llushr.o)
    0x080001dc   0x080001dc   0x0000000c   Code   RO         8407    .text               mc_w.l(tolower.o)
    0x080001e8   0x080001e8   0x00000024   Code   RO         8411    .text               mc_w.l(memcpya.o)
    0x0800020c   0x0800020c   0x00000024   Code   RO         8415    .text               mc_w.l(memseta.o)
    0x08000230   0x08000230   0x00000024   Code   RO         8417    .text               mc_w.l(strstr.o)
    0x08000254   0x08000254   0x0000000e   Code   RO         8419    .text               mc_w.l(strlen.o)
    0x08000262   0x08000262   0x0000001c   Code   RO         8421    .text               mc_w.l(strcmp.o)
    0x0800027e   0x0800027e   0x0000001a   Code   RO         8423    .text               mc_w.l(memcmp.o)
    0x08000298   0x08000298   0x00000012   Code   RO         8425    .text               mc_w.l(strcpy.o)
    0x080002aa   0x080002aa   0x0000001e   Code   RO         8427    .text               mc_w.l(strncmp.o)
    0x080002c8   0x080002c8   0x00000360   Code   RO         8722    .text               mc_w.l(scanf_fp.o)
    0x08000628   0x08000628   0x00000064   Code   RO         8726    .text               mf_w.l(fmul.o)
    0x0800068c   0x0800068c   0x0000007c   Code   RO         8728    .text               mf_w.l(fdiv.o)
    0x08000708   0x08000708   0x0000014e   Code   RO         8730    .text               mf_w.l(dadd.o)
    0x08000856   0x08000856   0x000000e4   Code   RO         8732    .text               mf_w.l(dmul.o)
    0x0800093a   0x0800093a   0x000000de   Code   RO         8734    .text               mf_w.l(ddiv.o)
    0x08000a18   0x08000a18   0x0000002e   Code   RO         8736    .text               mf_w.l(dscalb.o)
    0x08000a46   0x08000a46   0x0000000a   Code   RO         8738    .text               mf_w.l(ffltui.o)
    0x08000a50   0x08000a50   0x0000001a   Code   RO         8742    .text               mf_w.l(dfltui.o)
    0x08000a6a   0x08000a6a   0x00000028   Code   RO         8744    .text               mf_w.l(ffixui.o)
    0x08000a92   0x08000a92   0x0000003e   Code   RO         8746    .text               mf_w.l(dfixi.o)
    0x08000ad0   0x08000ad0   0x00000030   Code   RO         8750    .text               mf_w.l(cdcmple.o)
    0x08000b00   0x08000b00   0x00000030   Code   RO         8752    .text               mf_w.l(cdrcmple.o)
    0x08000b30   0x08000b30   0x00000038   Code   RO         8754    .text               mf_w.l(d2f.o)
    0x08000b68   0x08000b68   0x0000002c   Code   RO         8771    .text               mc_w.l(uidiv.o)
    0x08000b94   0x08000b94   0x00000062   Code   RO         8773    .text               mc_w.l(uldiv.o)
    0x08000bf6   0x08000bf6   0x0000001e   Code   RO         8775    .text               mc_w.l(llshl.o)
    0x08000c14   0x08000c14   0x00000024   Code   RO         8777    .text               mc_w.l(llsshr.o)
    0x08000c38   0x08000c38   0x00000040   Code   RO         8783    .text               mc_w.l(_sgetc.o)
    0x08000c78   0x08000c78   0x0000009c   Code   RO         8785    .text               mc_w.l(strtod.o)
    0x08000d14   0x08000d14   0x00000000   Code   RO         8787    .text               mc_w.l(iusefp.o)
    0x08000d14   0x08000d14   0x0000006e   Code   RO         8788    .text               mf_w.l(fepilogue.o)
    0x08000d82   0x08000d82   0x000000ba   Code   RO         8790    .text               mf_w.l(depilogue.o)
    0x08000e3c   0x08000e3c   0x00000018   Code   RO         8792    .text               mf_w.l(dfltul.o)
    0x08000e54   0x08000e54   0x00000030   Code   RO         8794    .text               mf_w.l(dfixul.o)
    0x08000e84   0x08000e84   0x00000024   Code   RO         8796    .text               mc_w.l(init.o)
    0x08000ea8   0x08000ea8   0x0000000a   Code   RO         8798    .text               mc_w.l(isspace_c.o)
    0x08000eb2   0x08000eb2   0x00000002   PAD
    0x08000eb4   0x08000eb4   0x00000028   Code   RO         8802    .text               mc_w.l(ctype_c.o)
    0x08000edc   0x08000edc   0x00000056   Code   RO         8813    .text               mc_w.l(__dczerorl2.o)
    0x08000f32   0x08000f32   0x00000002   PAD
    0x08000f34   0x08000f34   0x00000056   Code   RO         4758    i.ADC_ConversionStop_Disable  stm32f1xx_hal_adc.o
    0x08000f8a   0x08000f8a   0x00000002   PAD
    0x08000f8c   0x08000f8c   0x0000007c   Code   RO         4762    i.ADC_Enable        stm32f1xx_hal_adc.o
    0x08001008   0x08001008   0x00000128   Code   RO         1599    i.ADC_VR_CPU_Read   adc.o
    0x08001130   0x08001130   0x0000002c   Code   RO           13    i.AHT20_DeInit      aht20.o
    0x0800115c   0x0800115c   0x00000040   Code   RO           14    i.AHT20_Init        aht20.o
    0x0800119c   0x0800119c   0x00000038   Code   RO           15    i.AHT20_Read        aht20.o
    0x080011d4   0x080011d4   0x000000fc   Code   RO           16    i.AHT20_ReadData    aht20.o
    0x080012d0   0x080012d0   0x00000020   Code   RO           17    i.AHT20_Read_Status  aht20.o
    0x080012f0   0x080012f0   0x00000020   Code   RO         1459    i.BEEP_Control      gpio.o
    0x08001310   0x08001310   0x00000002   Code   RO         1851    i.BusFault_Handler  stm32f1xx_it.o
    0x08001312   0x08001312   0x00000002   PAD
    0x08001314   0x08001314   0x0000003c   Code   RO         1536    i.CANopenTask       freertos.o
    0x08001350   0x08001350   0x00000050   Code   RO         2593    i.CanFestival_Can_Init  canfestival.o
    0x080013a0   0x080013a0   0x0000002c   Code   RO         2786    i.ConsumerHeartbeatAlarm  lifegrd.o
    0x080013cc   0x080013cc   0x000000a0   Code   RO         3047    i.CopyBits          pdo.o
    0x0800146c   0x0800146c   0x0000000c   Code   RO         1852    i.DMA1_Channel3_IRQHandler  stm32f1xx_it.o
    0x08001478   0x08001478   0x0000000c   Code   RO         1853    i.DMA1_Channel5_IRQHandler  stm32f1xx_it.o
    0x08001484   0x08001484   0x0000002a   Code   RO         5414    i.DMA_SetConfig     stm32f1xx_hal_dma.o
    0x080014ae   0x080014ae   0x00000002   Code   RO         1854    i.DebugMon_Handler  stm32f1xx_it.o
    0x080014b0   0x080014b0   0x0000002c   Code   RO         3672    i.DelAlarm          timer.o
    0x080014dc   0x080014dc   0x00000030   Code   RO          852    i.Dequeue           fifo.o
    0x0800150c   0x0800150c   0x00000026   Code   RO         1855    i.EXTI15_10_IRQHandler  stm32f1xx_it.o
    0x08001532   0x08001532   0x00000014   Code   RO         1856    i.EXTI9_5_IRQHandler  stm32f1xx_it.o
    0x08001546   0x08001546   0x00000002   PAD
    0x08001548   0x08001548   0x00000044   Code   RO          853    i.Enqueue           fifo.o
    0x0800158c   0x0800158c   0x00000030   Code   RO          854    i.Enqueue_Bytes     fifo.o
    0x080015bc   0x080015bc   0x00000004   Code   RO         1351    i.Error_Handler     main.o
    0x080015c0   0x080015c0   0x00000034   Code   RO         1111    i.Get_CPUID         mqtt.o
    0x080015f4   0x080015f4   0x00000062   Code   RO         2787    i.GuardTimeAlarm    lifegrd.o
    0x08001656   0x08001656   0x00000002   PAD
    0x08001658   0x08001658   0x000000d8   Code   RO         4938    i.HAL_ADCEx_Calibration_Start  stm32f1xx_hal_adc_ex.o
    0x08001730   0x08001730   0x000000fc   Code   RO         4764    i.HAL_ADC_ConfigChannel  stm32f1xx_hal_adc.o
    0x0800182c   0x0800182c   0x00000006   Code   RO         4771    i.HAL_ADC_GetValue  stm32f1xx_hal_adc.o
    0x08001832   0x08001832   0x00000002   PAD
    0x08001834   0x08001834   0x0000011c   Code   RO         4773    i.HAL_ADC_Init      stm32f1xx_hal_adc.o
    0x08001950   0x08001950   0x00000058   Code   RO         1603    i.HAL_ADC_MspInit   adc.o
    0x080019a8   0x080019a8   0x0000013c   Code   RO         4777    i.HAL_ADC_PollForConversion  stm32f1xx_hal_adc.o
    0x08001ae4   0x08001ae4   0x000000c0   Code   RO         4779    i.HAL_ADC_Start     stm32f1xx_hal_adc.o
    0x08001ba4   0x08001ba4   0x00000024   Code   RO         6012    i.HAL_CAN_ActivateNotification  stm32f1xx_hal_can.o
    0x08001bc8   0x08001bc8   0x000000bc   Code   RO         6013    i.HAL_CAN_AddTxMessage  stm32f1xx_hal_can.o
    0x08001c84   0x08001c84   0x000000ee   Code   RO         6014    i.HAL_CAN_ConfigFilter  stm32f1xx_hal_can.o
    0x08001d72   0x08001d72   0x00000002   Code   RO         6017    i.HAL_CAN_ErrorCallback  stm32f1xx_hal_can.o
    0x08001d74   0x08001d74   0x000000f4   Code   RO         6020    i.HAL_CAN_GetRxMessage  stm32f1xx_hal_can.o
    0x08001e68   0x08001e68   0x000001fc   Code   RO         6024    i.HAL_CAN_IRQHandler  stm32f1xx_hal_can.o
    0x08002064   0x08002064   0x0000011a   Code   RO         6025    i.HAL_CAN_Init      stm32f1xx_hal_can.o
    0x0800217e   0x0800217e   0x00000002   PAD
    0x08002180   0x08002180   0x0000007c   Code   RO          811    i.HAL_CAN_MspInit   f1can.o
    0x080021fc   0x080021fc   0x00000002   Code   RO         6032    i.HAL_CAN_RxFifo0FullCallback  stm32f1xx_hal_can.o
    0x080021fe   0x080021fe   0x00000002   PAD
    0x08002200   0x08002200   0x00000044   Code   RO         2594    i.HAL_CAN_RxFifo0MsgPendingCallback  canfestival.o
    0x08002244   0x08002244   0x00000002   Code   RO         6034    i.HAL_CAN_RxFifo1FullCallback  stm32f1xx_hal_can.o
    0x08002246   0x08002246   0x00000002   Code   RO         6035    i.HAL_CAN_RxFifo1MsgPendingCallback  stm32f1xx_hal_can.o
    0x08002248   0x08002248   0x00000002   Code   RO         6036    i.HAL_CAN_SleepCallback  stm32f1xx_hal_can.o
    0x0800224a   0x0800224a   0x00000002   PAD
    0x0800224c   0x0800224c   0x00000058   Code   RO         6037    i.HAL_CAN_Start     stm32f1xx_hal_can.o
    0x080022a4   0x080022a4   0x00000002   Code   RO         6039    i.HAL_CAN_TxMailbox0AbortCallback  stm32f1xx_hal_can.o
    0x080022a6   0x080022a6   0x00000002   Code   RO         6040    i.HAL_CAN_TxMailbox0CompleteCallback  stm32f1xx_hal_can.o
    0x080022a8   0x080022a8   0x00000002   Code   RO         6041    i.HAL_CAN_TxMailbox1AbortCallback  stm32f1xx_hal_can.o
    0x080022aa   0x080022aa   0x00000002   Code   RO         6042    i.HAL_CAN_TxMailbox1CompleteCallback  stm32f1xx_hal_can.o
    0x080022ac   0x080022ac   0x00000002   Code   RO         6043    i.HAL_CAN_TxMailbox2AbortCallback  stm32f1xx_hal_can.o
    0x080022ae   0x080022ae   0x00000002   Code   RO         6044    i.HAL_CAN_TxMailbox2CompleteCallback  stm32f1xx_hal_can.o
    0x080022b0   0x080022b0   0x00000002   Code   RO         6046    i.HAL_CAN_WakeUpFromRxMsgCallback  stm32f1xx_hal_can.o
    0x080022b2   0x080022b2   0x00000046   Code   RO         5415    i.HAL_DMA_Abort     stm32f1xx_hal_dma.o
    0x080022f8   0x080022f8   0x00000098   Code   RO         5416    i.HAL_DMA_Abort_IT  stm32f1xx_hal_dma.o
    0x08002390   0x08002390   0x00000154   Code   RO         5420    i.HAL_DMA_IRQHandler  stm32f1xx_hal_dma.o
    0x080024e4   0x080024e4   0x0000005c   Code   RO         5421    i.HAL_DMA_Init      stm32f1xx_hal_dma.o
    0x08002540   0x08002540   0x00000070   Code   RO         5425    i.HAL_DMA_Start_IT  stm32f1xx_hal_dma.o
    0x080025b0   0x080025b0   0x00000024   Code   RO         5041    i.HAL_Delay         stm32f1xx_hal.o
    0x080025d4   0x080025d4   0x00000120   Code   RO         1857    i.HAL_GPIO_EXTI_Callback  stm32f1xx_it.o
    0x080026f4   0x080026f4   0x00000018   Code   RO         5350    i.HAL_GPIO_EXTI_IRQHandler  stm32f1xx_hal_gpio.o
    0x0800270c   0x0800270c   0x000001e0   Code   RO         5351    i.HAL_GPIO_Init     stm32f1xx_hal_gpio.o
    0x080028ec   0x080028ec   0x0000000a   Code   RO         5355    i.HAL_GPIO_WritePin  stm32f1xx_hal_gpio.o
    0x080028f6   0x080028f6   0x00000002   PAD
    0x080028f8   0x080028f8   0x0000000c   Code   RO         5045    i.HAL_GetTick       stm32f1xx_hal.o
    0x08002904   0x08002904   0x00000188   Code   RO         6256    i.HAL_I2C_Init      stm32f1xx_hal_i2c.o
    0x08002a8c   0x08002a8c   0x00000250   Code   RO         6262    i.HAL_I2C_Master_Receive  stm32f1xx_hal_i2c.o
    0x08002cdc   0x08002cdc   0x0000012c   Code   RO         6269    i.HAL_I2C_Master_Transmit  stm32f1xx_hal_i2c.o
    0x08002e08   0x08002e08   0x0000025c   Code   RO         6274    i.HAL_I2C_Mem_Read  stm32f1xx_hal_i2c.o
    0x08003064   0x08003064   0x00000130   Code   RO         6277    i.HAL_I2C_Mem_Write  stm32f1xx_hal_i2c.o
    0x08003194   0x08003194   0x0000005c   Code   RO         1689    i.HAL_I2C_MspInit   i2c.o
    0x080031f0   0x080031f0   0x00000010   Code   RO         5051    i.HAL_IncTick       stm32f1xx_hal.o
    0x08003200   0x08003200   0x00000024   Code   RO         5052    i.HAL_Init          stm32f1xx_hal.o
    0x08003224   0x08003224   0x0000008c   Code   RO         2015    i.HAL_InitTick      stm32f1xx_hal_timebase_tim.o
    0x080032b0   0x080032b0   0x00000048   Code   RO         1991    i.HAL_MspInit       stm32f1xx_hal_msp.o
    0x080032f8   0x080032f8   0x0000001a   Code   RO         5511    i.HAL_NVIC_EnableIRQ  stm32f1xx_hal_cortex.o
    0x08003312   0x08003312   0x00000002   PAD
    0x08003314   0x08003314   0x00000040   Code   RO         5517    i.HAL_NVIC_SetPriority  stm32f1xx_hal_cortex.o
    0x08003354   0x08003354   0x00000024   Code   RO         5518    i.HAL_NVIC_SetPriorityGrouping  stm32f1xx_hal_cortex.o
    0x08003378   0x08003378   0x000000a4   Code   RO         5312    i.HAL_RCCEx_GetPeriphCLKFreq  stm32f1xx_hal_rcc_ex.o
    0x0800341c   0x0800341c   0x000000ec   Code   RO         5313    i.HAL_RCCEx_PeriphCLKConfig  stm32f1xx_hal_rcc_ex.o
    0x08003508   0x08003508   0x0000012c   Code   RO         5209    i.HAL_RCC_ClockConfig  stm32f1xx_hal_rcc.o
    0x08003634   0x08003634   0x00000040   Code   RO         5213    i.HAL_RCC_GetClockConfig  stm32f1xx_hal_rcc.o
    0x08003674   0x08003674   0x00000020   Code   RO         5216    i.HAL_RCC_GetPCLK1Freq  stm32f1xx_hal_rcc.o
    0x08003694   0x08003694   0x00000020   Code   RO         5217    i.HAL_RCC_GetPCLK2Freq  stm32f1xx_hal_rcc.o
    0x080036b4   0x080036b4   0x0000004c   Code   RO         5218    i.HAL_RCC_GetSysClockFreq  stm32f1xx_hal_rcc.o
    0x08003700   0x08003700   0x00000320   Code   RO         5221    i.HAL_RCC_OscConfig  stm32f1xx_hal_rcc.o
    0x08003a20   0x08003a20   0x00000002   Code   RO         4491    i.HAL_TIMEx_BreakCallback  stm32f1xx_hal_tim_ex.o
    0x08003a22   0x08003a22   0x00000002   Code   RO         4492    i.HAL_TIMEx_CommutCallback  stm32f1xx_hal_tim_ex.o
    0x08003a24   0x08003a24   0x00000068   Code   RO         4510    i.HAL_TIMEx_MasterConfigSynchronization  stm32f1xx_hal_tim_ex.o
    0x08003a8c   0x08003a8c   0x0000005a   Code   RO         3787    i.HAL_TIM_Base_Init  stm32f1xx_hal_tim.o
    0x08003ae6   0x08003ae6   0x00000002   PAD
    0x08003ae8   0x08003ae8   0x00000088   Code   RO         1731    i.HAL_TIM_Base_MspInit  tim.o
    0x08003b70   0x08003b70   0x00000058   Code   RO         3792    i.HAL_TIM_Base_Start_IT  stm32f1xx_hal_tim.o
    0x08003bc8   0x08003bc8   0x00000026   Code   RO         3793    i.HAL_TIM_Base_Stop  stm32f1xx_hal_tim.o
    0x08003bee   0x08003bee   0x000000dc   Code   RO         3796    i.HAL_TIM_ConfigClockSource  stm32f1xx_hal_tim.o
    0x08003cca   0x08003cca   0x00000002   Code   RO         3821    i.HAL_TIM_IC_CaptureCallback  stm32f1xx_hal_tim.o
    0x08003ccc   0x08003ccc   0x00000130   Code   RO         3835    i.HAL_TIM_IRQHandler  stm32f1xx_hal_tim.o
    0x08003dfc   0x08003dfc   0x00000002   Code   RO         3838    i.HAL_TIM_OC_DelayElapsedCallback  stm32f1xx_hal_tim.o
    0x08003dfe   0x08003dfe   0x00000002   Code   RO         3865    i.HAL_TIM_PWM_PulseFinishedCallback  stm32f1xx_hal_tim.o
    0x08003e00   0x08003e00   0x00000064   Code   RO         1352    i.HAL_TIM_PeriodElapsedCallback  main.o
    0x08003e64   0x08003e64   0x00000002   Code   RO         3878    i.HAL_TIM_TriggerCallback  stm32f1xx_hal_tim.o
    0x08003e66   0x08003e66   0x00000002   Code   RO         6694    i.HAL_UARTEx_RxEventCallback  stm32f1xx_hal_uart.o
    0x08003e68   0x08003e68   0x00000070   Code   RO         6706    i.HAL_UART_DMAStop  stm32f1xx_hal_uart.o
    0x08003ed8   0x08003ed8   0x00000002   Code   RO         6708    i.HAL_UART_ErrorCallback  stm32f1xx_hal_uart.o
    0x08003eda   0x08003eda   0x00000002   PAD
    0x08003edc   0x08003edc   0x0000026c   Code   RO         6711    i.HAL_UART_IRQHandler  stm32f1xx_hal_uart.o
    0x08004148   0x08004148   0x00000064   Code   RO         6712    i.HAL_UART_Init     stm32f1xx_hal_uart.o
    0x080041ac   0x080041ac   0x000001a4   Code   RO         1785    i.HAL_UART_MspInit  usart.o
    0x08004350   0x08004350   0x0000001c   Code   RO         6716    i.HAL_UART_Receive_DMA  stm32f1xx_hal_uart.o
    0x0800436c   0x0800436c   0x00000074   Code   RO         1858    i.HAL_UART_RxCpltCallback  stm32f1xx_it.o
    0x080043e0   0x080043e0   0x00000088   Code   RO         1859    i.HAL_UART_RxHalfCpltCallback  stm32f1xx_it.o
    0x08004468   0x08004468   0x000000a0   Code   RO         6720    i.HAL_UART_Transmit  stm32f1xx_hal_uart.o
    0x08004508   0x08004508   0x00000002   Code   RO         6723    i.HAL_UART_TxCpltCallback  stm32f1xx_hal_uart.o
    0x0800450a   0x0800450a   0x00000002   Code   RO         1860    i.HardFault_Handler  stm32f1xx_it.o
    0x0800450c   0x0800450c   0x0000002e   Code   RO         6299    i.I2C_IsAcknowledgeFailed  stm32f1xx_hal_i2c.o
    0x0800453a   0x0800453a   0x00000002   PAD
    0x0800453c   0x0800453c   0x000000ec   Code   RO         6302    i.I2C_MasterRequestRead  stm32f1xx_hal_i2c.o
    0x08004628   0x08004628   0x0000009c   Code   RO         6303    i.I2C_MasterRequestWrite  stm32f1xx_hal_i2c.o
    0x080046c4   0x080046c4   0x000000fc   Code   RO         6309    i.I2C_RequestMemoryRead  stm32f1xx_hal_i2c.o
    0x080047c0   0x080047c0   0x000000a8   Code   RO         6310    i.I2C_RequestMemoryWrite  stm32f1xx_hal_i2c.o
    0x08004868   0x08004868   0x00000056   Code   RO         6314    i.I2C_WaitOnBTFFlagUntilTimeout  stm32f1xx_hal_i2c.o
    0x080048be   0x080048be   0x00000002   PAD
    0x080048c0   0x080048c0   0x00000090   Code   RO         6315    i.I2C_WaitOnFlagUntilTimeout  stm32f1xx_hal_i2c.o
    0x08004950   0x08004950   0x000000bc   Code   RO         6316    i.I2C_WaitOnMasterAddressFlagUntilTimeout  stm32f1xx_hal_i2c.o
    0x08004a0c   0x08004a0c   0x00000070   Code   RO         6317    i.I2C_WaitOnRXNEFlagUntilTimeout  stm32f1xx_hal_i2c.o
    0x08004a7c   0x08004a7c   0x00000056   Code   RO         6318    i.I2C_WaitOnTXEFlagUntilTimeout  stm32f1xx_hal_i2c.o
    0x08004ad2   0x08004ad2   0x00000002   PAD
    0x08004ad4   0x08004ad4   0x0000004c   Code   RO          914    i.INA226_Init       ina226.o
    0x08004b20   0x08004b20   0x00000080   Code   RO          915    i.INA226_Read       ina226.o
    0x08004ba0   0x08004ba0   0x00000038   Code   RO          916    i.INA226_Read_Bus_Voltage  ina226.o
    0x08004bd8   0x08004bd8   0x00000038   Code   RO          917    i.INA226_Read_Current  ina226.o
    0x08004c10   0x08004c10   0x00000038   Code   RO          918    i.INA226_Read_Pow   ina226.o
    0x08004c48   0x08004c48   0x00000030   Code   RO         1463    i.LED_Control       gpio.o
    0x08004c78   0x08004c78   0x00000304   Code   RO         1112    i.ML307_Connect_MQTTServer  mqtt.o
    0x08004f7c   0x08004f7c   0x00000014   Code   RO         1537    i.MQTTTask          freertos.o
    0x08004f90   0x08004f90   0x0000003c   Code   RO         1113    i.MQTT_Connect_Server  mqtt.o
    0x08004fcc   0x08004fcc   0x000000d8   Code   RO         1114    i.MQTT_Parse_JsonData  mqtt.o
    0x080050a4   0x080050a4   0x000000a8   Code   RO         1115    i.MQTT_SendData     mqtt.o
    0x0800514c   0x0800514c   0x00000054   Code   RO         1604    i.MX_ADC1_Init      adc.o
    0x080051a0   0x080051a0   0x00000044   Code   RO          812    i.MX_CAN_Init       f1can.o
    0x080051e4   0x080051e4   0x0000003c   Code   RO         1664    i.MX_DMA_Init       dma.o
    0x08005220   0x08005220   0x00000054   Code   RO         1538    i.MX_FREERTOS_Init  freertos.o
    0x08005274   0x08005274   0x00000110   Code   RO         1465    i.MX_GPIO_Init      gpio.o
    0x08005384   0x08005384   0x00000040   Code   RO         1690    i.MX_I2C1_Init      i2c.o
    0x080053c4   0x080053c4   0x00000068   Code   RO         1732    i.MX_TIM2_Init      tim.o
    0x0800542c   0x0800542c   0x00000068   Code   RO         1733    i.MX_TIM3_Init      tim.o
    0x08005494   0x08005494   0x00000068   Code   RO         1734    i.MX_TIM4_Init      tim.o
    0x080054fc   0x080054fc   0x00000038   Code   RO         1786    i.MX_USART1_UART_Init  usart.o
    0x08005534   0x08005534   0x00000038   Code   RO         1787    i.MX_USART2_UART_Init  usart.o
    0x0800556c   0x0800556c   0x00000038   Code   RO         1788    i.MX_USART3_UART_Init  usart.o
    0x080055a4   0x080055a4   0x00000002   Code   RO         1861    i.MemManage_Handler  stm32f1xx_it.o
    0x080055a6   0x080055a6   0x00000014   Code   RO         1539    i.ModbusTask        freertos.o
    0x080055ba   0x080055ba   0x00000002   PAD
    0x080055bc   0x080055bc   0x00000048   Code   RO          969    i.Modbus_Init       modbus.o
    0x08005604   0x08005604   0x00000098   Code   RO          970    i.Modbus_Parse      modbus.o
    0x0800569c   0x0800569c   0x00000002   Code   RO         1862    i.NMI_Handler       stm32f1xx_it.o
    0x0800569e   0x0800569e   0x00000006   Code   RO         1190    i.OLED_CLS          oled.o
    0x080056a4   0x080056a4   0x00000038   Code   RO         1191    i.OLED_Fill         oled.o
    0x080056dc   0x080056dc   0x000000b4   Code   RO         1192    i.OLED_Init         oled.o
    0x08005790   0x08005790   0x00000026   Code   RO         1195    i.OLED_SetPos       oled.o
    0x080057b6   0x080057b6   0x00000002   PAD
    0x080057b8   0x080057b8   0x000000d8   Code   RO         1197    i.OLED_ShowStr      oled.o
    0x08005890   0x08005890   0x0000000a   Code   RO         3425    i.OnCOB_ID_SyncUpdate  sync.o
    0x0800589a   0x0800589a   0x00000012   Code   RO         2788    i.OnHeartbeatProducerUpdate  lifegrd.o
    0x080058ac   0x080058ac   0x00000012   Code   RO         2789    i.OnNodeGuardUpdate  lifegrd.o
    0x080058be   0x080058be   0x00000002   PAD
    0x080058c0   0x080058c0   0x00000028   Code   RO         2722    i.OnNumberOfErrorsUpdate  emcy.o
    0x080058e8   0x080058e8   0x00000028   Code   RO         3048    i.PDOEventTimerAlarm  pdo.o
    0x08005910   0x08005910   0x0000002a   Code   RO         3049    i.PDOInhibitTimerAlarm  pdo.o
    0x0800593a   0x0800593a   0x00000002   PAD
    0x0800593c   0x0800593c   0x00000058   Code   RO         3050    i.PDOInit           pdo.o
    0x08005994   0x08005994   0x00000068   Code   RO         3051    i.PDOStop           pdo.o
    0x080059fc   0x080059fc   0x00000044   Code   RO         2790    i.ProducerHeartbeatAlarm  lifegrd.o
    0x08005a40   0x08005a40   0x00000010   Code   RO          856    i.Queue_IsEmpty     fifo.o
    0x08005a50   0x08005a50   0x00000022   Code   RO          857    i.Queue_IsFull      fifo.o
    0x08005a72   0x08005a72   0x00000002   PAD
    0x08005a74   0x08005a74   0x00000020   Code   RO         1466    i.RELAY_Control     gpio.o
    0x08005a94   0x08005a94   0x00000030   Code   RO          971    i.Read_SlaveAddress  modbus.o
    0x08005ac4   0x08005ac4   0x00000024   Code   RO         2993    i.RegisterSetODentryCallBack  objacces.o
    0x08005ae8   0x08005ae8   0x0000007c   Code   RO         3149    i.SDOTimeoutAlarm   sdo.o
    0x08005b64   0x08005b64   0x00000030   Code   RO         3150    i.SDOlineToObjdict  sdo.o
    0x08005b94   0x08005b94   0x00000036   Code   RO         3151    i.SDOtoLine         sdo.o
    0x08005bca   0x08005bca   0x00000002   PAD
    0x08005bcc   0x08005bcc   0x00000090   Code   RO         3673    i.SetAlarm          timer.o
    0x08005c5c   0x08005c5c   0x00000028   Code   RO         3494    i.Set_SlaveAdress_Callback  testslave.o
    0x08005c84   0x08005c84   0x00000004   Code   RO         3426    i.SyncAlarm         sync.o
    0x08005c88   0x08005c88   0x0000002c   Code   RO         8322    i.SysTick_Handler   port_1.o
    0x08005cb4   0x08005cb4   0x00000078   Code   RO         1353    i.SystemClock_Config  main.o
    0x08005d2c   0x08005d2c   0x00000002   Code   RO         7046    i.SystemInit        system_stm32f1xx.o
    0x08005d2e   0x08005d2e   0x00000002   PAD
    0x08005d30   0x08005d30   0x0000000c   Code   RO         1863    i.TIM1_UP_IRQHandler  stm32f1xx_it.o
    0x08005d3c   0x08005d3c   0x00000014   Code   RO         1864    i.TIM2_IRQHandler   stm32f1xx_it.o
    0x08005d50   0x08005d50   0x00000020   Code   RO         2551    i.TIM3_IRQHandler   porttimer.o
    0x08005d70   0x08005d70   0x0000000c   Code   RO         1865    i.TIM4_IRQHandler   stm32f1xx_it.o
    0x08005d7c   0x08005d7c   0x00000078   Code   RO         3880    i.TIM_Base_SetConfig  stm32f1xx_hal_tim.o
    0x08005df4   0x08005df4   0x00000014   Code   RO         3891    i.TIM_ETR_SetConfig  stm32f1xx_hal_tim.o
    0x08005e08   0x08005e08   0x00000010   Code   RO         3892    i.TIM_ITRx_SetConfig  stm32f1xx_hal_tim.o
    0x08005e18   0x08005e18   0x00000022   Code   RO         3898    i.TIM_TI1_ConfigInputStage  stm32f1xx_hal_tim.o
    0x08005e3a   0x08005e3a   0x00000024   Code   RO         3900    i.TIM_TI2_ConfigInputStage  stm32f1xx_hal_tim.o
    0x08005e5e   0x08005e5e   0x00000066   Code   RO         3052    i.TPDO_Communication_Parameter_Callback  pdo.o
    0x08005ec4   0x08005ec4   0x0000012c   Code   RO         3495    i.TestSlave_scanIndexOD  testslave.o
    0x08005ff0   0x08005ff0   0x00000014   Code   RO         3496    i.TestSlave_valueRangeTest  testslave.o
    0x08006004   0x08006004   0x00000024   Code   RO         1278    i.Test_WIFI4G_CMD_Status  wifi4g.o
    0x08006028   0x08006028   0x00000098   Code   RO         3674    i.TimeDispatch      timer.o
    0x080060c0   0x080060c0   0x00000010   Code   RO         6725    i.UART_DMAAbortOnError  stm32f1xx_hal_uart.o
    0x080060d0   0x080060d0   0x0000004a   Code   RO         6726    i.UART_DMAError     stm32f1xx_hal_uart.o
    0x0800611a   0x0800611a   0x00000086   Code   RO         6727    i.UART_DMAReceiveCplt  stm32f1xx_hal_uart.o
    0x080061a0   0x080061a0   0x0000001e   Code   RO         6729    i.UART_DMARxHalfCplt  stm32f1xx_hal_uart.o
    0x080061be   0x080061be   0x0000004e   Code   RO         6735    i.UART_EndRxTransfer  stm32f1xx_hal_uart.o
    0x0800620c   0x0800620c   0x0000001c   Code   RO         6736    i.UART_EndTxTransfer  stm32f1xx_hal_uart.o
    0x08006228   0x08006228   0x000000c2   Code   RO         6737    i.UART_Receive_IT   stm32f1xx_hal_uart.o
    0x080062ea   0x080062ea   0x00000002   PAD
    0x080062ec   0x080062ec   0x000000b8   Code   RO         6738    i.UART_SetConfig    stm32f1xx_hal_uart.o
    0x080063a4   0x080063a4   0x00000090   Code   RO         6739    i.UART_Start_Receive_DMA  stm32f1xx_hal_uart.o
    0x08006434   0x08006434   0x00000072   Code   RO         6741    i.UART_WaitOnFlagUntilTimeout  stm32f1xx_hal_uart.o
    0x080064a6   0x080064a6   0x00000002   PAD
    0x080064a8   0x080064a8   0x00000018   Code   RO         1866    i.USART1_IRQHandler  stm32f1xx_it.o
    0x080064c0   0x080064c0   0x00000044   Code   RO         2500    i.USART2_IRQHandler  portserial.o
    0x08006504   0x08006504   0x00000018   Code   RO         1867    i.USART3_IRQHandler  stm32f1xx_it.o
    0x0800651c   0x0800651c   0x0000000c   Code   RO         1868    i.USB_LP_CAN1_RX0_IRQHandler  stm32f1xx_it.o
    0x08006528   0x08006528   0x00000130   Code   RO         1869    i.USER_UART_IRQHandler  stm32f1xx_it.o
    0x08006658   0x08006658   0x00000002   Code   RO         1870    i.UsageFault_Handler  stm32f1xx_it.o
    0x0800665a   0x0800665a   0x00000002   PAD
    0x0800665c   0x0800665c   0x000000a0   Code   RO         1279    i.WIFI4G_Parse_Queue  wifi4g.o
    0x080066fc   0x080066fc   0x00000024   Code   RO         1198    i.WriteCmd          oled.o
    0x08006720   0x08006720   0x00000024   Code   RO         1199    i.WriteDat          oled.o
    0x08006744   0x08006744   0x00000028   Code   RO          972    i.Write_SlaveAddress  modbus.o
    0x0800676c   0x0800676c   0x00000002   Code   RO         3053    i._RxPDO_EventTimers_Handler  pdo.o
    0x0800676e   0x0800676e   0x00000002   PAD
    0x08006770   0x08006770   0x00000020   Code   RO         8664    i.__0printf         mc_w.l(printfa.o)
    0x08006790   0x08006790   0x00000028   Code   RO         8666    i.__0sprintf        mc_w.l(printfa.o)
    0x080067b8   0x080067b8   0x00000020   Code   RO         5524    i.__NVIC_SetPriority  stm32f1xx_hal_cortex.o
    0x080067d8   0x080067d8   0x0000005c   Code   RO         8696    i.__free$realloc    mc_w.l(mallocr.o)
    0x08006834   0x08006834   0x00000050   Code   RO         8697    i.__malloc$realloc  mc_w.l(mallocr.o)
    0x08006884   0x08006884   0x0000000e   Code   RO         8807    i.__scatterload_copy  mc_w.l(handlers.o)
    0x08006892   0x08006892   0x00000002   Code   RO         8808    i.__scatterload_null  mc_w.l(handlers.o)
    0x08006894   0x08006894   0x0000000e   Code   RO         8809    i.__scatterload_zeroinit  mc_w.l(handlers.o)
    0x080068a2   0x080068a2   0x00000002   PAD
    0x080068a4   0x080068a4   0x00000184   Code   RO         8671    i._fp_digits        mc_w.l(printfa.o)
    0x08006a28   0x08006a28   0x000000cc   Code   RO         2994    i._getODentry       objacces.o
    0x08006af4   0x08006af4   0x00000002   Code   RO         2791    i._heartbeatError   lifegrd.o
    0x08006af6   0x08006af6   0x00000002   Code   RO         3346    i._initialisation   states.o
    0x08006af8   0x08006af8   0x0000000e   Code   RO         8724    i._is_digit         mc_w.l(scanf_fp.o)
    0x08006b06   0x08006b06   0x00000002   Code   RO         2792    i._nodeguardError   lifegrd.o
    0x08006b08   0x08006b08   0x00000002   Code   RO         3347    i._operational      states.o
    0x08006b0a   0x08006b0a   0x00000002   Code   RO         2793    i._post_SlaveBootup  lifegrd.o
    0x08006b0c   0x08006b0c   0x00000002   Code   RO         2794    i._post_SlaveStateChange  lifegrd.o
    0x08006b0e   0x08006b0e   0x00000002   Code   RO         3427    i._post_TPDO        sync.o
    0x08006b10   0x08006b10   0x00000002   Code   RO         2723    i._post_emcy        emcy.o
    0x08006b12   0x08006b12   0x00000002   Code   RO         3428    i._post_sync        sync.o
    0x08006b14   0x08006b14   0x00000010   Code   RO         3348    i._preOperational   states.o
    0x08006b24   0x08006b24   0x000006dc   Code   RO         8672    i._printf_core      mc_w.l(printfa.o)
    0x08007200   0x08007200   0x00000024   Code   RO         8673    i._printf_post_padding  mc_w.l(printfa.o)
    0x08007224   0x08007224   0x0000002e   Code   RO         8674    i._printf_pre_padding  mc_w.l(printfa.o)
    0x08007252   0x08007252   0x0000011c   Code   RO         3054    i._sendPDOevent     pdo.o
    0x0800736e   0x0800736e   0x00000002   PAD
    0x08007370   0x08007370   0x000000f0   Code   RO         2995    i._setODentry       objacces.o
    0x08007460   0x08007460   0x0000000a   Code   RO         8676    i._sputc            mc_w.l(printfa.o)
    0x0800746a   0x0800746a   0x00000002   Code   RO         3349    i._stopped          states.o
    0x0800746c   0x0800746c   0x00000002   Code   RO         2996    i._storeODSubIndex  objacces.o
    0x0800746e   0x0800746e   0x00000030   Code   RO          181    i.buffer_skip_whitespace  cjson.o
    0x0800749e   0x0800749e   0x000000d6   Code   RO         3055    i.buildPDO          pdo.o
    0x08007574   0x08007574   0x00000050   Code   RO          213    i.cJSON_Delete      cjson.o
    0x080075c4   0x080075c4   0x00000006   Code   RO          227    i.cJSON_GetObjectItem  cjson.o
    0x080075ca   0x080075ca   0x00000016   Code   RO          244    i.cJSON_New_Item    cjson.o
    0x080075e0   0x080075e0   0x00000008   Code   RO          245    i.cJSON_Parse       cjson.o
    0x080075e8   0x080075e8   0x000000dc   Code   RO          247    i.cJSON_ParseWithLengthOpts  cjson.o
    0x080076c4   0x080076c4   0x00000022   Code   RO          248    i.cJSON_ParseWithOpts  cjson.o
    0x080076e6   0x080076e6   0x0000007a   Code   RO         3350    i.canDispatch       states.o
    0x08007760   0x08007760   0x0000004c   Code   RO         2595    i.canSend           canfestival.o
    0x080077ac   0x080077ac   0x00000030   Code   RO         2134    i.eMBASCIIInit      mbascii.o
    0x080077dc   0x080077dc   0x00000048   Code   RO         2135    i.eMBASCIIReceive   mbascii.o
    0x08007824   0x08007824   0x00000048   Code   RO         2136    i.eMBASCIISend      mbascii.o
    0x0800786c   0x0800786c   0x0000001c   Code   RO         2137    i.eMBASCIIStart     mbascii.o
    0x08007888   0x08007888   0x00000012   Code   RO         2138    i.eMBASCIIStop      mbascii.o
    0x0800789a   0x0800789a   0x00000002   PAD
    0x0800789c   0x0800789c   0x00000020   Code   RO         2051    i.eMBClose          mb.o
    0x080078bc   0x080078bc   0x00000020   Code   RO         2052    i.eMBDisable        mb.o
    0x080078dc   0x080078dc   0x00000020   Code   RO         2053    i.eMBEnable         mb.o
    0x080078fc   0x080078fc   0x00000072   Code   RO         2225    i.eMBFuncReadCoils  mbfunccoils.o
    0x0800796e   0x0800796e   0x00000072   Code   RO         2252    i.eMBFuncReadDiscreteInputs  mbfuncdisc.o
    0x080079e0   0x080079e0   0x0000005e   Code   RO         2264    i.eMBFuncReadHoldingRegister  mbfuncholding.o
    0x08007a3e   0x08007a3e   0x00000062   Code   RO         2294    i.eMBFuncReadInputRegister  mbfuncinput.o
    0x08007aa0   0x08007aa0   0x0000009c   Code   RO         2265    i.eMBFuncReadWriteMultipleHoldingRegister  mbfuncholding.o
    0x08007b3c   0x08007b3c   0x00000024   Code   RO         2306    i.eMBFuncReportSlaveID  mbfuncother.o
    0x08007b60   0x08007b60   0x00000056   Code   RO         2226    i.eMBFuncWriteCoil  mbfunccoils.o
    0x08007bb6   0x08007bb6   0x00000032   Code   RO         2266    i.eMBFuncWriteHoldingRegister  mbfuncholding.o
    0x08007be8   0x08007be8   0x00000064   Code   RO         2227    i.eMBFuncWriteMultipleCoils  mbfunccoils.o
    0x08007c4c   0x08007c4c   0x0000004e   Code   RO         2267    i.eMBFuncWriteMultipleHoldingRegister  mbfuncholding.o
    0x08007c9a   0x08007c9a   0x00000002   PAD
    0x08007c9c   0x08007c9c   0x000000cc   Code   RO         2054    i.eMBInit           mb.o
    0x08007d68   0x08007d68   0x000000b8   Code   RO         2055    i.eMBPoll           mb.o
    0x08007e20   0x08007e20   0x0000003c   Code   RO         2327    i.eMBRTUInit        mbrtu.o
    0x08007e5c   0x08007e5c   0x00000050   Code   RO         2328    i.eMBRTUReceive     mbrtu.o
    0x08007eac   0x08007eac   0x00000058   Code   RO         2329    i.eMBRTUSend        mbrtu.o
    0x08007f04   0x08007f04   0x0000001c   Code   RO         2330    i.eMBRTUStart       mbrtu.o
    0x08007f20   0x08007f20   0x00000012   Code   RO         2331    i.eMBRTUStop        mbrtu.o
    0x08007f32   0x08007f32   0x00000002   PAD
    0x08007f34   0x08007f34   0x0000009c   Code   RO         2421    i.eMBRegCoilsCB     port.o
    0x08007fd0   0x08007fd0   0x00000080   Code   RO         2422    i.eMBRegDiscreteCB  port.o
    0x08008050   0x08008050   0x00000068   Code   RO         2423    i.eMBRegHoldingCB   port.o
    0x080080b8   0x080080b8   0x00000050   Code   RO         2424    i.eMBRegInputCB     port.o
    0x08008108   0x08008108   0x00000020   Code   RO         2724    i.emergencyInit     emcy.o
    0x08008128   0x08008128   0x00000002   Code   RO         2725    i.emergencyStop     emcy.o
    0x0800812a   0x0800812a   0x00000088   Code   RO         3155    i.failedSDO         sdo.o
    0x080081b2   0x080081b2   0x00000002   PAD
    0x080081b4   0x080081b4   0x00000018   Code   RO         1789    i.fputc             usart.o
    0x080081cc   0x080081cc   0x00000008   Code   RO         2596    i.getElapsedTime    canfestival.o
    0x080081d4   0x080081d4   0x00000006   Code   RO         3351    i.getNodeId         states.o
    0x080081da   0x080081da   0x00000030   Code   RO         3157    i.getSDOfreeLine    sdo.o
    0x0800820a   0x0800820a   0x0000003a   Code   RO         3158    i.getSDOlineOnUse   sdo.o
    0x08008244   0x08008244   0x00000016   Code   RO         3159    i.getSDOlineRestBytes  sdo.o
    0x0800825a   0x0800825a   0x0000007a   Code   RO          267    i.get_object_item   cjson.o
    0x080082d4   0x080082d4   0x00000080   Code   RO         2796    i.heartbeatInit     lifegrd.o
    0x08008354   0x08008354   0x00000036   Code   RO         2797    i.heartbeatStop     lifegrd.o
    0x0800838a   0x0800838a   0x00000002   PAD
    0x0800838c   0x0800838c   0x0000008c   Code   RO         3162    i.initSDOline       sdo.o
    0x08008418   0x08008418   0x00000050   Code   RO         8698    i.internal_alloc    mc_w.l(mallocr.o)
    0x08008468   0x08008468   0x00000012   Code   RO         2798    i.lifeGuardInit     lifegrd.o
    0x0800847a   0x0800847a   0x00000012   Code   RO         2799    i.lifeGuardStop     lifegrd.o
    0x0800848c   0x0800848c   0x0000003c   Code   RO         3163    i.lineToSDO         sdo.o
    0x080084c8   0x080084c8   0x000000e4   Code   RO         1354    i.main              main.o
    0x080085ac   0x080085ac   0x0000000c   Code   RO         7887    i.makeFreeRtosPriority  cmsis_os.o
    0x080085b8   0x080085b8   0x00000022   Code   RO         2928    i.masterSendNMTnodeguard  nmtmaster.o
    0x080085da   0x080085da   0x00000026   Code   RO         2929    i.masterSendNMTstateChange  nmtmaster.o
    0x08008600   0x08008600   0x00000078   Code   RO         2800    i.nodeguardInit     lifegrd.o
    0x08008678   0x08008678   0x00000012   Code   RO         2801    i.nodeguardStop     lifegrd.o
    0x0800868a   0x0800868a   0x0000003c   Code   RO         3164    i.objdictToSDOline  sdo.o
    0x080086c6   0x080086c6   0x0000000e   Code   RO         7889    i.osDelay           cmsis_os.o
    0x080086d4   0x080086d4   0x0000000a   Code   RO         7892    i.osKernelStart     cmsis_os.o
    0x080086de   0x080086de   0x00000054   Code   RO         7926    i.osThreadCreate    cmsis_os.o
    0x08008732   0x08008732   0x000000d0   Code   RO          269    i.parse_array       cjson.o
    0x08008802   0x08008802   0x00000040   Code   RO          270    i.parse_hex4        cjson.o
    0x08008842   0x08008842   0x00000002   PAD
    0x08008844   0x08008844   0x0000012c   Code   RO          271    i.parse_number      cjson.o
    0x08008970   0x08008970   0x00000110   Code   RO          272    i.parse_object      cjson.o
    0x08008a80   0x08008a80   0x0000010c   Code   RO          273    i.parse_string      cjson.o
    0x08008b8c   0x08008b8c   0x000000fc   Code   RO          274    i.parse_value       cjson.o
    0x08008c88   0x08008c88   0x00000022   Code   RO         2726    i.proceedEMCY       emcy.o
    0x08008caa   0x08008caa   0x00000096   Code   RO         2963    i.proceedNMTstateChange  nmtslave.o
    0x08008d40   0x08008d40   0x000000f8   Code   RO         2802    i.proceedNODE_GUARD  lifegrd.o
    0x08008e38   0x08008e38   0x0000022c   Code   RO         3056    i.proceedPDO        pdo.o
    0x08009064   0x08009064   0x0000127c   Code   RO         3165    i.proceedSDO        sdo.o
    0x0800a2e0   0x0800a2e0   0x00000028   Code   RO         3429    i.proceedSYNC       sync.o
    0x0800a308   0x0800a308   0x00000070   Code   RO         7548    i.prvAddCurrentTaskToDelayedList  tasks.o
    0x0800a378   0x0800a378   0x000000d0   Code   RO         7549    i.prvAddNewTaskToReadyList  tasks.o
    0x0800a448   0x0800a448   0x00000034   Code   RO         7550    i.prvDeleteTCB      tasks.o
    0x0800a47c   0x0800a47c   0x0000004c   Code   RO         8254    i.prvHeapInit       heap_4.o
    0x0800a4c8   0x0800a4c8   0x00000060   Code   RO         7551    i.prvIdleTask       tasks.o
    0x0800a528   0x0800a528   0x00000098   Code   RO         7552    i.prvInitialiseNewTask  tasks.o
    0x0800a5c0   0x0800a5c0   0x0000004c   Code   RO         8255    i.prvInsertBlockIntoFreeList  heap_4.o
    0x0800a60c   0x0800a60c   0x00000020   Code   RO         7553    i.prvResetNextTaskUnblockTime  tasks.o
    0x0800a62c   0x0800a62c   0x00000028   Code   RO         8323    i.prvTaskExitError  port_1.o
    0x0800a654   0x0800a654   0x00000018   Code   RO         2394    i.prveMBError2Exception  mbutils.o
    0x0800a66c   0x0800a66c   0x0000001c   Code   RO         2139    i.prvucMBBIN2CHAR   mbascii.o
    0x0800a688   0x0800a688   0x00000018   Code   RO         2140    i.prvucMBLRC        mbascii.o
    0x0800a6a0   0x0800a6a0   0x000000dc   Code   RO         8256    i.pvPortMalloc      heap_4.o
    0x0800a77c   0x0800a77c   0x00000024   Code   RO         8324    i.pxPortInitialiseStack  port_1.o
    0x0800a7a0   0x0800a7a0   0x0000006c   Code   RO         8699    i.realloc           mc_w.l(mallocr.o)
    0x0800a80c   0x0800a80c   0x00000018   Code   RO         3169    i.resetSDO          sdo.o
    0x0800a824   0x0800a824   0x00000032   Code   RO         3170    i.resetSDOline      sdo.o
    0x0800a856   0x0800a856   0x00000016   Code   RO         2998    i.scanIndexOD       objacces.o
    0x0800a86c   0x0800a86c   0x00000108   Code   RO         3057    i.sendOnePDOevent   pdo.o
    0x0800a974   0x0800a974   0x00000028   Code   RO         3060    i.sendPdo           pdo.o
    0x0800a99c   0x0800a99c   0x00000078   Code   RO         3171    i.sendSDO           sdo.o
    0x0800aa14   0x0800aa14   0x00000038   Code   RO         3172    i.sendSDOabort      sdo.o
    0x0800aa4c   0x0800aa4c   0x00000014   Code   RO         3430    i.sendSYNC          sync.o
    0x0800aa60   0x0800aa60   0x00000022   Code   RO         3431    i.sendSYNCMessage   sync.o
    0x0800aa82   0x0800aa82   0x00000002   PAD
    0x0800aa84   0x0800aa84   0x00000134   Code   RO         3353    i.setNodeId         states.o
    0x0800abb8   0x0800abb8   0x00000016   Code   RO         3173    i.setSDOlineRestBytes  sdo.o
    0x0800abce   0x0800abce   0x00000002   PAD
    0x0800abd0   0x0800abd0   0x000000a4   Code   RO         3354    i.setState          states.o
    0x0800ac74   0x0800ac74   0x0000000c   Code   RO         2597    i.setTimer          canfestival.o
    0x0800ac80   0x0800ac80   0x0000002a   Code   RO         2964    i.slaveSendBootUp   nmtslave.o
    0x0800acaa   0x0800acaa   0x00000002   PAD
    0x0800acac   0x0800acac   0x0000005c   Code   RO         3432    i.startSYNC         sync.o
    0x0800ad08   0x0800ad08   0x0000002c   Code   RO         3433    i.stopSYNC          sync.o
    0x0800ad34   0x0800ad34   0x0000001c   Code   RO         8399    i.strtod            m_ws.l(strtod.o)
    0x0800ad50   0x0800ad50   0x000000ea   Code   RO         3355    i.switchCommunicationState  states.o
    0x0800ae3a   0x0800ae3a   0x00000002   PAD
    0x0800ae3c   0x0800ae3c   0x0000002c   Code   RO         2208    i.usMBCRC16         mbcrc.o
    0x0800ae68   0x0800ae68   0x000000d2   Code   RO          283    i.utf16_literal_to_utf8  cjson.o
    0x0800af3a   0x0800af3a   0x00000026   Code   RO         7190    i.uxListRemove      list.o
    0x0800af60   0x0800af60   0x00000014   Code   RO         1540    i.vApplicationGetIdleTaskMemory  freertos.o
    0x0800af74   0x0800af74   0x00000016   Code   RO         7191    i.vListInitialise   list.o
    0x0800af8a   0x0800af8a   0x00000006   Code   RO         7192    i.vListInitialiseItem  list.o
    0x0800af90   0x0800af90   0x00000030   Code   RO         7193    i.vListInsert       list.o
    0x0800afc0   0x0800afc0   0x00000018   Code   RO         7194    i.vListInsertEnd    list.o
    0x0800afd8   0x0800afd8   0x00000054   Code   RO         2501    i.vMBPortSerialEnable  portserial.o
    0x0800b02c   0x0800b02c   0x00000024   Code   RO         2581    i.vMBPortTimersDisable  porttimer.o
    0x0800b050   0x0800b050   0x00000018   Code   RO         2575    i.vMBPortTimersEnable  porttimer.o
    0x0800b068   0x0800b068   0x00000040   Code   RO         8326    i.vPortEnterCritical  port_1.o
    0x0800b0a8   0x0800b0a8   0x00000028   Code   RO         8327    i.vPortExitCritical  port_1.o
    0x0800b0d0   0x0800b0d0   0x00000064   Code   RO         8257    i.vPortFree         heap_4.o
    0x0800b134   0x0800b134   0x00000024   Code   RO         8328    i.vPortSetupTimerInterrupt  port_1.o
    0x0800b158   0x0800b158   0x0000004c   Code   RO         7562    i.vTaskDelay        tasks.o
    0x0800b1a4   0x0800b1a4   0x0000006c   Code   RO         7575    i.vTaskStartScheduler  tasks.o
    0x0800b210   0x0800b210   0x00000010   Code   RO         7577    i.vTaskSuspendAll   tasks.o
    0x0800b220   0x0800b220   0x0000005c   Code   RO         7578    i.vTaskSwitchContext  tasks.o
    0x0800b27c   0x0800b27c   0x000000e4   Code   RO         2141    i.xMBASCIIReceiveFSM  mbascii.o
    0x0800b360   0x0800b360   0x00000030   Code   RO         2142    i.xMBASCIITimerT1SExpired  mbascii.o
    0x0800b390   0x0800b390   0x000000ac   Code   RO         2143    i.xMBASCIITransmitFSM  mbascii.o
    0x0800b43c   0x0800b43c   0x0000001c   Code   RO         2471    i.xMBPortEventGet   portevent.o
    0x0800b458   0x0800b458   0x00000010   Code   RO         2472    i.xMBPortEventInit  portevent.o
    0x0800b468   0x0800b468   0x00000010   Code   RO         2473    i.xMBPortEventPost  portevent.o
    0x0800b478   0x0800b478   0x00000010   Code   RO         2502    i.xMBPortSerialGetByte  portserial.o
    0x0800b488   0x0800b488   0x00000050   Code   RO         2503    i.xMBPortSerialInit  portserial.o
    0x0800b4d8   0x0800b4d8   0x0000000c   Code   RO         2504    i.xMBPortSerialPutByte  portserial.o
    0x0800b4e4   0x0800b4e4   0x00000074   Code   RO         2552    i.xMBPortTimersInit  porttimer.o
    0x0800b558   0x0800b558   0x00000068   Code   RO         2332    i.xMBRTUReceiveFSM  mbrtu.o
    0x0800b5c0   0x0800b5c0   0x00000040   Code   RO         2333    i.xMBRTUTimerT35Expired  mbrtu.o
    0x0800b600   0x0800b600   0x0000005c   Code   RO         2334    i.xMBRTUTransmitFSM  mbrtu.o
    0x0800b65c   0x0800b65c   0x000000a8   Code   RO         8330    i.xPortStartScheduler  port_1.o
    0x0800b704   0x0800b704   0x0000005a   Code   RO         7581    i.xTaskCreate       tasks.o
    0x0800b75e   0x0800b75e   0x00000056   Code   RO         7582    i.xTaskCreateStatic  tasks.o
    0x0800b7b4   0x0800b7b4   0x000000cc   Code   RO         7589    i.xTaskIncrementTick  tasks.o
    0x0800b880   0x0800b880   0x000000c4   Code   RO         7595    i.xTaskResumeAll    tasks.o
    0x0800b944   0x0800b944   0x00000818   Data   RO         1200    .constdata          oled.o
    0x0800c15c   0x0800c15c   0x00000054   Data   RO         1542    .constdata          freertos.o
    0x0800c1b0   0x0800c1b0   0x00000200   Data   RO         2209    .constdata          mbcrc.o
    0x0800c3b0   0x0800c3b0   0x00000040   Data   RO         3356    .constdata          states.o
    0x0800c3f0   0x0800c3f0   0x00000001   Data   RO         3506    .constdata          testslave.o
    0x0800c3f1   0x0800c3f1   0x00000003   PAD
    0x0800c3f4   0x0800c3f4   0x000000a8   Data   RO         3507    .constdata          testslave.o
    0x0800c49c   0x0800c49c   0x0000000c   Data   RO         3508    .constdata          testslave.o
    0x0800c4a8   0x0800c4a8   0x0000000c   Data   RO         3509    .constdata          testslave.o
    0x0800c4b4   0x0800c4b4   0x00000002   Data   RO         3510    .constdata          testslave.o
    0x0800c4b6   0x0800c4b6   0x00000012   Data   RO         5222    .constdata          stm32f1xx_hal_rcc.o
    0x0800c4c8   0x0800c4c8   0x00000012   Data   RO         5314    .constdata          stm32f1xx_hal_rcc_ex.o
    0x0800c4da   0x0800c4da   0x00000010   Data   RO         7047    .constdata          system_stm32f1xx.o
    0x0800c4ea   0x0800c4ea   0x00000008   Data   RO         7048    .constdata          system_stm32f1xx.o
    0x0800c4f2   0x0800c4f2   0x00000040   Data   RO         8803    .constdata          mc_w.l(ctype_c.o)
    0x0800c532   0x0800c532   0x00000002   PAD
    0x0800c534   0x0800c534   0x00000017   Data   RO         1543    .conststring        freertos.o
    0x0800c54b   0x0800c54b   0x00000001   PAD
    0x0800c54c   0x0800c54c   0x00000020   Data   RO         8805    Region$$Table       anon$$obj.o


    Execution Region RW_IRAM1 (Exec base: 0x20000000, Load base: 0x0800c56c, Size: 0x00002e50, Max: 0x00005000, ABSOLUTE, COMPRESSED[0x00000358])

    Exec Addr    Load Addr    Size         Type   Attr      Idx    E Section Name        Object

    0x20000000   COMPRESSED   0x00000008   Data   RW           18    .data               aht20.o
    0x20000008   COMPRESSED   0x00000014   Data   RW          285    .data               cjson.o
    0x2000001c   COMPRESSED   0x00000003   Data   RW          973    .data               modbus.o
    0x2000001f   COMPRESSED   0x00000001   Data   RW         1118    .data               mqtt.o
    0x20000020   COMPRESSED   0x00000002   Data   RW         1282    .data               wifi4g.o
    0x20000022   COMPRESSED   0x00000002   PAD
    0x20000024   COMPRESSED   0x00000004   Data   RW         1355    .data               main.o
    0x20000028   COMPRESSED   0x00000001   Data   RW         1468    .data               gpio.o
    0x20000029   COMPRESSED   0x00000003   PAD
    0x2000002c   COMPRESSED   0x0000000c   Data   RW         1544    .data               freertos.o
    0x20000038   COMPRESSED   0x00000001   Data   RW         1793    .data               usart.o
    0x20000039   COMPRESSED   0x00000001   Data   RW         1794    .data               usart.o
    0x2000003a   COMPRESSED   0x00000002   PAD
    0x2000003c   COMPRESSED   0x00000004   Data   RW         1871    .data               stm32f1xx_it.o
    0x20000040   COMPRESSED   0x000000ac   Data   RW         2057    .data               mb.o
    0x200000ec   COMPRESSED   0x00000010   Data   RW         2144    .data               mbascii.o
    0x200000fc   COMPRESSED   0x00000002   Data   RW         2309    .data               mbfuncother.o
    0x200000fe   COMPRESSED   0x00000002   PAD
    0x20000100   COMPRESSED   0x0000000c   Data   RW         2336    .data               mbrtu.o
    0x2000010c   COMPRESSED   0x00000014   Data   RW         2426    .data               port.o
    0x20000120   COMPRESSED   0x00000002   Data   RW         2474    .data               portevent.o
    0x20000122   COMPRESSED   0x00000001   Data   RW         3521    .data               testslave.o
    0x20000123   COMPRESSED   0x00000001   PAD
    0x20000124   COMPRESSED   0x00000004   Data   RW         3522    .data               testslave.o
    0x20000128   COMPRESSED   0x0000000c   Data   RW         3523    .data               testslave.o
    0x20000134   COMPRESSED   0x00000001   Data   RW         3524    .data               testslave.o
    0x20000135   COMPRESSED   0x00000003   PAD
    0x20000138   COMPRESSED   0x0000000c   Data   RW         3525    .data               testslave.o
    0x20000144   COMPRESSED   0x00000001   Data   RW         3526    .data               testslave.o
    0x20000145   COMPRESSED   0x00000003   PAD
    0x20000148   COMPRESSED   0x00000004   Data   RW         3527    .data               testslave.o
    0x2000014c   COMPRESSED   0x00000004   Data   RW         3530    .data               testslave.o
    0x20000150   COMPRESSED   0x00000004   Data   RW         3531    .data               testslave.o
    0x20000154   COMPRESSED   0x00000002   Data   RW         3532    .data               testslave.o
    0x20000156   COMPRESSED   0x00000001   Data   RW         3533    .data               testslave.o
    0x20000157   COMPRESSED   0x00000001   PAD
    0x20000158   COMPRESSED   0x00000004   Data   RW         3534    .data               testslave.o
    0x2000015c   COMPRESSED   0x00000001   Data   RW         3535    .data               testslave.o
    0x2000015d   COMPRESSED   0x00000003   PAD
    0x20000160   COMPRESSED   0x00000004   Data   RW         3536    .data               testslave.o
    0x20000164   COMPRESSED   0x00000002   Data   RW         3537    .data               testslave.o
    0x20000166   COMPRESSED   0x00000001   Data   RW         3538    .data               testslave.o
    0x20000167   COMPRESSED   0x00000001   PAD
    0x20000168   COMPRESSED   0x00000004   Data   RW         3539    .data               testslave.o
    0x2000016c   COMPRESSED   0x00000004   Data   RW         3540    .data               testslave.o
    0x20000170   COMPRESSED   0x00000004   Data   RW         3541    .data               testslave.o
    0x20000174   COMPRESSED   0x00000004   Data   RW         3542    .data               testslave.o
    0x20000178   COMPRESSED   0x0000003c   Data   RW         3543    .data               testslave.o
    0x200001b4   COMPRESSED   0x00000001   Data   RW         3544    .data               testslave.o
    0x200001b5   COMPRESSED   0x00000003   PAD
    0x200001b8   COMPRESSED   0x00000004   Data   RW         3545    .data               testslave.o
    0x200001bc   COMPRESSED   0x00000004   Data   RW         3546    .data               testslave.o
    0x200001c0   COMPRESSED   0x00000024   Data   RW         3547    .data               testslave.o
    0x200001e4   COMPRESSED   0x00000001   Data   RW         3548    .data               testslave.o
    0x200001e5   COMPRESSED   0x00000003   PAD
    0x200001e8   COMPRESSED   0x00000004   Data   RW         3549    .data               testslave.o
    0x200001ec   COMPRESSED   0x00000001   Data   RW         3550    .data               testslave.o
    0x200001ed   COMPRESSED   0x00000001   PAD
    0x200001ee   COMPRESSED   0x00000002   Data   RW         3551    .data               testslave.o
    0x200001f0   COMPRESSED   0x00000001   Data   RW         3552    .data               testslave.o
    0x200001f1   COMPRESSED   0x00000001   PAD
    0x200001f2   COMPRESSED   0x00000002   Data   RW         3553    .data               testslave.o
    0x200001f4   COMPRESSED   0x00000001   Data   RW         3554    .data               testslave.o
    0x200001f5   COMPRESSED   0x00000003   PAD
    0x200001f8   COMPRESSED   0x00000054   Data   RW         3555    .data               testslave.o
    0x2000024c   COMPRESSED   0x00000001   Data   RW         3556    .data               testslave.o
    0x2000024d   COMPRESSED   0x00000003   PAD
    0x20000250   COMPRESSED   0x00000004   Data   RW         3557    .data               testslave.o
    0x20000254   COMPRESSED   0x00000001   Data   RW         3558    .data               testslave.o
    0x20000255   COMPRESSED   0x00000001   PAD
    0x20000256   COMPRESSED   0x00000002   Data   RW         3559    .data               testslave.o
    0x20000258   COMPRESSED   0x00000001   Data   RW         3560    .data               testslave.o
    0x20000259   COMPRESSED   0x00000001   PAD
    0x2000025a   COMPRESSED   0x00000002   Data   RW         3561    .data               testslave.o
    0x2000025c   COMPRESSED   0x00000001   Data   RW         3562    .data               testslave.o
    0x2000025d   COMPRESSED   0x00000003   PAD
    0x20000260   COMPRESSED   0x00000054   Data   RW         3563    .data               testslave.o
    0x200002b4   COMPRESSED   0x00000001   Data   RW         3564    .data               testslave.o
    0x200002b5   COMPRESSED   0x00000003   PAD
    0x200002b8   COMPRESSED   0x00000004   Data   RW         3565    .data               testslave.o
    0x200002bc   COMPRESSED   0x00000001   Data   RW         3566    .data               testslave.o
    0x200002bd   COMPRESSED   0x00000001   PAD
    0x200002be   COMPRESSED   0x00000002   Data   RW         3567    .data               testslave.o
    0x200002c0   COMPRESSED   0x00000001   Data   RW         3568    .data               testslave.o
    0x200002c1   COMPRESSED   0x00000001   PAD
    0x200002c2   COMPRESSED   0x00000002   Data   RW         3569    .data               testslave.o
    0x200002c4   COMPRESSED   0x00000001   Data   RW         3570    .data               testslave.o
    0x200002c5   COMPRESSED   0x00000003   PAD
    0x200002c8   COMPRESSED   0x00000054   Data   RW         3571    .data               testslave.o
    0x2000031c   COMPRESSED   0x00000001   Data   RW         3572    .data               testslave.o
    0x2000031d   COMPRESSED   0x00000003   PAD
    0x20000320   COMPRESSED   0x00000004   Data   RW         3573    .data               testslave.o
    0x20000324   COMPRESSED   0x00000001   Data   RW         3574    .data               testslave.o
    0x20000325   COMPRESSED   0x00000001   PAD
    0x20000326   COMPRESSED   0x00000002   Data   RW         3575    .data               testslave.o
    0x20000328   COMPRESSED   0x00000001   Data   RW         3576    .data               testslave.o
    0x20000329   COMPRESSED   0x00000001   PAD
    0x2000032a   COMPRESSED   0x00000002   Data   RW         3577    .data               testslave.o
    0x2000032c   COMPRESSED   0x00000001   Data   RW         3578    .data               testslave.o
    0x2000032d   COMPRESSED   0x00000003   PAD
    0x20000330   COMPRESSED   0x00000054   Data   RW         3579    .data               testslave.o
    0x20000384   COMPRESSED   0x00000001   Data   RW         3580    .data               testslave.o
    0x20000385   COMPRESSED   0x00000003   PAD
    0x20000388   COMPRESSED   0x0000006c   Data   RW         3581    .data               testslave.o
    0x200003f4   COMPRESSED   0x00000001   Data   RW         3582    .data               testslave.o
    0x200003f5   COMPRESSED   0x00000003   PAD
    0x200003f8   COMPRESSED   0x0000006c   Data   RW         3583    .data               testslave.o
    0x20000464   COMPRESSED   0x00000001   Data   RW         3584    .data               testslave.o
    0x20000465   COMPRESSED   0x00000003   PAD
    0x20000468   COMPRESSED   0x0000006c   Data   RW         3585    .data               testslave.o
    0x200004d4   COMPRESSED   0x00000001   Data   RW         3586    .data               testslave.o
    0x200004d5   COMPRESSED   0x00000003   PAD
    0x200004d8   COMPRESSED   0x0000006c   Data   RW         3587    .data               testslave.o
    0x20000544   COMPRESSED   0x00000001   Data   RW         3588    .data               testslave.o
    0x20000545   COMPRESSED   0x00000003   PAD
    0x20000548   COMPRESSED   0x00000004   Data   RW         3589    .data               testslave.o
    0x2000054c   COMPRESSED   0x00000001   Data   RW         3590    .data               testslave.o
    0x2000054d   COMPRESSED   0x00000001   PAD
    0x2000054e   COMPRESSED   0x00000002   Data   RW         3591    .data               testslave.o
    0x20000550   COMPRESSED   0x00000001   Data   RW         3592    .data               testslave.o
    0x20000551   COMPRESSED   0x00000001   PAD
    0x20000552   COMPRESSED   0x00000002   Data   RW         3593    .data               testslave.o
    0x20000554   COMPRESSED   0x00000001   Data   RW         3594    .data               testslave.o
    0x20000555   COMPRESSED   0x00000003   PAD
    0x20000558   COMPRESSED   0x00000054   Data   RW         3595    .data               testslave.o
    0x200005ac   COMPRESSED   0x00000001   Data   RW         3596    .data               testslave.o
    0x200005ad   COMPRESSED   0x00000003   PAD
    0x200005b0   COMPRESSED   0x00000004   Data   RW         3597    .data               testslave.o
    0x200005b4   COMPRESSED   0x00000001   Data   RW         3598    .data               testslave.o
    0x200005b5   COMPRESSED   0x00000001   PAD
    0x200005b6   COMPRESSED   0x00000002   Data   RW         3599    .data               testslave.o
    0x200005b8   COMPRESSED   0x00000001   Data   RW         3600    .data               testslave.o
    0x200005b9   COMPRESSED   0x00000001   PAD
    0x200005ba   COMPRESSED   0x00000002   Data   RW         3601    .data               testslave.o
    0x200005bc   COMPRESSED   0x00000001   Data   RW         3602    .data               testslave.o
    0x200005bd   COMPRESSED   0x00000003   PAD
    0x200005c0   COMPRESSED   0x00000054   Data   RW         3603    .data               testslave.o
    0x20000614   COMPRESSED   0x00000001   Data   RW         3604    .data               testslave.o
    0x20000615   COMPRESSED   0x00000003   PAD
    0x20000618   COMPRESSED   0x00000004   Data   RW         3605    .data               testslave.o
    0x2000061c   COMPRESSED   0x00000001   Data   RW         3606    .data               testslave.o
    0x2000061d   COMPRESSED   0x00000001   PAD
    0x2000061e   COMPRESSED   0x00000002   Data   RW         3607    .data               testslave.o
    0x20000620   COMPRESSED   0x00000001   Data   RW         3608    .data               testslave.o
    0x20000621   COMPRESSED   0x00000001   PAD
    0x20000622   COMPRESSED   0x00000002   Data   RW         3609    .data               testslave.o
    0x20000624   COMPRESSED   0x00000001   Data   RW         3610    .data               testslave.o
    0x20000625   COMPRESSED   0x00000003   PAD
    0x20000628   COMPRESSED   0x00000054   Data   RW         3611    .data               testslave.o
    0x2000067c   COMPRESSED   0x00000001   Data   RW         3612    .data               testslave.o
    0x2000067d   COMPRESSED   0x00000003   PAD
    0x20000680   COMPRESSED   0x00000004   Data   RW         3613    .data               testslave.o
    0x20000684   COMPRESSED   0x00000001   Data   RW         3614    .data               testslave.o
    0x20000685   COMPRESSED   0x00000001   PAD
    0x20000686   COMPRESSED   0x00000002   Data   RW         3615    .data               testslave.o
    0x20000688   COMPRESSED   0x00000001   Data   RW         3616    .data               testslave.o
    0x20000689   COMPRESSED   0x00000001   PAD
    0x2000068a   COMPRESSED   0x00000002   Data   RW         3617    .data               testslave.o
    0x2000068c   COMPRESSED   0x00000001   Data   RW         3618    .data               testslave.o
    0x2000068d   COMPRESSED   0x00000003   PAD
    0x20000690   COMPRESSED   0x00000054   Data   RW         3619    .data               testslave.o
    0x200006e4   COMPRESSED   0x00000001   Data   RW         3620    .data               testslave.o
    0x200006e5   COMPRESSED   0x00000003   PAD
    0x200006e8   COMPRESSED   0x0000006c   Data   RW         3621    .data               testslave.o
    0x20000754   COMPRESSED   0x00000001   Data   RW         3622    .data               testslave.o
    0x20000755   COMPRESSED   0x00000003   PAD
    0x20000758   COMPRESSED   0x0000006c   Data   RW         3623    .data               testslave.o
    0x200007c4   COMPRESSED   0x00000001   Data   RW         3624    .data               testslave.o
    0x200007c5   COMPRESSED   0x00000003   PAD
    0x200007c8   COMPRESSED   0x0000006c   Data   RW         3625    .data               testslave.o
    0x20000834   COMPRESSED   0x00000001   Data   RW         3626    .data               testslave.o
    0x20000835   COMPRESSED   0x00000003   PAD
    0x20000838   COMPRESSED   0x0000006c   Data   RW         3627    .data               testslave.o
    0x200008a4   COMPRESSED   0x00000001   Data   RW         3628    .data               testslave.o
    0x200008a5   COMPRESSED   0x00000003   PAD
    0x200008a8   COMPRESSED   0x0000002c   Data   RW         3629    .data               testslave.o
    0x200008d4   COMPRESSED   0x00000084   Data   RW         3630    .data               testslave.o
    0x20000958   COMPRESSED   0x00000048   Data   RW         3631    .data               testslave.o
    0x200009a0   COMPRESSED   0x0000023c   Data   RW         3632    .data               testslave.o
    0x20000bdc   COMPRESSED   0x00000002   Data   RW         3633    .data               testslave.o
    0x20000bde   COMPRESSED   0x00000002   PAD
    0x20000be0   COMPRESSED   0x00000008   Data   RW         3676    .data               timer.o
    0x20000be8   COMPRESSED   0x0000000c   Data   RW         5059    .data               stm32f1xx_hal.o
    0x20000bf4   COMPRESSED   0x00000004   Data   RW         7049    .data               system_stm32f1xx.o
    0x20000bf8   COMPRESSED   0x0000003c   Data   RW         7598    .data               tasks.o
    0x20000c34   COMPRESSED   0x00000020   Data   RW         8263    .data               heap_4.o
    0x20000c54   COMPRESSED   0x0000000c   Data   RW         8331    .data               port_1.o
    0x20000c60   COMPRESSED   0x00000004   Data   RW         8770    .data               mc_w.l(stdout.o)
    0x20000c64   COMPRESSED   0x00000004   Data   RW         8779    .data               mc_w.l(mvars.o)
    0x20000c68   COMPRESSED   0x00000004   Data   RW         8780    .data               mc_w.l(mvars.o)
    0x20000c6c        -       0x00000028   Zero   RW          813    .bss                f1can.o
    0x20000c94        -       0x00000108   Zero   RW          859    .bss                fifo.o
    0x20000d9c        -       0x000001a0   Zero   RW         1116    .bss                mqtt.o
    0x20000f3c        -       0x00000120   Zero   RW         1280    .bss                wifi4g.o
    0x2000105c        -       0x00000254   Zero   RW         1541    .bss                freertos.o
    0x200012b0        -       0x00000030   Zero   RW         1605    .bss                adc.o
    0x200012e0        -       0x00000054   Zero   RW         1691    .bss                i2c.o
    0x20001334        -       0x000000d8   Zero   RW         1735    .bss                tim.o
    0x2000140c        -       0x00000100   Zero   RW         1790    .bss                usart.o
    0x2000150c        -       0x00000100   Zero   RW         1791    .bss                usart.o
    0x2000160c        -       0x00000160   Zero   RW         1792    .bss                usart.o
    0x2000176c        -       0x00000048   Zero   RW         2018    .bss                stm32f1xx_hal_timebase_tim.o
    0x200017b4        -       0x00000020   Zero   RW         2308    .bss                mbfuncother.o
    0x200017d4        -       0x00000100   Zero   RW         2335    .bss                mbrtu.o
    0x200018d4        -       0x00000028   Zero   RW         2425    .bss                port.o
    0x200018fc        -       0x00000034   Zero   RW         2598    .bss                canfestival.o
    0x20001930        -       0x00000020   Zero   RW         3497    .bss                testslave.o
    0x20001950        -       0x00000020   Zero   RW         3498    .bss                testslave.o
    0x20001970        -       0x00000020   Zero   RW         3499    .bss                testslave.o
    0x20001990        -       0x00000020   Zero   RW         3500    .bss                testslave.o
    0x200019b0        -       0x00000070   Zero   RW         3501    .bss                testslave.o
    0x20001a20        -       0x00000020   Zero   RW         3502    .bss                testslave.o
    0x20001a40        -       0x00000020   Zero   RW         3503    .bss                testslave.o
    0x20001a60        -       0x00000020   Zero   RW         3504    .bss                testslave.o
    0x20001a80        -       0x00000020   Zero   RW         3505    .bss                testslave.o
    0x20001aa0        -       0x000000c0   Zero   RW         3675    .bss                timer.o
    0x20001b60        -       0x000000f0   Zero   RW         7597    .bss                tasks.o
    0x20001c50        -       0x00000c00   Zero   RW         8262    .bss                heap_4.o
    0x20002850        -       0x00000200   Zero   RW            2    HEAP                startup_stm32f103xb.o
    0x20002a50        -       0x00000400   Zero   RW            1    STACK               startup_stm32f103xb.o


==============================================================================

Image component sizes


      Code (inc. data)   RO Data    RW Data    ZI Data      Debug   Object Name

       468         64          0          0         48       2707   adc.o
       448         50          0          8          0     469606   aht20.o
       244         24          0          0         52       3913   canfestival.o
      2114         62          0         20          0      19372   cjson.o
       120          0          0          0          0      23661   cmsis_os.o
        60          4          0          0          0        858   dma.o
       110          6          0          0          0       3036   emcy.o
         0          0          0          0          0      15656   event_groups.o
       192         20          0          0         40       2371   f1can.o
       214         16          0          0        264       4386   fifo.o
       204         26        107         12        596       3945   freertos.o
       384         36          0          1          0       3062   gpio.o
       472         24          0         32       3072       7643   heap_4.o
       156         26          0          0         84       1873   i2c.o
       372         60          0          0          0       4338   ina226.o
       858         24          0          0          0      10816   lifegrd.o
       138          0          0          0          0       3666   list.o
       452        100          0          4          0      35420   main.o
       484         78          0        172          0      10196   mb.o
       738         38          0         16          0       9008   mbascii.o
        44          4        512          0          0       1328   mbcrc.o
       300          0          0          0          0       3750   mbfunccoils.o
       114          0          0          0          0       1560   mbfuncdisc.o
       378          0          0          0          0       5179   mbfuncholding.o
        98          0          0          0          0       1559   mbfuncinput.o
        36         10          0          2         32       1419   mbfuncother.o
       534         48          0         12        256       6503   mbrtu.o
        24          0          0          0          0        640   mbutils.o
       312         50          0          3          0      15736   modbus.o
      1268        528          0          1        416       6578   mqtt.o
        72          0          0          0          0       1808   nmtmaster.o
       192          0          0          0          0       1514   nmtslave.o
       504         28          0          0          0       5386   objacces.o
       568         16       2072          0          0       5350   oled.o
      1896         14          0          0          0      12130   pdo.o
       468         26          0         20         40       4509   port.o
       578         60          0         12          0      10764   port_1.o
        60         14          0          2          0       2300   portevent.o
       260         40          0          0          0       3608   portserial.o
       208         26          0          0          0       2771   porttimer.o
      5754         64          0          0          0      18395   sdo.o
        36          8        236          0       1536        848   startup_stm32f103xb.o
       856         26         64          0          0       7378   states.o
       100         18          0         12          0       5570   stm32f1xx_hal.o
      1260         54          0          0          0       6896   stm32f1xx_hal_adc.o
       216          6          0          0          0       1526   stm32f1xx_hal_adc_ex.o
      1608          0          0          0          0      14615   stm32f1xx_hal_can.o
       158         14          0          0          0      28410   stm32f1xx_hal_cortex.o
       808         36          0          0          0       5310   stm32f1xx_hal_dma.o
       514         40          0          0          0       3663   stm32f1xx_hal_gpio.o
      3666         94          0          0          0      18397   stm32f1xx_hal_i2c.o
        72         10          0          0          0        962   stm32f1xx_hal_msp.o
      1304         94         18          0          0       6061   stm32f1xx_hal_rcc.o
       400         28         18          0          0       2609   stm32f1xx_hal_rcc_ex.o
       974         24          0          0          0      11109   stm32f1xx_hal_tim.o
       108         12          0          0          0       2585   stm32f1xx_hal_tim_ex.o
       140         22          0          0         72       1563   stm32f1xx_hal_timebase_tim.o
      2022         24          0          0          0      15177   stm32f1xx_hal_uart.o
      1042        324          0          4          0      11779   stm32f1xx_it.o
       248          8          0          0          0       5476   sync.o
         2          0         24          4          0       1251   system_stm32f1xx.o
      1520        112          0         60        240      19866   tasks.o
       360         32        195       2642        368      13545   testslave.o
       448         40          0          0        216       3304   tim.o
       340         26          0          8        192      14666   timer.o
       612         62          0          2        864       4256   usart.o
       196         44          0          2        288       2420   wifi4g.o

    ----------------------------------------------------------------------
     40982       2744       3282       3168       8676     957562   Object Totals
         0          0         32          0          0          0   (incl. Generated)
        76          0          4        117          0          0   (incl. Padding)

    ----------------------------------------------------------------------

      Code (inc. data)   RO Data    RW Data    ZI Data      Debug   Library Member Name

        28          0          0          0          0         80   strtod.o
        86          0          0          0          0          0   __dczerorl2.o
        64          0          0          0          0         84   _sgetc.o
        40          6         64          0          0         68   ctype_c.o
         0          0          0          0          0          0   entry.o
         0          0          0          0          0          0   entry10a.o
         0          0          0          0          0          0   entry11a.o
         8          4          0          0          0          0   entry2.o
         4          0          0          0          0          0   entry5.o
         0          0          0          0          0          0   entry7b.o
         0          0          0          0          0          0   entry8b.o
         8          4          0          0          0          0   entry9a.o
        30          0          0          0          0          0   handlers.o
        36          8          0          0          0         68   init.o
        10          0          0          0          0         68   isspace_c.o
         0          0          0          0          0          0   iusefp.o
        30          0          0          0          0         68   llshl.o
        36          0          0          0          0         68   llsshr.o
        32          0          0          0          0         68   llushr.o
       360         30          0          0          0        356   mallocr.o
        26          0          0          0          0         80   memcmp.o
        36          0          0          0          0         68   memcpya.o
        36          0          0          0          0        108   memseta.o
         0          0          0          8          0          0   mvars.o
      2308         96          0          0          0        604   printfa.o
       878         12          0          0          0        216   scanf_fp.o
         0          0          0          4          0          0   stdout.o
        28          0          0          0          0         76   strcmp.o
        18          0          0          0          0         68   strcpy.o
        14          0          0          0          0         68   strlen.o
        30          0          0          0          0         80   strncmp.o
        36          0          0          0          0         80   strstr.o
       156         12          0          0          0        120   strtod.o
        12          0          0          0          0         68   tolower.o
        44          0          0          0          0         80   uidiv.o
        98          0          0          0          0         92   uldiv.o
        48          0          0          0          0         68   cdcmple.o
        48          0          0          0          0         68   cdrcmple.o
        56          0          0          0          0         88   d2f.o
       334          0          0          0          0        148   dadd.o
       222          0          0          0          0        100   ddiv.o
       186          0          0          0          0        176   depilogue.o
        62          0          0          0          0         80   dfixi.o
        48          0          0          0          0         68   dfixul.o
        26          0          0          0          0         76   dfltui.o
        24          0          0          0          0         76   dfltul.o
       228          0          0          0          0         96   dmul.o
        46          0          0          0          0         80   dscalb.o
       124          0          0          0          0         88   fdiv.o
       110          0          0          0          0        168   fepilogue.o
        40          0          0          0          0         68   ffixui.o
        10          0          0          0          0         68   ffltui.o
       100          0          0          0          0         76   fmul.o

    ----------------------------------------------------------------------
      6210        172         66         12          0       4328   Library Totals
         6          0          2          0          0          0   (incl. Padding)

    ----------------------------------------------------------------------

      Code (inc. data)   RO Data    RW Data    ZI Data      Debug   Library Name

        28          0          0          0          0         80   m_ws.l
      4464        172         64         12          0       2656   mc_w.l
      1712          0          0          0          0       1592   mf_w.l

    ----------------------------------------------------------------------
      6210        172         66         12          0       4328   Library Totals

    ----------------------------------------------------------------------

==============================================================================


      Code (inc. data)   RO Data    RW Data    ZI Data      Debug   

     47192       2916       3348       3180       8676     940230   Grand Totals
     47192       2916       3348        856       8676     940230   ELF Image Totals (compressed)
     47192       2916       3348        856          0          0   ROM Totals

==============================================================================

    Total RO  Size (Code + RO Data)                50540 (  49.36kB)
    Total RW  Size (RW Data + ZI Data)             11856 (  11.58kB)
    Total ROM Size (Code + RO Data + RW Data)      51396 (  50.19kB)

==============================================================================

