<html>
<body>
<pre>
<h1>µVision Build Log</h1>
<h2>Tool Versions:</h2>
IDE-Version: ¦ÌVision V5.32.0.0
Copyright (C) 2020 ARM Ltd and ARM Germany GmbH. All rights reserved.
License Information:  ,  , LIC=GMZI6-DWUQ8-UHE8H-WCMBE-YLS2C-CJCJ1
 
Tool Versions:
Toolchain:       MDK-ARM Plus  Version: 5.32.0.0
Toolchain Path:  D:\Software\Keil_v5\ARM\ARMCC\Bin
C Compiler:      Armcc.exe V5.06 update 7 (build 960)
Assembler:       Armasm.exe V5.06 update 7 (build 960)
Linker/Locator:  ArmLink.exe V5.06 update 7 (build 960)
Library Manager: ArmAr.exe V5.06 update 7 (build 960)
Hex Converter:   FromElf.exe V5.06 update 7 (build 960)
CPU DLL:         SARMCM3.DLL V5.32.0.0
Dialog DLL:      DCM.DLL V1.17.3.0
Target DLL:      STLink\ST-LINKIII-KEIL_SWO.dll V3.0.8.0
Dialog DLL:      TCM.DLL V1.46.0.0
 
<h2>Project:</h2>
E:\YShengli\02-Notes\emb2507\05-ota\07-canopen-freertos\MDK-ARM\07-canopen-freertos.uvprojx
Project File Date:  09/26/2025

<h2>Output:</h2>
*** Using Compiler 'V5.06 update 7 (build 960)', folder: 'D:\Software\Keil_v5\ARM\ARMCC\Bin'
Rebuild target '07-canopen-freertos'
Note: source file '../Middlewares/Third_Party/FreeRTOS/Source/portable/RVDS/ARM_CM3/port.c' - object file renamed from '07-canopen-freertos\port.o' to '07-canopen-freertos\port_1.o'.
assembling startup_stm32f103xb.s...
compiling mbcrc.c...
compiling mbascii.c...
compiling mbfuncdiag.c...
compiling fifo.c...
compiling mbfunccoils.c...
compiling mb.c...
compiling mbfuncdisc.c...
compiling cJSON.c...
compiling mbfuncinput.c...
compiling mbfuncholding.c...
compiling mbfuncother.c...
compiling mbrtu.c...
compiling mbtcp.c...
compiling mbutils.c...
compiling portevent.c...
compiling wifi4g.c...
compiling tim.c...
compiling oled.c...
compiling f1can.c...
compiling aht20.c...
compiling mqtt.c...
compiling dma.c...
compiling stm32f1xx_hal_timebase_tim.c...
compiling adc.c...
compiling stm32f1xx_it.c...
compiling stm32f1xx_hal_msp.c...
compiling ina226.c...
compiling i2c.c...
compiling usart.c...
compiling gpio.c...
compiling modbus.c...
compiling main.c...
compiling freertos.c...
compiling port.c...
compiling portserial.c...
compiling porttimer.c...
compiling canfestival.c...
compiling dcf.c...
compiling emcy.c...
compiling lifegrd.c...
compiling lss.c...
compiling nmtSlave.c...
compiling stm32f1xx_hal_gpio_ex.c...
compiling nmtMaster.c...
compiling objacces.c...
compiling sync.c...
compiling timer.c...
compiling stm32f1xx_hal.c...
compiling states.c...
compiling TestSlave.c...
compiling pdo.c...
compiling stm32f1xx_hal_adc_ex.c...
compiling stm32f1xx_hal_adc.c...
compiling croutine.c...
compiling stm32f1xx_hal_gpio.c...
compiling stm32f1xx_hal_rcc.c...
compiling stm32f1xx_hal_rcc_ex.c...
compiling stm32f1xx_hal_tim_ex.c...
compiling list.c...
compiling stm32f1xx_hal_cortex.c...
compiling stm32f1xx_hal_pwr.c...
compiling stm32f1xx_hal_dma.c...
compiling stm32f1xx_hal_flash.c...
compiling stream_buffer.c...
compiling queue.c...
compiling sdo.c...
compiling heap_4.c...
compiling port.c...
compiling stm32f1xx_hal_tim.c...
compiling stm32f1xx_hal_exti.c...
compiling stm32f1xx_hal_flash_ex.c...
compiling system_stm32f1xx.c...
compiling stm32f1xx_hal_can.c...
compiling stm32f1xx_hal_uart.c...
compiling event_groups.c...
compiling timers.c...
compiling stm32f1xx_hal_i2c.c...
compiling cmsis_os.c...
compiling tasks.c...
linking...
Program Size: Code=47216 RO-data=3348 RW-data=3180 ZI-data=8676  
FromELF: creating hex file...
After Build - User command #2: fromelf --bin -o "07-canopen-freertos\07-canopen-freertos.bin" "07-canopen-freertos\07-canopen-freertos.axf
"07-canopen-freertos\07-canopen-freertos.axf" - 0 Error(s), 0 Warning(s).

<h2>Software Packages used:</h2>

Package Vendor: ARM
                http://www.keil.com/pack/ARM.CMSIS.5.7.0.pack
                ARM.CMSIS.5.7.0
                CMSIS (Cortex Microcontroller Software Interface Standard)
   * Component: CORE Version: 5.4.0

Package Vendor: Keil
                http://www.keil.com/pack/Keil.STM32F1xx_DFP.2.3.0.pack
                Keil.STM32F1xx_DFP.2.3.0
                STMicroelectronics STM32F1 Series Device Support, Drivers and Examples

<h2>Collection of Component include folders:</h2>
  .\RTE\_07-canopen-freertos
  C:\Users\shengli\AppData\Local\Arm\Packs\ARM\CMSIS\5.7.0\CMSIS\Core\Include
  C:\Users\shengli\AppData\Local\Arm\Packs\Keil\STM32F1xx_DFP\2.3.0\Device\Include

<h2>Collection of Component Files used:</h2>

   * Component: ARM::CMSIS:CORE:5.4.0
      Include file:  CMSIS\Core\Include\tz_context.h
Build Time Elapsed:  00:00:04
</pre>
</body>
</html>
